 => CP32 OS kernel booting              ...

start()                                 ...
checking initialized memory             ...
.data sentinel: 0xC032DA7A (expected 0xC032DA7A)
.bss sentinel:  0x00000000 (expected 0x00000000)
checking exception vectors              ...
vector start:  0x40370000
vector end:    0x40370400
vector word 0: 0x000F6206
vector word 6: 0x000F0306
checking call0 stack                    ...
stack bottom:  0x3FCD39F0
stack pointer: 0x3FCDB9D0
stack top:     0x3FCDB9F0
stack align:   0 (expected 0)
initialize memory                       ...
setup boot parameters to kernel memory  ...
exiting start()                         ...

main() started                          ...
init process table                      ...
init stack                              ...
init TASKS                              ...
systemer irq start                      ...
[FEATURE APP-REDIRECT 108]1
[KBD probe=1]
[MM probe alloc=1 release=1 deny=1 zero=1 huge=1 adjacent=1 merge=1 owned=1 clear=1]
[KBD init=1 stale=0 int=0 status=1 fifo=0]
[RAMDISK capacity=65536]
[LCD clear-done]
[TTY user-ready nr=1 pc=0x4037B450 sp=0x3FCE59F0 flags=0]
[BOOT SYSTIMER V44 conf=0xC7000000 target=0x00000000 ena=0x00000001 raw=0x00000000]
[TEST SCHEDULER 2]
[CORE readyq=1]
[CORE heldq=1]
[CORE blockedowner=1]
[CORE blockedframe=1]
[CORE runtime=1]
[CORE maps=1]
[CORE flags=1]
[CORE contexts=1]
[CORE owners=1]
[CORE ipcstate=1]
[CORE ipcqueue=1]
[CORE ipclinks=1]
[CORE proctab=1]
[CORE tasks=1]
[CORE systask=1]
[TEST APP-REDIRECT 108]

STABLE idle-entry                       ...
[SCHED return-state owner=4294967287 flags=0 selected=4294967287 fs=4294967295]
[RFE publish target=4294967287 current=4294967287 seq=1]
[RFE target=4294967287 current=4294967287 seq=1 pc=0x40380E38 ps=0x00000100]
[SYSTIMER V44 n=1 before now=0x00000000:0x092C05A9 target=0x00000000:0x092C048B conf=0xC7000000 raw=0x00000001 st=0x00000001]
[SYSTIMER V44 n=1 after now=0x00000000:0x092C07AE target=0x00000000:0x09301862 conf=0xC7000000 raw=0x00000000 st=0x00000000]
[SYSTIMER V44 return deadline=0x00000000:0x09301862 ena=0x00000001 ien=0x00000004 pending=0x00000000 ps=0x00060530 pc=0x40380E38 sp=0x3FCD89F0 psout=0x00000100 frame=1]
[IRQ V68 count=1 nest=1 owner=4294967289 selected=4294967287 handoff=1 gates=1 unknown=0 clock-msgs=0]
[IPC count=1 op=2 src=132]
[IPC V44 op=2 n=1 owner=4294967287 blocked=1 next=0 frame=1]
[MM_TASK]
[SCHED fs-selected pc=0x4037B450 sp=0x3FCE59F0 nest=0]
[TTY user-entry]
[IPC blocked-resume=1 owner=4294967287 result=0]
[IPC V44 op=3 n=1 owner=1 blocked=1 next=4294967293 frame=1]
[CLOCK_TASK]
[IPC V44 op=1 n=1 owner=4294967287 blocked=0 next=4294967287 frame=1]
[SYSTIMER V44 n=2 before now=0x00000000:0x09301980 target=0x00000000:0x09301862 conf=0xC7000000 raw=0x00000001 st=0x00000001]
[SYSTIMER V44 n=2 after now=0x00000000:0x09301B86 target=0x00000000:0x09342C39 conf=0xC7000000 raw=0x00000000 st=0x00000000]
[SYSTIMER V44 return deadline=0x00000000:0x09342C39 ena=0x00000001 ien=0x00000004 pending=0x00000000 ps=0x00060530 pc=0x40373FEB sp=0x3FCD8990 psout=0x00000100 frame=1]
[CLOCK V44 received=1 type=2 source=4294967295 tick=6 owner=4294967293 resumed=1]
[CLOCK V44 received=2 type=2 source=4294967295 tick=12 owner=4294967293 resumed=1]
[CTX kernel-running ticks=1345 heartbeat=1]
[TTY READ V46 reply=23 n=1]
[TTY line=run /boot/cat , readme]
[RAM V49 op=3 result=1024 n=1]
[RAM V49 op=3 result=1024 n=2]
[RAM V49 op=3 result=1024 n=3]
[RAM V49 op=3 result=1024 n=4]
[RAM V49 op=3 result=1024 n=5]
[RAM V49 op=3 result=1024 n=6]
[RAM V49 op=3 result=1024 n=7]
[RAM V49 op=3 result=1024 n=8]
Usage: run /boot/cat
Application exit=2
[TTY WRITE V48 bytes=44 ticks=49]
[SCHED fs-publish flags=0 pc=0x40373FEB sp=0x3FCE5900 owner=1]
[IRQ return-frame=1 owner=1]
[CTX V44 FS-RETURN n=1 tick=2032 pc=0x40373FEB sp=0x3FCE5900 a0=0x403722BD a15=0x3FCE5900 sar=0x00000018 lcount=0x00000000 frame=1]
[CTX kernel-running ticks=2768 heartbeat=2]
[CTX kernel-running ticks=4132 heartbeat=3]
[IPC V44 op=2 n=5000 owner=4294967287 blocked=1 next=4294967289 frame=1]
[RFE target=4294967287 current=4294967287 seq=5788 pc=0x40373FEB ps=0x00000110]
[SYSTIMER V44 n=5000 before now=0x00000000:0x58BA18E5 target=0x00000000:0x58BA17BC conf=0xC7000000 raw=0x00000001 st=0x00000001]
[SYSTIMER V44 n=5000 after now=0x00000000:0x58BA1AF6 target=0x00000000:0x58BE2B9E conf=0xC7000000 raw=0x00000000 st=0x00000000]
[SYSTIMER V44 return deadline=0x00000000:0x58BE2B9E ena=0x00000001 ien=0x00000004 pending=0x00000000 ps=0x00060530 pc=0x40373FEB sp=0x3FCD8990 psout=0x00000100 frame=1]
[IRQ V68 count=5000 nest=1 owner=4294967289 selected=4294967287 handoff=1 gates=1 unknown=0 clock-msgs=827]
[CTX kernel-running ticks=5502 heartbeat=4]
[TTY line=run /boot/cat < readme]
[CTX V44 FS-RETURN n=2 tick=6746 pc=0x40373FEB sp=0x3FCE53C0 a0=0x403722BD a15=0x3FCE53C0 sar=0x00000020 lcount=0x00000000 frame=1]
CP32 MINIX V2 RAM filesystem.
Read-only filesystem bring-up.
[TTY WRITE V48 bytes=63 ticks=177]
Application exit=0
[TTY WRITE V48 bytes=22 ticks=190]
[CTX kernel-running ticks=7255 heartbeat=5]
[CTX kernel-running ticks=8879 heartbeat=6]
[IPC V44 op=2 n=10000 owner=4294967287 blocked=1 next=4294967293 frame=1]
[TTY line=run /boot/cat < boot/readme]
CP32 MINIX V2 RAM filesystem.
Read-only filesystem bring-up.
[RFE target=4294967287 current=4294967287 seq=10863 pc=0x403727F9 ps=0x00000110]
[SYSTIMER V44 n=10000 before now=0x00000000:0xA84BEAE4 target=0x00000000:0xA84BE9BC conf=0xC7000000 raw=0x00000001 st=0x00000001]
[SYSTIMER V44 n=10000 after now=0x00000000:0xA84BECF5 target=0x00000000:0xA84FFD9D conf=0xC7000000 raw=0x00000000 st=0x00000000]
[SYSTIMER V44 return deadline=0x00000000:0xA84FFD9D ena=0x00000001 ien=0x00000004 pending=0x00000000 ps=0x00000110 pc=0x403727F9 sp=0x3FCD8800 psout=0x00000100 frame=1]
[IRQ V68 count=10000 nest=1 owner=4294967287 selected=4294967287 handoff=0 gates=1 unknown=0 clock-msgs=1541]
[TTY WRITE V48 bytes=63 ticks=244]
Application exit=0
[TTY WRITE V48 bytes=22 ticks=217]
[CTX kernel-running ticks=10735 heartbeat=7]
[CTX kernel-running ticks=12115 heartbeat=8]
[TTY line=run /boot/cat < foo]
Cannot open input
[TTY WRITE V48 bytes=21 ticks=227]
[CTX kernel-running ticks=13960 heartbeat=9]
[IPC V44 op=2 n=15000 owner=4294967287 blocked=1 next=4294967289 frame=1]
[TTY line=run /boot/cat]
aaa
[TTY WRITE V48 bytes=5 ticks=186]
[RFE target=4294967287 current=4294967287 seq=15248 pc=0x40373FEB ps=0x00000110]
[SYSTIMER V44 n=15000 before now=0x00000000:0xF7DE8C14 target=0x00000000:0xF7DE8AEB conf=0xC7000000 raw=0x00000001 st=0x00000001]
[SYSTIMER V44 n=15000 after now=0x00000000:0xF7DE8E25 target=0x00000000:0xF7E29ECD conf=0xC7000000 raw=0x00000000 st=0x00000000]
[SYSTIMER V44 return deadline=0x00000000:0xF7E29ECD ena=0x00000001 ien=0x00000004 pending=0x00018040 ps=0x00060530 pc=0x40373FEB sp=0x3FCD8990 psout=0x00000100 frame=1]
[IRQ V68 count=15000 nest=1 owner=4294967289 selected=4294967287 handoff=1 gates=1 unknown=0 clock-msgs=2161]
Application exit=0
[TTY WRITE V48 bytes=22 ticks=168]
[CTX kernel-running ticks=15966 heartbeat=10]
[TTY line=hello --alloc]
Calloc/realloc OK
Hello exit=0
[TTY line=disk]
[RAM IPC V49 result=0]
[TTY line=mm]
[MM V44 received=1 op=1001 source=1 resumed=1]
[MM V44 received=2 op=1002 source=1 resumed=1]
[MM IPC V44 alloc-release-result=0]