 => CP32 OS kernel booting              ...

start()                                 ...
checking initialized memory             ...
.data sentinel: 0xC032DA7A (expected 0xC032DA7A)
.bss sentinel:  0x00000000 (expected 0x00000000)
checking exception vectors              ...
vector start:  0x40370000
vector end:    0x40370400
vector word 0: 0x000FAC06
vector word 6: 0x000F4D06
checking call0 stack                    ...
stack bottom:  0x3FCD4870
stack pointer: 0x3FCDC850
stack top:     0x3FCDC870
stack align:   0 (expected 0)
initialize memory                       ...
setup boot parameters to kernel memory  ...
exiting start()                         ...

main() started                          ...
init process table                      ...
init stack                              ...
init TASKS                              ...
systemer irq start                      ...
[FEATURE APP-STREAM 115]1
[KBD probe=1]
[MM probe alloc=1 release=1 deny=1 zero=1 huge=1 adjacent=1 merge=1 owned=1 clear=1]
[KBD init=1 stale=0 int=0 status=1 fifo=0]
[RAMDISK capacity=65536]
[LCD clear-done]
[TTY user-ready nr=1 pc=0x4037B3E4 sp=0x3FCE6870 flags=0]
[BOOT SYSTIMER V44 conf=0xC7000000 target=0x00000000 ena=0x00000001 raw=0x00000000]
[TEST SCHEDULER 2]
[CORE readyq=1]
[CORE heldq=1]
[CORE blockedowner=1]
[CORE blockedframe=1]
[CORE runtime=1]
[CORE maps=1]
[CORE flags=1]
[CORE contexts=1]
[CORE owners=1]
[CORE ipcstate=1]
[CORE ipcqueue=1]
[CORE ipclinks=1]
[CORE proctab=1]
[CORE tasks=1]
[CORE systask=1]
[TEST APP-STREAM 115]

STABLE idle-entry                       ...
[SCHED return-state owner=4294967287 flags=0 selected=4294967287 fs=4294967295]
[RFE publish target=4294967287 current=4294967287 seq=1]
[RFE target=4294967287 current=4294967287 seq=1 pc=0x40380DCC ps=0x00000100]
[SYSTIMER V44 n=1 before now=0x00000000:0x09228C58 target=0x00000000:0x09228B3A conf=0xC7000000 raw=0x00000001 st=0x00000001]
[SYSTIMER V44 n=1 after now=0x00000000:0x09228E5E target=0x00000000:0x09269F11 conf=0xC7000000 raw=0x00000000 st=0x00000000]
[SYSTIMER V44 return deadline=0x00000000:0x09269F11 ena=0x00000001 ien=0x00000004 pending=0x00000000 ps=0x00060530 pc=0x40380DCC sp=0x3FCD9870 psout=0x00000100 frame=1]
[IRQ V68 count=1 nest=1 owner=4294967289 selected=4294967287 handoff=1 gates=1 unknown=0 clock-msgs=0]
[IPC count=1 op=2 src=132]
[IPC V44 op=2 n=1 owner=4294967287 blocked=1 next=0 frame=1]
[MM_TASK]
[SCHED fs-selected pc=0x4037B3E4 sp=0x3FCE6870 nest=0]
[TTY user-entry]
[IPC blocked-resume=1 owner=4294967287 result=0]
[IPC V44 op=3 n=1 owner=1 blocked=1 next=4294967293 frame=1]
[CLOCK_TASK]
[SYSTIMER V44 n=2 before now=0x00000000:0x0926A80F target=0x00000000:0x09269F11 conf=0xC7000000 raw=0x00000001 st=0x00000001]
[SYSTIMER V44 n=2 after now=0x00000000:0x0926AA15 target=0x00000000:0x092ABAC8 conf=0xC7000000 raw=0x00000000 st=0x00000000]
[SYSTIMER V44 return deadline=0x00000000:0x092ABAC8 ena=0x00000001 ien=0x00000004 pending=0x00000000 ps=0x00000110 pc=0x40374113 sp=0x3FCD9810 psout=0x00000100 frame=1]
[IPC V44 op=1 n=1 owner=4294967287 blocked=0 next=4294967287 frame=1]
[CLOCK V44 received=1 type=2 source=4294967295 tick=6 owner=4294967293 resumed=1]
[CLOCK V44 received=2 type=2 source=4294967295 tick=12 owner=4294967293 resumed=1]
[CTX kernel-running ticks=1263 heartbeat=1]
[TTY READ V46 reply=22 n=1]
[TTY line=run /boot/wc < readme]
[RAM V49 op=3 result=1024 n=1]
[RAM V49 op=3 result=1024 n=2]
[RAM V49 op=3 result=1024 n=3]
[RAM V49 op=3 result=1024 n=4]
[RAM V49 op=3 result=1024 n=5]
[RAM V49 op=3 result=1024 n=6]
[RAM V49 op=3 result=1024 n=7]
[RAM V49 op=3 result=1024 n=8]
2 8 61
Application exit=0
[TTY WRITE V48 bytes=30 ticks=30]
[SCHED fs-publish flags=0 pc=0x40374113 sp=0x3FCE6780 owner=1]
[IRQ return-frame=1 owner=1]
[CTX V44 FS-RETURN n=1 tick=2229 pc=0x40374113 sp=0x3FCE6780 a0=0x403722BD a15=0x3FCE6780 sar=0x00000018 lcount=0x00000000 frame=1]
[CTX kernel-running ticks=2682 heartbeat=2]
[CTX kernel-running ticks=4075 heartbeat=3]
[IPC V44 op=2 n=5000 owner=4294967293 blocked=1 next=4294967289 frame=1]
[TTY line=run /boot/wc -l < readme]
2
Application exit=0
[TTY WRITE V48 bytes=25 ticks=26]
[CTX V44 FS-RETURN n=2 tick=4478 pc=0x40374113 sp=0x3FCE6780 a0=0x403722BD a15=0x3FCE6780 sar=0x00000018 lcount=0x00000000 frame=1]
[RFE target=4294967287 current=4294967287 seq=5850 pc=0x40374113 ps=0x00000110]
[SYSTIMER V44 n=5000 before now=0x00000000:0x58B0D4CC target=0x00000000:0x58B0D3A3 conf=0xC7000000 raw=0x00000001 st=0x00000001]
[SYSTIMER V44 n=5000 after now=0x00000000:0x58B0D6DD target=0x00000000:0x58B4E785 conf=0xC7000000 raw=0x00000000 st=0x00000000]
[SYSTIMER V44 return deadline=0x00000000:0x58B4E785 ena=0x00000001 ien=0x00000004 pending=0x00000000 ps=0x00060530 pc=0x40374113 sp=0x3FCD9810 psout=0x00000100 frame=1]
[IRQ V68 count=5000 nest=1 owner=4294967289 selected=4294967287 handoff=1 gates=1 unknown=0 clock-msgs=823]
[CTX kernel-running ticks=5488 heartbeat=4]
[TTY line=run /boot/wc -c < readme]
61
Application exit=0
[TTY WRITE V48 bytes=26 ticks=213]
[CTX kernel-running ticks=7302 heartbeat=5]
[CTX kernel-running ticks=8656 heartbeat=6]
[IPC V44 op=2 n=10000 owner=4294967287 blocked=1 next=4294967289 frame=1]
[RFE target=4294967287 current=4294967287 seq=11215 pc=0x40374113 ps=0x00000110]
[SYSTIMER V44 n=10000 before now=0x00000000:0xA842CBEC target=0x00000000:0xA842CAC3 conf=0xC7000000 raw=0x00000001 st=0x00000001]
[SYSTIMER V44 n=10000 after now=0x00000000:0xA842CDFD target=0x00000000:0xA846DEA5 conf=0xC7000000 raw=0x00000000 st=0x00000000]
[SYSTIMER V44 return deadline=0x00000000:0xA846DEA5 ena=0x00000001 ien=0x00000004 pending=0x00000000 ps=0x00060530 pc=0x40374113 sp=0x3FCD9810 psout=0x00000100 frame=1]
[IRQ V68 count=10000 nest=1 owner=4294967289 selected=4294967287 handoff=1 gates=1 unknown=0 clock-msgs=1583]
[CTX kernel-running ticks=10011 heartbeat=7]
[CTX kernel-running ticks=11365 heartbeat=8]
[CTX kernel-running ticks=12719 heartbeat=9]
[IPC V44 op=2 n=15000 owner=4294967287 blocked=1 next=4294967289 frame=1]
[CTX kernel-running ticks=14073 heartbeat=10]
[RFE target=4294967287 current=4294967287 seq=17049 pc=0x40374113 ps=0x00000110]
[SYSTIMER V44 n=15000 before now=0x00000000:0xF7D42A30 target=0x00000000:0xF7D42907 conf=0xC7000000 raw=0x00000001 st=0x00000001]
[SYSTIMER V44 n=15000 after now=0x00000000:0xF7D42C41 target=0x00000000:0xF7D83CE9 conf=0xC7000000 raw=0x00000000 st=0x00000000]
[SYSTIMER V44 return deadline=0x00000000:0xF7D83CE9 ena=0x00000001 ien=0x00000004 pending=0x00018040 ps=0x00060530 pc=0x40374113 sp=0x3FCD9810 psout=0x00000100 frame=1]
[IRQ V68 count=15000 nest=1 owner=4294967289 selected=4294967287 handoff=1 gates=1 unknown=0 clock-msgs=2417]
[CTX kernel-running ticks=15428 heartbeat=11]
[CTX kernel-running ticks=16782 heartbeat=12]
[IPC count=20000 op=2 src=132]
[IPC V44 op=2 n=20000 owner=4294967287 blocked=1 next=4294967289 frame=1]
[CTX kernel-running ticks=18136 heartbeat=13]
[CTX kernel-running ticks=19490 heartbeat=14]
[RFE target=4294967287 current=4294967287 seq=22882 pc=0x40374113 ps=0x00000110]
[SYSTIMER V44 n=20000 before now=0x00000001:0x47658874 target=0x00000001:0x4765874B conf=0xC7000000 raw=0x00000001 st=0x00000001]
[SYSTIMER V44 n=20000 after now=0x00000001:0x47658A85 target=0x00000001:0x47699B2D conf=0xC7000000 raw=0x00000000 st=0x00000000]
[SYSTIMER V44 return deadline=0x00000001:0x47699B2D ena=0x00000001 ien=0x00000004 pending=0x00018040 ps=0x00060530 pc=0x40374113 sp=0x3FCD9810 psout=0x00000100 frame=1]
[IRQ V68 count=20000 nest=1 owner=4294967289 selected=4294967287 handoff=1 gates=1 unknown=0 clock-msgs=3250]
[CTX kernel-running ticks=20845 heartbeat=15]
[IPC V44 op=2 n=25000 owner=4294967293 blocked=1 next=4294967289 frame=1]
[CTX kernel-running ticks=22199 heartbeat=16]
[CTX kernel-running ticks=23553 heartbeat=17]
[CTX kernel-running ticks=24907 heartbeat=18]
[RFE target=4294967287 current=4294967287 seq=28715 pc=0x40374113 ps=0x00000110]
[SYSTIMER V44 n=25000 before now=0x00000001:0x96F6E6B8 target=0x00000001:0x96F6E58F conf=0xC7000000 raw=0x00000001 st=0x00000001]
[SYSTIMER V44 n=25000 after now=0x00000001:0x96F6E8C9 target=0x00000001:0x96FAF971 conf=0xC7000000 raw=0x00000000 st=0x00000000]
[SYSTIMER V44 return deadline=0x00000001:0x96FAF971 ena=0x00000001 ien=0x00000004 pending=0x00018040 ps=0x00060530 pc=0x40374113 sp=0x3FCD9810 psout=0x00000100 frame=1]
[IRQ V68 count=25000 nest=1 owner=4294967289 selected=4294967287 handoff=1 gates=1 unknown=0 clock-msgs=4083]
[IPC V44 op=2 n=30000 owner=4294967287 blocked=1 next=4294967289 frame=1]
[CTX kernel-running ticks=26262 heartbeat=19]
[CTX kernel-running ticks=27616 heartbeat=20]
[CTX kernel-running ticks=28970 heartbeat=21]
[RFE target=4294967287 current=4294967287 seq=34549 pc=0x40374113 ps=0x00000110]
[SYSTIMER V44 n=30000 before now=0x00000001:0xE68844FC target=0x00000001:0xE68843D3 conf=0xC7000000 raw=0x00000001 st=0x00000001]
[SYSTIMER V44 n=30000 after now=0x00000001:0xE688470D target=0x00000001:0xE68C57B5 conf=0xC7000000 raw=0x00000000 st=0x00000000]
[SYSTIMER V44 return deadline=0x00000001:0xE68C57B5 ena=0x00000001 ien=0x00000004 pending=0x00018040 ps=0x00060530 pc=0x40374113 sp=0x3FCD9810 psout=0x00000100 frame=1]
[IRQ V68 count=30000 nest=1 owner=4294967289 selected=4294967287 handoff=1 gates=1 unknown=0 clock-msgs=4917]
[CTX kernel-running ticks=30325 heartbeat=22]
[IPC V44 op=2 n=35000 owner=4294967287 blocked=1 next=4294967289 frame=1]
[CLOCK V44 received=5000 type=2 source=4294967295 tick=30496 owner=4294967293 resumed=1]
[CTX kernel-running ticks=31679 heartbeat=23]
[CTX kernel-running ticks=33033 heartbeat=24]
[CTX kernel-running ticks=34387 heartbeat=25]
[IPC count=40000 op=2 src=132]
[IPC V44 op=2 n=40000 owner=4294967287 blocked=1 next=4294967293 frame=1]
[RFE target=4294967287 current=4294967287 seq=40382 pc=0x40374113 ps=0x00000110]
[SYSTIMER V44 n=35000 before now=0x00000002:0x3619A340 target=0x00000002:0x3619A217 conf=0xC7000000 raw=0x00000001 st=0x00000001]
[SYSTIMER V44 n=35000 after now=0x00000002:0x3619A551 target=0x00000002:0x361DB5F9 conf=0xC7000000 raw=0x00000000 st=0x00000000]
[SYSTIMER V44 return deadline=0x00000002:0x361DB5F9 ena=0x00000001 ien=0x00000004 pending=0x00018040 ps=0x00060530 pc=0x40374113 sp=0x3FCD9810 psout=0x00000100 frame=1]
[IRQ V68 count=35000 nest=1 owner=4294967289 selected=4294967287 handoff=1 gates=1 unknown=0 clock-msgs=5750]
[CTX kernel-running ticks=35742 heartbeat=26]
[CTX kernel-running ticks=37096 heartbeat=27]
[CTX kernel-running ticks=38450 heartbeat=28]
[IPC V44 op=2 n=45000 owner=4294967287 blocked=1 next=4294967289 frame=1]
[CTX kernel-running ticks=39805 heartbeat=29]
[RFE target=4294967287 current=4294967287 seq=46215 pc=0x40374113 ps=0x00000110]
[SYSTIMER V44 n=40000 before now=0x00000002:0x85AB018C target=0x00000002:0x85AB0063 conf=0xC7000000 raw=0x00000001 st=0x00000001]
[SYSTIMER V44 n=40000 after now=0x00000002:0x85AB039D target=0x00000002:0x85AF1445 conf=0xC7000000 raw=0x00000000 st=0x00000000]
[SYSTIMER V44 return deadline=0x00000002:0x85AF1445 ena=0x00000001 ien=0x00000004 pending=0x00018040 ps=0x00060530 pc=0x40374113 sp=0x3FCD9810 psout=0x00000100 frame=1]
[IRQ V68 count=40000 nest=1 owner=4294967289 selected=4294967287 handoff=1 gates=1 unknown=0 clock-msgs=6583]
[CTX kernel-running ticks=41159 heartbeat=30]
[CTX kernel-running ticks=42513 heartbeat=31]
[IPC V44 op=2 n=50000 owner=4294967287 blocked=1 next=4294967289 frame=1]
[CTX kernel-running ticks=43868 heartbeat=32]
[RFE target=4294967287 current=4294967287 seq=52049 pc=0x40374113 ps=0x00000110]
[SYSTIMER V44 n=45000 before now=0x00000002:0xD53C5FD0 target=0x00000002:0xD53C5EA7 conf=0xC7000000 raw=0x00000001 st=0x00000001]
[SYSTIMER V44 n=45000 after now=0x00000002:0xD53C61E1 target=0x00000002:0xD5407289 conf=0xC7000000 raw=0x00000000 st=0x00000000]
[SYSTIMER V44 return deadline=0x00000002:0xD5407289 ena=0x00000001 ien=0x00000004 pending=0x00018040 ps=0x00060530 pc=0x40374113 sp=0x3FCD9810 psout=0x00000100 frame=1]
[IRQ V68 count=45000 nest=1 owner=4294967289 selected=4294967287 handoff=1 gates=1 unknown=0 clock-msgs=7417]
[CTX kernel-running ticks=45222 heartbeat=33]
[CTX kernel-running ticks=46576 heartbeat=34]
[IPC V44 op=2 n=55000 owner=4294967287 blocked=1 next=4294967289 frame=1]
[CTX kernel-running ticks=47931 heartbeat=35]
[CTX kernel-running ticks=49285 heartbeat=36]
[RFE target=4294967287 current=4294967287 seq=57882 pc=0x40374113 ps=0x00000110]
[SYSTIMER V44 n=50000 before now=0x00000003:0x24CDBE14 target=0x00000003:0x24CDBCEB conf=0xC7000000 raw=0x00000001 st=0x00000001]
[SYSTIMER V44 n=50000 after now=0x00000003:0x24CDC025 target=0x00000003:0x24D1D0CD conf=0xC7000000 raw=0x00000000 st=0x00000000]
[SYSTIMER V44 return deadline=0x00000003:0x24D1D0CD ena=0x00000001 ien=0x00000004 pending=0x00018040 ps=0x00060530 pc=0x40374113 sp=0x3FCD9810 psout=0x00000100 frame=1]
[IRQ V68 count=50000 nest=1 owner=4294967289 selected=4294967287 handoff=1 gates=1 unknown=0 clock-msgs=8250]
[CTX kernel-running ticks=50640 heartbeat=37]
[IPC count=60000 op=2 src=132]
[IPC V44 op=2 n=60000 owner=4294967293 blocked=1 next=4294967289 frame=1]
[CTX kernel-running ticks=51994 heartbeat=38]
[CTX kernel-running ticks=53348 heartbeat=39]
[CTX kernel-running ticks=54702 heartbeat=40]
[RFE target=4294967287 current=4294967287 seq=63715 pc=0x40374113 ps=0x00000110]
[SYSTIMER V44 n=55000 before now=0x00000003:0x745F1C58 target=0x00000003:0x745F1B2F conf=0xC7000000 raw=0x00000001 st=0x00000001]
[SYSTIMER V44 n=55000 after now=0x00000003:0x745F1E69 target=0x00000003:0x74632F11 conf=0xC7000000 raw=0x00000000 st=0x00000000]
[SYSTIMER V44 return deadline=0x00000003:0x74632F11 ena=0x00000001 ien=0x00000004 pending=0x00018040 ps=0x00060530 pc=0x40374113 sp=0x3FCD9810 psout=0x00000100 frame=1]
[IRQ V68 count=55000 nest=1 owner=4294967289 selected=4294967287 handoff=1 gates=1 unknown=0 clock-msgs=9083]
[CTX kernel-running ticks=56057 heartbeat=41]
[IPC V44 op=2 n=65000 owner=4294967287 blocked=1 next=4294967289 frame=1]
[CTX kernel-running ticks=57411 heartbeat=42]
[TTY line=hello --errno]
I/O errno OK
Hello exit=0
[TTY WRITE V48 bytes=30 ticks=182]
[CTX kernel-running ticks=58985 heartbeat=43]
[TTY line=disk]
[RAM IPC V49 result=0]
[TTY WRITE V48 bytes=26 ticks=188]
[TTY line=mm]
[MM V44 received=1 op=1001 source=1 resumed=1]
[MM V44 received=2 op=1002 source=1 resumed=1]
[MM IPC V44 alloc-release-result=0]
[TTY WRITE V48 bytes=23 ticks=182]