 => CP32 OS kernel booting              ...

start()                                 ...
checking initialized memory             ...
.data sentinel: 0xC032DA7A (expected 0xC032DA7A)
.bss sentinel:  0x00000000 (expected 0x00000000)
checking exception vectors              ...
vector start:  0x40370000
vector end:    0x40370400
vector word 0: 0x000FAC06
vector word 6: 0x000F4D06
checking call0 stack                    ...
stack bottom:  0x3FCD4B60
stack pointer: 0x3FCDCB40
stack top:     0x3FCDCB60
stack align:   0 (expected 0)
initialize memory                       ...
setup boot parameters to kernel memory  ...
exiting start()                         ...

main() started                          ...
init process table                      ...
init stack                              ...
init TASKS                              ...
systemer irq start                      ...
[FEATURE APP-FLUSH 116]1
[KBD probe=1]
[MM probe alloc=1 release=1 deny=1 zero=1 huge=1 adjacent=1 merge=1 owned=1 clear=1]
[KBD init=1 stale=0 int=0 status=1 fifo=0]
[RAMDISK capacity=65536]
[LCD clear-done]
[TTY user-ready nr=1 pc=0x4037B3E4 sp=0x3FCE6B60 flags=0]
[BOOT SYSTIMER V44 conf=0xC7000000 target=0x00000000 ena=0x00000001 raw=0x00000000]
[TEST SCHEDULER 2]
[CORE readyq=1]
[CORE heldq=1]
[CORE blockedowner=1]
[CORE blockedframe=1]
[CORE runtime=1]
[CORE maps=1]
[CORE flags=1]
[CORE contexts=1]
[CORE owners=1]
[CORE ipcstate=1]
[CORE ipcqueue=1]
[CORE ipclinks=1]
[CORE proctab=1]
[CORE tasks=1]
[CORE systask=1]
[TEST APP-FLUSH 116]

STABLE idle-entry                       ...
[SCHED return-state owner=4294967287 flags=0 selected=4294967287 fs=4294967295]
[RFE publish target=4294967287 current=4294967287 seq=1]
[RFE target=4294967287 current=4294967287 seq=1 pc=0x40380DCC ps=0x00000100]
[SYSTIMER V44 n=1 before now=0x00000000:0x092E8764 target=0x00000000:0x092E8646 conf=0xC7000000 raw=0x00000001 st=0x00000001]
[SYSTIMER V44 n=1 after now=0x00000000:0x092E896A target=0x00000000:0x09329A1D conf=0xC7000000 raw=0x00000000 st=0x00000000]
[SYSTIMER V44 return deadline=0x00000000:0x09329A1D ena=0x00000001 ien=0x00000004 pending=0x00000000 ps=0x00060530 pc=0x40380DCC sp=0x3FCD9B60 psout=0x00000100 frame=1]
[IRQ V68 count=1 nest=1 owner=4294967289 selected=4294967287 handoff=1 gates=1 unknown=0 clock-msgs=0]
[IPC count=1 op=2 src=132]
[IPC V44 op=2 n=1 owner=4294967287 blocked=1 next=0 frame=1]
[MM_TASK]
[SCHED fs-selected pc=0x4037B3E4 sp=0x3FCE6B60 nest=0]
[TTY user-entry]
[IPC blocked-resume=1 owner=4294967287 result=0]
[IPC V44 op=3 n=1 owner=1 blocked=1 next=4294967293 frame=1]
[CLOCK_TASK]
[IPC V44 op=1 n=1 owner=4294967287 blocked=0 next=4294967287 frame=1]
[SCHED fs-publish flags=0 pc=0x40374113 sp=0x3FCE6A90 owner=1]
[IRQ return-frame=1 owner=1]
[CTX V44 FS-RETURN n=1 tick=2 pc=0x40374113 sp=0x3FCE6A90 a0=0x403722BD a15=0x3FCE6A90 sar=0x00000000 lcount=0x00000000 frame=1]
[SYSTIMER V44 n=2 before now=0x00000000:0x09329B68 target=0x00000000:0x09329A1D conf=0xC7000000 raw=0x00000001 st=0x00000001]
[SYSTIMER V44 n=2 after now=0x00000000:0x09329D6E target=0x00000000:0x0936AE21 conf=0xC7000000 raw=0x00000000 st=0x00000000]
[SYSTIMER V44 return deadline=0x00000000:0x0936AE21 ena=0x00000001 ien=0x00000004 pending=0x00000000 ps=0x00000110 pc=0x40374113 sp=0x3FCE6A90 psout=0x00000100 frame=1]
[CLOCK V44 received=1 type=2 source=4294967295 tick=6 owner=4294967293 resumed=1]
[CLOCK V44 received=2 type=2 source=4294967295 tick=12 owner=4294967293 resumed=1]
[CTX kernel-running ticks=1320 heartbeat=1]
[TTY READ V46 reply=22 n=1]
[TTY line=run /boot/wc < readme]
[RAM V49 op=3 result=1024 n=1]
[RAM V49 op=3 result=1024 n=2]
[RAM V49 op=3 result=1024 n=3]
[RAM V49 op=3 result=1024 n=4]
[RAM V49 op=3 result=1024 n=5]
[RAM V49 op=3 result=1024 n=6]
[RAM V49 op=3 result=1024 n=7]
[RAM V49 op=3 result=1024 n=8]
2 8 61
Application exit=0
[TTY WRITE V48 bytes=30 ticks=30]
[CTX kernel-running ticks=2746 heartbeat=2]
[CTX kernel-running ticks=4126 heartbeat=3]
[TTY line=run /boot/wc -l < readme]
[CTX V44 FS-RETURN n=2 tick=4192 pc=0x40374113 sp=0x3FCE6480 a0=0x403722BD a15=0x3FCE6480 sar=0x00000020 lcount=0x00000000 frame=1]
2
Application exit=0
[TTY WRITE V48 bytes=25 ticks=27]
[IPC V44 op=2 n=5000 owner=4294967287 blocked=1 next=4294967289 frame=1]
[RFE target=4294967287 current=4294967287 seq=5830 pc=0x40374113 ps=0x00000110]
[SYSTIMER V44 n=5000 before now=0x00000000:0x58BC1945 target=0x00000000:0x58BC181C conf=0xC7000000 raw=0x00000001 st=0x00000001]
[SYSTIMER V44 n=5000 after now=0x00000000:0x58BC1B56 target=0x00000000:0x58C02BFE conf=0xC7000000 raw=0x00000000 st=0x00000000]
[SYSTIMER V44 return deadline=0x00000000:0x58C02BFE ena=0x00000001 ien=0x00000004 pending=0x00000000 ps=0x00060530 pc=0x40374113 sp=0x3FCD9B00 psout=0x00000100 frame=1]
[IRQ V68 count=5000 nest=1 owner=4294967289 selected=4294967287 handoff=1 gates=1 unknown=0 clock-msgs=817]
[CTX kernel-running ticks=5531 heartbeat=4]
[CTX kernel-running ticks=7133 heartbeat=5]
[TTY line=run /boot/wc -c < readme]
61
Application exit=0
[TTY WRITE V48 bytes=26 ticks=213]
[TTY line=hello --errno]
I/O errno OK
Hello exit=0
[TTY WRITE V48 bytes=30 ticks=182]
[CTX kernel-running ticks=8939 heartbeat=6]
[TTY line=disk]
[RAM IPC V49 result=0]
[TTY WRITE V48 bytes=26 ticks=188]
[TTY line=mm]
[MM V44 received=1 op=1001 source=1 resumed=1]
[MM V44 received=2 op=1002 source=1 resumed=1]
[MM IPC V44 alloc-release-result=0]
[TTY WRITE V48 bytes=23 ticks=182]
[IPC V44 op=2 n=10000 owner=4294967293 blocked=1 next=4294967289 frame=1]