=> CP32 OS kernel booting              ...

start()                                 ...
checking initialized memory             ...
.data sentinel: 0xC032DA7A (expected 0xC032DA7A)
.bss sentinel:  0x00000000 (expected 0x00000000)
checking exception vectors              ...
vector start:  0x40370000
vector end:    0x40370400
vector word 0: 0x000FAC06
vector word 6: 0x000F4D06
checking call0 stack                    ...
stack bottom:  0x3FCD4360
stack pointer: 0x3FCDC340
stack top:     0x3FCDC360
stack align:   0 (expected 0)
initialize memory                       ...
setup boot parameters to kernel memory  ...
exiting start()                         ...

main() started                          ...
init process table                      ...
init stack                              ...
init TASKS                              ...
systemer irq start                      ...
[FEATURE APP-WC 112]1
[KBD probe=1]
[MM probe alloc=1 release=1 deny=1 zero=1 huge=1 adjacent=1 merge=1 owned=1 clear=1]
[KBD init=1 stale=0 int=0 status=1 fifo=0]
[RAMDISK capacity=65536]
[LCD clear-done]
[TTY user-ready nr=1 pc=0x4037B3E4 sp=0x3FCE6360 flags=0]
[BOOT SYSTIMER V44 conf=0xC7000000 target=0x00000000 ena=0x00000001 raw=0x00000000]
[TEST SCHEDULER 2]
[CORE readyq=1]
[CORE heldq=1]
[CORE blockedowner=1]
[CORE blockedframe=1]
[CORE runtime=1]
[CORE maps=1]
[CORE flags=1]
[CORE contexts=1]
[CORE owners=1]
[CORE ipcstate=1]
[CORE ipcqueue=1]
[CORE ipclinks=1]
[CORE proctab=1]
[CORE tasks=1]
[CORE systask=1]
[TEST APP-WC 112]

STABLE idle-entry                       ...
[SCHED return-state owner=4294967287 flags=0 selected=4294967287 fs=4294967295]
[RFE publish target=4294967287 current=4294967287 seq=1]
[RFE target=4294967287 current=4294967287 seq=1 pc=0x40380DCC ps=0x00000100]
[SYSTIMER V44 n=1 before now=0x00000000:0x092D03CE target=0x00000000:0x092D02B0 conf=0xC7000000 raw=0x00000001 st=0x00000001]
[SYSTIMER V44 n=1 after now=0x00000000:0x092D05D3 target=0x00000000:0x09311687 conf=0xC7000000 raw=0x00000000 st=0x00000000]
[SYSTIMER V44 return deadline=0x00000000:0x09311687 ena=0x00000001 ien=0x00000004 pending=0x00000000 ps=0x00060530 pc=0x40380DCC sp=0x3FCD9360 psout=0x00000100 frame=1]
[IRQ V68 count=1 nest=1 owner=4294967289 selected=4294967287 handoff=1 gates=1 unknown=0 clock-msgs=0]
[IPC count=1 op=2 src=132]
[IPC V44 op=2 n=1 owner=4294967287 blocked=1 next=0 frame=1]
[MM_TASK]
[SCHED fs-selected pc=0x4037B3E4 sp=0x3FCE6360 nest=0]
[TTY user-entry]
[IPC blocked-resume=1 owner=4294967287 result=0]
[IPC V44 op=3 n=1 owner=1 blocked=1 next=4294967293 frame=1]
[CLOCK_TASK]
[IPC V44 op=1 n=1 owner=4294967287 blocked=0 next=4294967287 frame=1]
[SCHED fs-publish flags=0 pc=0x40374113 sp=0x3FCE6290 owner=1]
[IRQ return-frame=1 owner=1]
[CTX V44 FS-RETURN n=1 tick=2 pc=0x40374113 sp=0x3FCE6290 a0=0x403722BD a15=0x3FCE6290 sar=0x00000000 lcount=0x00000000 frame=1]
[SYSTIMER V44 n=2 before now=0x00000000:0x0931443B target=0x00000000:0x09311687 conf=0xC7000000 raw=0x00000001 st=0x00000001]
[SYSTIMER V44 n=2 after now=0x00000000:0x09314641 target=0x00000000:0x093556F4 conf=0xC7000000 raw=0x00000000 st=0x00000000]
[SYSTIMER V44 return deadline=0x00000000:0x093556F4 ena=0x00000001 ien=0x00000004 pending=0x00000000 ps=0x00000110 pc=0x40374113 sp=0x3FCE6290 psout=0x00000100 frame=1]
[CLOCK V44 received=1 type=2 source=4294967295 tick=6 owner=4294967293 resumed=1]
[CLOCK V44 received=2 type=2 source=4294967295 tick=12 owner=4294967293 resumed=1]
[CTX kernel-running ticks=1216 heartbeat=1]
[CTX kernel-running ticks=2598 heartbeat=2]
[TTY READ V46 reply=22 n=1]
[TTY line=run /boot/wc < readme]
[RAM V49 op=3 result=1024 n=1]
[RAM V49 op=3 result=1024 n=2]
[RAM V49 op=3 result=1024 n=3]
[RAM V49 op=3 result=1024 n=4]
[RAM V49 op=3 result=1024 n=5]
[RAM V49 op=3 result=1024 n=6]
[RAM V49 op=3 result=1024 n=7]
[RAM V49 op=3 result=1024 n=8]
2 8 61
Application exit=0
[TTY WRITE V48 bytes=30 ticks=30]
[CTX kernel-running ticks=3996 heartbeat=3]
[IPC V44 op=2 n=5000 owner=4294967287 blocked=1 next=4294967289 frame=1]
[RFE target=4294967287 current=4294967287 seq=5835 pc=0x40374113 ps=0x00000110]
[SYSTIMER V44 n=5000 before now=0x00000000:0x58BA9E75 target=0x00000000:0x58BA9D4C conf=0xC7000000 raw=0x00000001 st=0x00000001]
[SYSTIMER V44 n=5000 after now=0x00000000:0x58BAA086 target=0x00000000:0x58BEB12E conf=0xC7000000 raw=0x00000000 st=0x00000000]
[SYSTIMER V44 return deadline=0x00000000:0x58BEB12E ena=0x00000001 ien=0x00000004 pending=0x00000000 ps=0x00060530 pc=0x40374113 sp=0x3FCD9300 psout=0x00000100 frame=1]
[IRQ V68 count=5000 nest=1 owner=4294967289 selected=4294967287 handoff=1 gates=1 unknown=0 clock-msgs=828]
[CTX kernel-running ticks=5377 heartbeat=4]
[TTY line=run /boot/wc -l < readme]
[CTX V44 FS-RETURN n=2 tick=5849 pc=0x40374113 sp=0x3FCE5C80 a0=0x403722BD a15=0x3FCE5C80 sar=0x00000020 lcount=0x00000000 frame=1]
2
Application exit=0
[TTY WRITE V48 bytes=25 ticks=26]
[CTX kernel-running ticks=6794 heartbeat=5]
[CTX kernel-running ticks=8385 heartbeat=6]
[IPC V44 op=2 n=10000 owner=4294967287 blocked=1 next=4294967293 frame=1]
[TTY line=run /boot/wc -c < readme]
61
Application exit=0
[TTY WRITE V48 bytes=26 ticks=213]
[CTX kernel-running ticks=9991 heartbeat=7]
[RFE target=4294967287 current=4294967287 seq=11204 pc=0x40374113 ps=0x00000110]
[SYSTIMER V44 n=10000 before now=0x00000000:0xA84CB3CD target=0x00000000:0xA84CB2A4 conf=0xC7000000 raw=0x00000001 st=0x00000001]
[SYSTIMER V44 n=10000 after now=0x00000000:0xA84CB5DE target=0x00000000:0xA850C686 conf=0xC7000000 raw=0x00000000 st=0x00000000]
[SYSTIMER V44 return deadline=0x00000000:0xA850C686 ena=0x00000001 ien=0x00000004 pending=0x00000000 ps=0x00060530 pc=0x40374113 sp=0x3FCD9300 psout=0x00000100 frame=1]
[IRQ V68 count=10000 nest=1 owner=4294967289 selected=4294967287 handoff=1 gates=1 unknown=0 clock-msgs=1589]
[TTY line=run /boot/wc]
[CTX kernel-running ticks=11601 heartbeat=8]
1 2 8
Application exit=0
[TTY WRITE V48 bytes=29 ticks=161]