 => CP32 OS kernel booting              ...

start()                                 ...
checking initialized memory             ...
.data sentinel: 0xC032DA7A (expected 0xC032DA7A)
.bss sentinel:  0x00000000 (expected 0x00000000)
checking exception vectors              ...
vector start:  0x40370000
vector end:    0x40370400
vector word 0: 0x000FAC06
vector word 6: 0x000F4D06
checking call0 stack                    ...
stack bottom:  0x3FCD4540
stack pointer: 0x3FCDC520
stack top:     0x3FCDC540
stack align:   0 (expected 0)
initialize memory                       ...
setup boot parameters to kernel memory  ...
exiting start()                         ...

main() started                          ...
init process table                      ...
init stack                              ...
init TASKS                              ...
systemer irq start                      ...
[FEATURE APP-ERRNO 113]1
[KBD probe=1]
[MM probe alloc=1 release=1 deny=1 zero=1 huge=1 adjacent=1 merge=1 owned=1 clear=1]
[KBD init=1 stale=0 int=0 status=1 fifo=0]
[RAMDISK capacity=65536]
[LCD clear-done]
[TTY user-ready nr=1 pc=0x4037B3E4 sp=0x3FCE6540 flags=0]
[BOOT SYSTIMER V44 conf=0xC7000000 target=0x00000000 ena=0x00000001 raw=0x00000000]
[TEST SCHEDULER 2]
[CORE readyq=1]
[CORE heldq=1]
[CORE blockedowner=1]
[CORE blockedframe=1]
[CORE runtime=1]
[CORE maps=1]
[CORE flags=1]
[CORE contexts=1]
[CORE owners=1]
[CORE ipcstate=1]
[CORE ipcqueue=1]
[CORE ipclinks=1]
[CORE proctab=1]
[CORE tasks=1]
[CORE systask=1]
[TEST APP-ERRNO 113]

STABLE idle-entry                       ...
[SCHED return-state owner=4294967287 flags=0 selected=4294967287 fs=4294967295]
[RFE publish target=4294967287 current=4294967287 seq=1]
[RFE target=4294967287 current=4294967287 seq=1 pc=0x40380DCC ps=0x00000100]
[SYSTIMER V44 n=1 before now=0x00000000:0x09261FAA target=0x00000000:0x09261E8C conf=0xC7000000 raw=0x00000001 st=0x00000001]
[SYSTIMER V44 n=1 after now=0x00000000:0x092621AF target=0x00000000:0x092A3263 conf=0xC7000000 raw=0x00000000 st=0x00000000]
[SYSTIMER V44 return deadline=0x00000000:0x092A3263 ena=0x00000001 ien=0x00000004 pending=0x00000000 ps=0x00060530 pc=0x40380DCC sp=0x3FCD9540 psout=0x00000100 frame=1]
[IRQ V68 count=1 nest=1 owner=4294967289 selected=4294967287 handoff=1 gates=1 unknown=0 clock-msgs=0]
[IPC count=1 op=2 src=132]
[IPC V44 op=2 n=1 owner=4294967287 blocked=1 next=0 frame=1]
[MM_TASK]
[SCHED fs-selected pc=0x4037B3E4 sp=0x3FCE6540 nest=0]
[TTY user-entry]
[IPC blocked-resume=1 owner=4294967287 result=0]
[IPC V44 op=3 n=1 owner=1 blocked=1 next=4294967293 frame=1]
[CLOCK_TASK]
[IPC V44 op=1 n=1 owner=4294967287 blocked=0 next=4294967287 frame=1]
[SCHED fs-publish flags=0 pc=0x40374113 sp=0x3FCE6470 owner=1]
[IRQ return-frame=1 owner=1]
[CTX V44 FS-RETURN n=1 tick=2 pc=0x40374113 sp=0x3FCE6470 a0=0x403722BD a15=0x3FCE6470 sar=0x00000000 lcount=0x00000000 frame=1]
[SYSTIMER V44 n=2 before now=0x00000000:0x092A40DA target=0x00000000:0x092A3263 conf=0xC7000000 raw=0x00000001 st=0x00000001]
[SYSTIMER V44 n=2 after now=0x00000000:0x092A42E0 target=0x00000000:0x092E5394 conf=0xC7000000 raw=0x00000000 st=0x00000000]
[SYSTIMER V44 return deadline=0x00000000:0x092E5394 ena=0x00000001 ien=0x00000004 pending=0x00000000 ps=0x00000110 pc=0x40374113 sp=0x3FCE6470 psout=0x00000100 frame=1]
[CLOCK V44 received=1 type=2 source=4294967295 tick=6 owner=4294967293 resumed=1]
[CLOCK V44 received=2 type=2 source=4294967295 tick=12 owner=4294967293 resumed=1]
[CTX kernel-running ticks=1107 heartbeat=1]
[CTX kernel-running ticks=2212 heartbeat=2]
[CTX kernel-running ticks=3317 heartbeat=3]
[IPC V44 op=2 n=5000 owner=4294967287 blocked=1 next=4294967289 frame=1]
[CTX kernel-running ticks=4423 heartbeat=4]
[RFE target=4294967287 current=4294967287 seq=5840 pc=0x40374113 ps=0x00000110]
[SYSTIMER V44 n=5000 before now=0x00000000:0x58B3794C target=0x00000000:0x58B37823 conf=0xC7000000 raw=0x00000001 st=0x00000001]
[SYSTIMER V44 n=5000 after now=0x00000000:0x58B37B5D target=0x00000000:0x58B78C05 conf=0xC7000000 raw=0x00000000 st=0x00000000]
[SYSTIMER V44 return deadline=0x00000000:0x58B78C05 ena=0x00000001 ien=0x00000004 pending=0x00000000 ps=0x00060530 pc=0x40374113 sp=0x3FCD94E0 psout=0x00000100 frame=1]
[IRQ V68 count=5000 nest=1 owner=4294967289 selected=4294967287 handoff=1 gates=1 unknown=0 clock-msgs=833]
[CTX kernel-running ticks=5529 heartbeat=5]
[CTX kernel-running ticks=6634 heartbeat=6]
[CTX kernel-running ticks=7739 heartbeat=7]
[IPC V44 op=2 n=10000 owner=4294967287 blocked=1 next=4294967289 frame=1]
[CTX kernel-running ticks=8844 heartbeat=8]
[CTX kernel-running ticks=9989 heartbeat=9]
[RFE target=4294967287 current=4294967287 seq=11670 pc=0x40374113 ps=0x00000110]
[SYSTIMER V44 n=10000 before now=0x00000000:0xA844D795 target=0x00000000:0xA844D66C conf=0xC7000000 raw=0x00000001 st=0x00000001]
[SYSTIMER V44 n=10000 after now=0x00000000:0xA844D9A6 target=0x00000000:0xA848EA4E conf=0xC7000000 raw=0x00000000 st=0x00000000]
[SYSTIMER V44 return deadline=0x00000000:0xA848EA4E ena=0x00000001 ien=0x00000004 pending=0x00000000 ps=0x00060530 pc=0x40374113 sp=0x3FCD94E0 psout=0x00000100 frame=1]
[IRQ V68 count=10000 nest=1 owner=4294967289 selected=4294967287 handoff=1 gates=1 unknown=0 clock-msgs=1668]
[TTY READ V46 reply=14 n=1]
[TTY line=hello --errno]
[RAM V49 op=3 result=1024 n=1]
[RAM V49 op=3 result=1024 n=2]
[RAM V49 op=3 result=1024 n=3]
[RAM V49 op=3 result=1024 n=4]
[RAM V49 op=3 result=1024 n=5]
[RAM V49 op=3 result=1024 n=6]
[RAM V49 op=3 result=1024 n=7]
[RAM V49 op=3 result=1024 n=8]
I/O errno OK
Hello exit=0
[TTY WRITE V48 bytes=30 ticks=30]
[CTX kernel-running ticks=11422 heartbeat=10]
[TTY line=hello --errno]
[CTX V44 FS-RETURN n=2 tick=11512 pc=0x40374113 sp=0x3FCE5E40 a0=0x403722BD a15=0x3FCE5E40 sar=0x00000020 lcount=0x00000000 frame=1]
I/O errno OK
Hello exit=0
[TTY WRITE V48 bytes=30 ticks=30]
[TTY line=hello --alloc]
Calloc/realloc OK
Hello exit=0
[TTY WRITE V48 bytes=35 ticks=38]
[IPC V44 op=2 n=15000 owner=4294967287 blocked=1 next=4294967289 frame=1]
[CTX kernel-running ticks=12900 heartbeat=11]
[TTY line=hello --io]
Standard input: [TTY WRITE V48 bytes=16 ticks=228]
[CTX kernel-running ticks=14749 heartbeat=12]
[RFE target=4294967287 current=4294967287 seq=16977 pc=0x40374113 ps=0x00000110]
[SYSTIMER V44 n=15000 before now=0x00000000:0xF7D95E11 target=0x00000000:0xF7D95CE8 conf=0xC7000000 raw=0x00000001 st=0x00000001]
[SYSTIMER V44 n=15000 after now=0x00000000:0xF7D96022 target=0x00000000:0xF7DD70CA conf=0xC7000000 raw=0x00000000 st=0x00000000]
[SYSTIMER V44 return deadline=0x00000000:0xF7DD70CA ena=0x00000001 ien=0x00000004 pending=0x00018040 ps=0x00060530 pc=0x40374113 sp=0x3FCD94E0 psout=0x00000100 frame=1]
[IRQ V68 count=15000 nest=1 owner=4294967289 selected=4294967287 handoff=1 gates=1 unknown=0 clock-msgs=2403]
Read: run /boot/wc < readme
Hello exit=0
[TTY WRITE V48 bytes=45 ticks=187]
[TTY line=echo ok]
ok
Application exit=0
[TTY WRITE V48 bytes=26 ticks=198]
[CTX kernel-running ticks=16754 heartbeat=13]
[TTY line=disk]
[RAM IPC V49 result=0]
[TTY WRITE V48 bytes=26 ticks=176]
[TTY line=mm]
[MM V44 received=1 op=1001 source=1 resumed=1]
[MM V44 received=2 op=1002 source=1 resumed=1]
[MM IPC V44 alloc-release-result=0]
[TTY WRITE V48 bytes=23 ticks=156]