 => CP32 OS kernel booting              ...

start()                                 ...
checking initialized memory             ...
.data sentinel: 0xC032DA7A (expected 0xC032DA7A)
.bss sentinel:  0x00000000 (expected 0x00000000)
checking exception vectors              ...
vector start:  0x40370000
vector end:    0x40370400
vector word 0: 0x000FAC06
vector word 6: 0x000F4D06
checking call0 stack                    ...
stack bottom:  0x3FCD4C90
stack pointer: 0x3FCDCC70
stack top:     0x3FCDCC90
stack align:   0 (expected 0)
initialize memory                       ...
setup boot parameters to kernel memory  ...
exiting start()                         ...

main() started                          ...
init process table                      ...
init stack                              ...
init TASKS                              ...
systemer irq start                      ...
[FEATURE KBD-START 122]1
[KBD probe=1]
[MM probe alloc=1 release=1 deny=1 zero=1 huge=1 adjacent=1 merge=1 owned=1 clear=1]
[KBD V122 init=1 stale=0 int=0 status=1 fifo=0]
[RAMDISK capacity=65536]
[LCD clear-done]
[TTY user-ready nr=1 pc=0x4037BF7C sp=0x3FCE6C90 flags=0]
[BOOT SYSTIMER V44 conf=0xC7000000 target=0x00000000 ena=0x00000001 raw=0x00000000]
[TEST SCHEDULER 2]
[CORE readyq=1]
[CORE heldq=1]
[CORE blockedowner=1]
[CORE blockedframe=1]
[CORE runtime=1]
[CORE maps=1]
[CORE flags=1]
[CORE contexts=1]
[CORE owners=1]
[CORE ipcstate=1]
[CORE ipcqueue=1]
[CORE ipclinks=1]
[CORE proctab=1]
[CORE tasks=1]
[CORE systask=1]
[TEST KBD-START 122]

STABLE idle-entry                       ...
[SCHED return-state owner=4294967287 flags=0 selected=4294967287 fs=4294967295]
[RFE publish target=4294967287 current=4294967287 seq=1]
[RFE target=4294967287 current=4294967287 seq=1 pc=0x40381970 ps=0x00000100]
[SYSTIMER V44 n=1 before now=0x00000000:0x0920F429 target=0x00000000:0x0920F30B conf=0xC7000000 raw=0x00000001 st=0x00000001]
[SYSTIMER V44 n=1 after now=0x00000000:0x0920F62E target=0x00000000:0x092506E2 conf=0xC7000000 raw=0x00000000 st=0x00000000]
[SYSTIMER V44 return deadline=0x00000000:0x092506E2 ena=0x00000001 ien=0x00000004 pending=0x00000000 ps=0x00060530 pc=0x40381970 sp=0x3FCD9C90 psout=0x00000100 frame=1]
[IRQ V68 count=1 nest=1 owner=4294967289 selected=4294967287 handoff=1 gates=1 unknown=0 clock-msgs=0]
[IPC count=1 op=2 src=132]
[IPC V44 op=2 n=1 owner=4294967287 blocked=1 next=0 frame=1]
[MM_TASK]
[SCHED fs-selected pc=0x4037BF7C sp=0x3FCE6C90 nest=0]
[TTY user-entry]
[IPC blocked-resume=1 owner=4294967287 result=0]
[IPC V44 op=3 n=1 owner=1 blocked=1 next=4294967293 frame=1]
[CLOCK_TASK]
[SYSTIMER V44 n=2 before now=0x00000000:0x09251142 target=0x00000000:0x092506E2 conf=0xC7000000 raw=0x00000001 st=0x00000001]
[SYSTIMER V44 n=2 after now=0x00000000:0x09251347 target=0x00000000:0x092923FB conf=0xC7000000 raw=0x00000000 st=0x00000000]
[SYSTIMER V44 return deadline=0x00000000:0x092923FB ena=0x00000001 ien=0x00000004 pending=0x00000000 ps=0x00000110 pc=0x40374113 sp=0x3FCD9C30 psout=0x00000100 frame=1]
[IPC V44 op=1 n=1 owner=4294967287 blocked=0 next=4294967287 frame=1]
[CLOCK V44 received=1 type=2 source=4294967295 tick=6 owner=4294967293 resumed=1]
[CLOCK V44 received=2 type=2 source=4294967295 tick=12 owner=4294967293 resumed=1]
[CTX kernel-running ticks=1241 heartbeat=1]
[TTY READ V46 reply=18 n=1]
[TTY line=hello --exec-fail]
[RAM V49 op=3 result=1024 n=1]
[RAM V49 op=3 result=1024 n=2]
[RAM V49 op=3 result=1024 n=3]
[RAM V49 op=3 result=1024 n=4]
[RAM V49 op=3 result=1024 n=5]
[RAM V49 op=3 result=1024 n=6]
[RAM V49 op=3 result=1024 n=7]
[RAM V49 op=3 result=1024 n=8]
Exec failure recovery OKHello exit=0
[TTY WRITE V48 bytes=40 ticks=45]
[SCHED fs-publish flags=0 pc=0x40374113 sp=0x3FCE6BA0 owner=1]
[IRQ return-frame=1 owner=1]
[CTX V44 FS-RETURN n=1 tick=1875 pc=0x40374113 sp=0x3FCE6BA0 a0=0x403722BD a15=0x3FCE6BA0 sar=0x00000003 lcount=0x00000000 frame=1]
[CTX kernel-running ticks=2698 heartbeat=2]
[TTY line=hello --exec]
[MM V44 received=1 op=1001 source=1 resumed=1]
[MM V44 received=2 op=1002 source=1 resumed=1]
Exec PID and file OKHello exit=0
[TTY WRITE V48 bytes=36 ticks=39]
[TTY line=hello --exec]
Exec PID and file OKHello exit=0
[TTY WRITE V48 bytes=36 ticks=221]
[CTX kernel-running ticks=4394 heartbeat=3]
[IPC V44 op=2 n=5000 owner=4294967287 blocked=1 next=4294967289 frame=1]
[RFE target=4294967287 current=4294967287 seq=5789 pc=0x40374113 ps=0x00000110]
[SYSTIMER V44 n=5000 before now=0x00000000:0x58BBDB72 target=0x00000000:0x58BBDA49 conf=0xC7000000 raw=0x00000001 st=0x00000001]
[SYSTIMER V44 n=5000 after now=0x00000000:0x58BBDD83 target=0x00000000:0x58BFEE2C conf=0xC7000000 raw=0x00000000 st=0x00000000]
[SYSTIMER V44 return deadline=0x00000000:0x58BFEE2C ena=0x00000001 ien=0x00000004 pending=0x00000000 ps=0x00060530 pc=0x40374113 sp=0x3FCD9C30 psout=0x00000100 frame=1]
[IRQ V68 count=5000 nest=1 owner=4294967289 selected=4294967287 handoff=1 gates=1 unknown=0 clock-msgs=773]
[CTX kernel-running ticks=6034 heartbeat=4]
[CTX kernel-running ticks=7673 heartbeat=5]
[TTY line=run /boot/exec /boot/echo replaced successfully]
replaced successfully
Application exit=0
[TTY WRITE V48 bytes=45 ticks=227]
[TTY line=mm]
[MM IPC V44 alloc-release-result=0]
[TTY WRITE V48 bytes=23 ticks=198]
[TTY line=disk]
[RAM IPC V49 result=0]
[TTY WRITE V48 bytes=26 ticks=176]