 => CP32 OS kernel booting              ...

start()                                 ...
checking initialized memory             ...
.data sentinel: 0xC032DA7A (expected 0xC032DA7A)
.bss sentinel:  0x00000000 (expected 0x00000000)
checking exception vectors              ...
vector start:  0x40370000
vector end:    0x40370400
vector word 0: 0x000F5C06
vector word 6: 0x000EFD06
checking call0 stack                    ...
stack bottom:  0x3FCC5770
stack pointer: 0x3FCCD750
stack top:     0x3FCCD770
stack align:   0 (expected 0)
initialize memory                       ...
setup boot parameters to kernel memory  ...
exiting start()                         ...

main() started                          ...
init process table                      ...
init stack                              ...
init TASKS                              ...
systemer irq start                      ...
[FEATURE CLOCK-IPC 34]1
[KBD probe=1]
[MM probe alloc=1 release=1 deny=1 zero=1 huge=1 adjacent=1 merge=1 owned=1 clear=1]
[KBD init=1 stale=0 int=0 status=1 fifo=0]
[RAMDISK capacity=65536]
[LCD clear-done]
[TTY user-ready nr=1 pc=0x403783F0 sp=0x3FCD7770 flags=0]
[BOOT SYSTIMER V34 conf=0xC7000000 target=0x00000000 ena=0x00000001 raw=0x00000000]
[TEST SCHEDULER 2]
[CORE readyq=1]
[CORE heldq=1]
[CORE blockedowner=1]
[CORE blockedframe=1]
[CORE runtime=1]
[CORE maps=1]
[CORE flags=1]
[CORE contexts=1]
[CORE owners=1]
[CORE ipcstate=1]
[CORE ipcqueue=1]
[CORE ipclinks=1]
[CORE proctab=1]
[CORE tasks=1]
[CORE systask=1]
[TEST CLOCK-IPC 34]

STABLE idle-entry                       ...
[SCHED return-state owner=4294967287 flags=0 selected=4294967287 fs=4294967295]
[RFE publish target=4294967287 current=4294967287 seq=1]
[RFE target=4294967287 current=4294967287 seq=1 pc=0x4037D84C ps=0x00000100]
[SYSTIMER V34 n=1 before now=0x00000000:0x05C05C4A target=0x00000000:0x05C05B30 conf=0xC7000000 raw=0x00000001 st=0x00000001]
[SYSTIMER V34 n=1 after now=0x00000000:0x05C05E4F target=0x00000000:0x05C46F04 conf=0xC7000000 raw=0x00000000 st=0x00000000]
[SYSTIMER V34 return deadline=0x00000000:0x05C46F04 ena=0x00000001 ien=0x00000004 pending=0x00000000 ps=0x00060530 pc=0x4037D84C sp=0x3FCCA770 psout=0x00000100 frame=1]
[IRQ count=1 nest=1 owner=4294967289 selected=4294967287 handoff=1 gates=1 unknown=0 clock-msgs=0]
[KBD poll=1]
[IPC count=1 op=2 src=132]
[IPC V34 op=2 n=1 owner=4294967287 blocked=1 next=0 frame=1]
[MM_TASK]
[SYSTIMER V34 n=2 before now=0x00000000:0x05C47016 target=0x00000000:0x05C46F04 conf=0xC7000000 raw=0x00000001 st=0x00000001]
[SYSTIMER V34 n=2 after now=0x00000000:0x05C4721A target=0x00000000:0x05C882CF conf=0xC7000000 raw=0x00000000 st=0x00000000]
[SYSTIMER V34 return deadline=0x00000000:0x05C882CF ena=0x00000001 ien=0x00000004 pending=0x00000000 ps=0x00000110 pc=0x403780B8 sp=0x3FCD8770 psout=0x00000100 frame=1]
[CLOCK_TASK]
[SCHED fs-selected pc=0x403783F0 sp=0x3FCD7770 nest=0]
[TTY user-entry]
[IPC blocked-resume=1 owner=4294967293 result=0]
[SCHED fs-publish flags=0 pc=0x4037D711 sp=0x3FCD7730 owner=1]
[IRQ return-frame=1 owner=1]
[CTX V34 FS-RETURN n=1 tick=9 pc=0x4037D711 sp=0x3FCD7730 a0=0x40378415 a15=0x3FCD7730 sar=0x0000000B lcount=0x00000000 frame=1]
[CTX V34 FS-RETURN n=2 tick=15 pc=0x4037D6E8 sp=0x3FCD7740 a0=0x4037D6A9 a15=0x3FCD7740 sar=0x0000000B lcount=0x00000000 frame=1]
[CTX kernel-running ticks=86 heartbeat=1]
[TTY char=i]
[TTY user-char=0x00000069]
[CTX kernel-running ticks=167 heartbeat=2]
[TTY char=p]
[TTY user-char=0x00000070]
[CTX kernel-running ticks=248 heartbeat=3]
[TTY char=c]
[TTY user-char=0x00000063]
[CTX kernel-running ticks=332 heartbeat=4]
[TTY char=0x0000000A]
[TTY user-char=0x0000000A]
[TTY line=ipc]
[IPC V34 op=3 n=1 owner=1 blocked=1 next=2 frame=1]
[IPC V34 op=1 n=1 owner=4294967287 blocked=0 next=4294967287 frame=1]
[TTY IPC V34 reply-result=[CTX kernel-running ticks=414 heartbeat=5]
[CTX kernel-running ticks=498 heartbeat=6]
[RFE target=2 current=2 seq=504 pc=0x40374176 ps=0x00000110]
[SYSTIMER V34 n=500 before now=0x00000000:0x0DC22036 target=0x00000000:0x0DC21F18 conf=0xC7000000 raw=0x00000001 st=0x00000001]
[SYSTIMER V34 n=500 after now=0x00000000:0x0DC22246 target=0x00000000:0x0DC632EF conf=0xC7000000 raw=0x00000000 st=0x00000000]
[SYSTIMER V34 return deadline=0x00000000:0x0DC632EF ena=0x00000001 ien=0x00000004 pending=0x00000000 ps=0x00000110 pc=0x40374176 sp=0x3FCD8740 psout=0x00000100 frame=1]
[IRQ count=500 nest=1 owner=1 selected=2 handoff=1 gates=1 unknown=0 clock-msgs=0]
0]
[CTX kernel-running ticks=579 heartbeat=7]
[CTX kernel-running ticks=660 heartbeat=8]
[CTX kernel-running ticks=744 heartbeat=9]
[CTX kernel-running ticks=825 heartbeat=10]
[CTX kernel-running ticks=906 heartbeat=11]
[CTX kernel-running ticks=989 heartbeat=12]
[RFE target=0 current=0 seq=1004 pc=0x40374171 ps=0x00000110]
[SYSTIMER V34 n=1000 before now=0x00000000:0x15D0480C target=0x00000000:0x15D046E6 conf=0xC7000000 raw=0x00000001 st=0x00000001]
[SYSTIMER V34 n=1000 after now=0x00000000:0x15D04A1D target=0x00000000:0x15D45AC5 conf=0xC7000000 raw=0x00000000 st=0x00000000]
[SYSTIMER V34 return deadline=0x00000000:0x15D45AC5 ena=0x00000001 ien=0x00000004 pending=0x00000000 ps=0x00000110 pc=0x40374171 sp=0x3FCD6710 psout=0x00000100 frame=1]
[IRQ count=1000 nest=1 owner=4294967290 selected=0 handoff=1 gates=1 unknown=0 clock-msgs=0]