 => CP32 OS kernel booting              ...

start()                                 ...
checking initialized memory             ...
.data sentinel: 0xC032DA7A (expected 0xC032DA7A)
.bss sentinel:  0x00000000 (expected 0x00000000)
checking exception vectors              ...
vector start:  0x40370000
vector end:    0x40370400
vector word 0: 0x000FA506
vector word 6: 0x000F4606
checking call0 stack                    ...
stack bottom:  0x3FCCC820
stack pointer: 0x3FCD4800
stack top:     0x3FCD4820
stack align:   0 (expected 0)
initialize memory                       ...
setup boot parameters to kernel memory  ...
exiting start()                         ...

main() started                          ...
init process table                      ...
init stack                              ...
init TASKS                              ...
systemer irq start                      ...
[FEATURE INDIRECT-DEMO 61]1
[KBD probe=1]
[MM probe alloc=1 release=1 deny=1 zero=1 huge=1 adjacent=1 merge=1 owned=1 clear=1]
[KBD init=1 stale=0 int=0 status=1 fifo=0]
[RAMDISK capacity=65536]
[LCD clear-done]
[TTY user-ready nr=1 pc=0x40378FAC sp=0x3FCDE820 flags=0]
[BOOT SYSTIMER V44 conf=0xC7000000 target=0x00000000 ena=0x00000001 raw=0x00000000]
[TEST SCHEDULER 2]
[CORE readyq=1]
[CORE heldq=1]
[CORE blockedowner=1]
[CORE blockedframe=1]
[CORE runtime=1]
[CORE maps=1]
[CORE flags=1]
[CORE contexts=1]
[CORE owners=1]
[CORE ipcstate=1]
[CORE ipcqueue=1]
[CORE ipclinks=1]
[CORE proctab=1]
[CORE tasks=1]
[CORE systask=1]
[TEST INDIRECT-DEMO 61]

STABLE idle-entry                       ...
[SCHED return-state owner=4294967287 flags=0 selected=4294967287 fs=4294967295]
[RFE publish target=4294967287 current=4294967287 seq=1]
[RFE target=4294967287 current=4294967287 seq=1 pc=0x4037E714 ps=0x00000100]
[SYSTIMER V44 n=1 before now=0x00000000:0x09EAAAB5 target=0x00000000:0x09EAA999 conf=0xC7000000 raw=0x00000001 st=0x00000001]
[SYSTIMER V44 n=1 after now=0x00000000:0x09EAACBA target=0x00000000:0x09EEBD6E conf=0xC7000000 raw=0x00000000 st=0x00000000]
[SYSTIMER V44 return deadline=0x00000000:0x09EEBD6E ena=0x00000001 ien=0x00000004 pending=0x00000000 ps=0x00060530 pc=0x4037E714 sp=0x3FCD1820 psout=0x00000100 frame=1]
[IRQ count=1 nest=1 owner=4294967289 selected=4294967287 handoff=1 gates=1 unknown=0 clock-msgs=0]
[IPC count=1 op=2 src=132]
[IPC V44 op=2 n=1 owner=4294967287 blocked=1 next=0 frame=1]
[MM_TASK]
[SCHED fs-selected pc=0x40378FAC sp=0x3FCDE820 nest=0]
[TTY user-entry]
[IPC blocked-resume=1 owner=4294967287 result=0]
[IPC V44 op=3 n=1 owner=1 blocked=1 next=4294967293 frame=1]
[CLOCK[SYSTIMER V44 n=2 before now=0x00000000:0x09EEBE86 target=0x00000000:0x09EEBD6E conf=0xC7000000 raw=0x00000001 st=0x00000001]
[SYSTIMER V44 n=2 after now=0x00000000:0x09EEC08B target=0x00000000:0x09F2D13F conf=0xC7000000 raw=0x00000000 st=0x00000000]
[SYSTIMER V44 return deadline=0x00000000:0x09F2D13F ena=0x00000001 ien=0x00000004 pending=0x00000000 ps=0x00000110 pc=0x4037CFAC sp=0x3FCD8820 psout=0x00000100 frame=1]
[IPC V44 op=1 n=1 owner=4294967287 blocked=0 next=4294967287 frame=1]
_TASK]
[CLOCK V44 received=1 type=2 source=4294967295 tick=6 owner=4294967293 resumed=1]
[CLOCK V44 received=2 type=2 source=4294967295 tick=12 owner=4294967293 resumed=1]
[TTY READ V46 reply=8 n=1]
[TTY line=ls boot]
[RAM V49 op=3 result=24 n=1]
[RAM V49 op=3 result=2 n=2]
[RAM V49 op=3 result=64 n=3]
[RAM V49 op=3 result=2 n=4]
[RAM V49 op=3 result=16 n=5]
[RAM V49 op=3 result=2 n=6]
[RAM V49 op=3 result=16 n=7]
[RAM V49 op=3 result=2 n=8]
.
..
README
INDIRECT
[TTY WRITE V48 bytes=27 ticks=24]
[SCHED fs-publish flags=0 pc=0x403740EF sp=0x3FCDE730 owner=1]
[IRQ return-frame=1 owner=1]
[CTX V44 FS-RETURN n=1 tick=760 pc=0x403740EF sp=0x3FCDE730 a0=0x40372349 a15=0x3FCDE730 sar=0x00000020 lcount=0x00000000 frame=1]
[CTX kernel-running ticks=1337 heartbeat=1]
[TTY line=cat boot/INDIRECT]
Direct zone 1, line 01
Direct zone 1, line 02
Direct zone 1, line 03
Direct zone 1, line 04
Direct zone 1, line 05
Direct zone 1, line 06
Direct zone 1, line 07
Direct zone 1, line 08
[TTY WRITE V48 bytes=256 ticks=162]
[CTX V44 FS-RETURN n=2 tick=2136 pc=0x403740EF sp=0x3FCDE4B0 a0=0x40372349 a15=0x3FCDE4B0 sar=0x0000000B lcount=0x00000000 frame=1]
Direct zone 1, line 09
Direct zone 1, line 10
Direct zone 1, line 11
Direct zone 1, line 12
Direct zone 1, line 13
Direct zone 1, line 14
Direct zone 1, line 15
Direct zone 1, line 16
[TTY WRITE V48 bytes=256 ticks=20]
Direct zone 1, line 17
Direct zone 1, line 18
Direct zone 1, line 19
Direct zone 1, line 20
Direct zone 1, line 21
Direct zone 1, line 22
Direct zone 1, line 23
Direct zone 1, line 24
[TTY WRITE V48 bytes=256 ticks=208]
Direct zone 1, line 25
Direct zone 1, line 26
Direct zone 1, line 27
Direct zone 1, line 28
Direct zone 1, line 29
Direct zone 1, line 30
Direct zone 1, line 31
Direct zone 1, line 32
[TTY WRITE V48 bytes=256 ticks=24]
Direct zone 2, line 01
Direct zone 2, line 02
Direct zone 2, line 03
Direct zone 2, line 04
Direct zone 2, line 05
Direct zone 2, line 06
Direct zone 2, line 07
Direct zone 2, line 08
[TTY WRITE V48 bytes=256 ticks=204]
Direct zone 2, line 09
Direct zone 2, line 10
Direct zone 2, line 11
Direct zone 2, line 12
Direct zone 2, line 13
Direct zone 2, line 14
Direct zone 2, line 15
Direct zone 2, line 16
[TTY WRITE V48 bytes=256 ticks=19]
Direct zone 2, line 17
Direct zone 2, line 18
Direct zone 2, line 19
Direct zone 2, line 20
Direct zone 2, line 21
Direct zone 2, line 22
Direct zone 2, line 23
Direct zone 2, line 24
[TTY WRITE V48 bytes=256 ticks=209]
Direct zone 2, line 25
Direct zone 2, line 26
Direct zone 2, line 27
Direct zone 2, line 28
Direct zone 2, line 29
Direct zone 2, line 30
Direct zone 2, line 31
Direct zone 2, line 32
Direct zone 3, line 01
Direct zone 3, line 02
Direct zone 3, line 03
Direct zone 3, line 04
Direct zone 3, line 05
Direct zone 3, line 06
Direct zone 3, line 07
Direct zone 3, line 08
Direct zone 3, line 09
Direct zone 3, line 10
Direct zone 3, line 11
Direct zone 3, line 12
Direct zone 3, line 13
Direct zone 3, line 14
Direct zone 3, line 15
Direct zone 3, line 16
Direct zone 3, line 17
Direct zone 3, line 18
Direct zone 3, line 19
Direct zone 3, line 20
Direct zone 3, line 21
Direct zone 3, line 22
Direct zone 3, line 23
Direct zone 3, line 24
Direct zone 3, line 25
Direct zone 3, line 26
Direct zone 3, line 27
Direct zone 3, line 28
Direct zone 3, line 29
Direct zone 3, line 30
Direct zone 3, line 31
Direct zone 3, line 32
Direct zone 4, line 01
Direct zone 4, line 02
Direct zone 4, line 03
Direct zone 4, line 04
Direct zone 4, line 05
Direct zone 4, line 06
Direct zone 4, line 07
Direct zone 4, line 08
Direct zone 4, line 09
Direct zone 4, line 10
Direct zone 4, line 11
Direct zone 4, line 12
Direct zone 4, line 13
Direct zone 4, line 14
Direct zone 4, line 15
Direct zone 4, line 16
Direct zone 4, line 17
Direct zone 4, line 18
Direct zone 4, line 19
Direct zone 4, line 20
Direct zone 4, line 21
Direct zone 4, line 22
Direct zone 4, line 23
Direct zone 4, line 24
Direct zone 4, line 25
Direct zone 4, line 26
Direct zone 4, line 27
Direct zone 4, line 28
Direct zone 4, line 29
Direct zone 4, line 30
Direct zone 4, line 31
Direct zone 4, line 32
Direct zone 5, line 01
Direct zone 5, line 02
Direct zone 5, line 03
Direct zone 5, line 04
Direct zone 5, line 05
Direct zone 5, line 06
Direct zone 5, line 07
Direct zone 5, line 08
Direct zone 5, line 09
Direct zone 5, line 10
Direct zone 5, line 11
Direct zone 5, line 12
Direct zone 5, line 13
Direct zone 5, line 14
Direct zone 5, line 15
Direct zone 5, line 16
Direct zone 5, line 17
Direct zone 5, line 18
Direct zone 5, line 19
Direct zone 5, line 20
Direct zone 5, line 21
Direct zone 5, line 22
Direct zone 5, line 23
Direct zone 5, line 24
Direct zone 5, line 25
Direct zone 5, line 26
Direct zone 5, line 27
Direct zone 5, line 28
Direct zone 5, line 29
Direct zone 5, line 30
Direct zone 5, line 31
Direct zone 5, line 32
Direct zone 6, line 01
Direct zone 6, line 02
Direct zone 6, line 03
Direct zone 6, line 04
Direct zone 6, line 05
Direct zone 6, line 06
Direct zone 6, line 07
Direct zone 6, line 08
Direct zone 6, line 09
Direct zone 6, line 10
Direct zone 6, line 11
Direct zone 6, line 12
Direct zone 6, line 13
Direct zone 6, line 14
Direct zone 6, line 15
Direct zone 6, line 16
Direct zone 6, line 17
Direct zone 6, line 18
Direct zone 6, line 19
Direct zone 6, line 20
Direct zone 6, line 21
Direct zone 6, line 22
Direct zone 6, line 23
Direct zone 6, line 24
Direct zone 6, line 25
Direct zone 6, line 26
Direct zone 6, line 27
Direct zone 6, line 28
Direct zone 6, line 29
Direct zone 6, line 30
Direct zone 6, line 31
Direct zone 6, line 32
Direct zone 7, line 01
Direct zone 7, line 02
Direct zone 7, line 03
Direct zone 7, line 04
Direct zone 7, line 05
Direct zone 7, line 06
Direct zone 7, line 07
Direct zone 7, line 08
Direct zone 7, line 09
Direct zone 7, line 10
Direct zone 7, line 11
Direct zone 7, line 12
Direct zone 7, line 13
Direct zone 7, line 14
Direct zone 7, line 15
Direct zone 7, line 16
Direct zone 7, line 17
Direct zone 7, line 18
[RFE target=4294967287 current=4294967287 seq=2668 pc=0x403728A8 ps=0x00000110]
[SYSTIMER V44 n=5000 before now=0x00000000:0x597C772A target=0x00000000:0x597C7604 conf=0xC7000000 raw=0x00000001 st=0x00000001]
[SYSTIMER V44 n=5000 after now=0x00000000:0x597C793A target=0x00000000:0x598089E3 conf=0xC7000000 raw=0x00000000 st=0x00000000]
[SYSTIMER V44 return deadline=0x00000000:0x598089E3 ena=0x00000001 ien=0x00000004 pending=0x00000000 ps=0x00000110 pc=0x403728A8 sp=0x3FCD1630 psout=0x00000100 frame=1]
[IRQ count=5000 nest=1 owner=4294967287 selected=4294967287 handoff=0 gates=1 unknown=0 clock-msgs=326]
Direct zone 7, line 19
Direct zone 7, line 20
Direct zone 7, line 21
Direct zone 7, line 22
Direct zone 7, line 23
Direct zone 7, line 24
Direct zone 7, line 25
Direct zone 7, line 26
Direct zone 7, line 27
Direct zone 7, line 28
Direct zone 7, line 29
Direct zone 7, line 30
Direct zone 7, line 31
Direct zone 7, line 32
INDIRECT READ OK
[TTY line=disk]
[RAM IPC V49 result=0]
[CTX kernel-running ticks=6336 heartbeat=2]
[TTY line=mm]
[MM V44 received=1 op=1001 source=1 resumed=1]
[MM V44 received=2 op=1002 source=1 resumed=1]
[MM IPC V44 alloc-release-result=0]