 => CP32 OS kernel booting              ...

start()                                 ...
checking initialized memory             ...
.data sentinel: 0xC032DA7A (expected 0xC032DA7A)
.bss sentinel:  0x00000000 (expected 0x00000000)
checking exception vectors              ...
vector start:  0x40370000
vector end:    0x40370400
vector word 0: 0x000FA506
vector word 6: 0x000F4606
checking call0 stack                    ...
stack bottom:  0x3FCC9FD0
stack pointer: 0x3FCD1FB0
stack top:     0x3FCD1FD0
stack align:   0 (expected 0)
initialize memory                       ...
setup boot parameters to kernel memory  ...
exiting start()                         ...

main() started                          ...
init process table                      ...
init stack                              ...
init TASKS                              ...
systemer irq start                      ...
[FEATURE KBD-SHIFT 54]1
[KBD probe=1]
[MM probe alloc=1 release=1 deny=1 zero=1 huge=1 adjacent=1 merge=1 owned=1 clear=1]
[KBD init=1 stale=0 int=0 status=1 fifo=0]
[RAMDISK capacity=65536]
[LCD clear-done]
[TTY user-ready nr=1 pc=0x40378F3C sp=0x3FCDBFD0 flags=0]
[BOOT SYSTIMER V44 conf=0xC7000000 target=0x00000000 ena=0x00000001 raw=0x00000000]
[TEST SCHEDULER 2]
[CORE readyq=1]
[CORE heldq=1]
[CORE blockedowner=1]
[CORE blockedframe=1]
[CORE runtime=1]
[CORE maps=1]
[CORE flags=1]
[CORE contexts=1]
[CORE owners=1]
[CORE ipcstate=1]
[CORE ipcqueue=1]
[CORE ipclinks=1]
[CORE proctab=1]
[CORE tasks=1]
[CORE systask=1]
[TEST KBD-SHIFT 54]

STABLE idle-entry                       ...
[SCHED return-state owner=4294967287 flags=0 selected=4294967287 fs=4294967295]
[RFE publish target=4294967287 current=4294967287 seq=1]
[RFE target=4294967287 current=4294967287 seq=1 pc=0x4037E2E8 ps=0x00000100]
[SYSTIMER V44 n=1 before now=0x00000000:0x09E672B1 target=0x00000000:0x09E67195 conf=0xC7000000 raw=0x00000001 st=0x00000001]
[SYSTIMER V44 n=1 after now=0x00000000:0x09E674B6 target=0x00000000:0x09EA856A conf=0xC7000000 raw=0x00000000 st=0x00000000]
[SYSTIMER V44 return deadline=0x00000000:0x09EA856A ena=0x00000001 ien=0x00000004 pending=0x00000000 ps=0x00060530 pc=0x4037E2E8 sp=0x3FCCEFD0 psout=0x00000100 frame=1]
[IRQ count=1 nest=1 owner=4294967289 selected=4294967287 handoff=1 gates=1 unknown=0 clock-msgs=0]
s -mabi=call0 -Iinclude -Ikernel -c kernel/main.c -o build/main.o
xtensa-esp32s3-elf-gcc -ffreestanding -nostdlib -nostartfiles -g -O0 -ffunction-sections -fdata-sections -mlongcalls -mtext-section-literals -mabi=call0 -Iinclude -Ikernel -c kernel/cp32-shell.c -o build/cp32-shell.o
xtensa-esp32s3-elf-gcc -ffreestanding -nostdlib -nostartfiles -g -O0 -ffunction-sections -fdata-sections -mlongcalls -mtext-section-literals -mabi=call0 -Iinclude -Ikernel -c kernel/misc.c -o build/misc.o
xtensa-esp32s3-elf-gcc -ffreestanding -nostdlib -nostartfiles -g -O0 -ffunction-sections -fdata-sections -mlongcalls -mtext-section-literals -mabi=call0 -Iinclude -Ikernel -c kernel/proc.c -o build/proc.o
xtensa-esp32s3-elf-gcc -ffreestanding -nostdlib -nostartfiles -g -O0 -ffunction-sections -fdata-sections -mlongcalls -mtext-section-literals -mabi=call0 -Iinclude -Ikernel -c kernel/serial.c -o build/serial.o
xtensa-esp32s3-elf-gcc -ffreestanding -nostdlib -nostartfiles -g -O0 -ffunction-sections -fdata-sections -mlongcalls -mtext-section-literals -mabi=call0 -Iinclude -Ikernel -c kernel/wdt.c -o build/wdt.o
xtensa-esp32s3-elf-gcc -ffreestanding -nostdlib -nostartfiles -g -O0 -ffunction-sections -fdata-sections -mlongcalls -mtext-section-literals -mabi=call0 -Iinclude -Ikernel -c kernel/klib.c -o build/klib.o
xtensa-esp32s3-elf-gcc -ffreestanding -nostdlib -nostartfiles -g -O0 -ffunction-sections -fdata-sections -mlongcalls -mtext-section-literals -mabi=call0 -Iinclude -Ikernel -c kernel/port.c -o build/port.o
xtensa-esp32s3-elf-gcc -ffreestanding -nostdlib -nostartfiles -g -O0 -ffunction-sections -fdata-sections -mlongcalls -mtext-section-literals -mabi=call0 -Iinclude -Ikernel -c kernel/clock.c -o build/clock.o
xtensa-esp32s3-elf-gcc -ffreestanding -nostdlib -nostartfiles -g -O0 -ffunction-sections -fdata-sections -mlongcalls -mtext-section-literals -mabi=call0 -Iinclude -Ikernel -c kernel/system.c -o build/system.o
xtensa-esp32s3-elf-gcc -ffreestanding -nostdlib -nostartfiles -g -O0 -ffunction-sections -fdata-sections -mlongcalls -mtext-section-literals -mabi=call0 -Iinclude -Ikernel -c kernel/tty.c -o build/tty.o
xtensa-esp32s3-elf-gcc -ffreestanding -nostdlib -nostartfiles -g -O0 -ffunction-sections -fdata-sections -mlongcalls -mtext-section-literals -mabi=call0 -Iinclude -Ikernel -c kernel/mm.c -o build/mm.o
xtensa-esp32s3-elf-gcc -ffreestanding -nostdlib -nostartfiles -g -O0 -ffunction-sections -fdata-sections -mlongcalls -mtext-section-literals -mabi=call0 -Iinclude -Ikernel -c kernel/memory.c -o build/memory.o
xtensa-esp32s3-elf-gcc -ffreestanding -nostdlib -nostartfiles -g -O0 -ffunction-sections -fdata-sections -mlongcalls -mtext-section-literals -mabi=call0 -Iinclude -Ikernel -c kernel/minRead-only filesystem bring-up.
[TTY WRITE V48 bytes=65 ticks=75]
[TTY line=disk]
[RAM IPC V49 result=0]
[TTY WRITE V48 bytes=26 ticks=27]
[SCHED fs-publish flags=0 pc=0x403740EF sp=0x3FCDBEE0 owner=1]
[IRQ return-frame=1 owner=1]
[CTX V44 FS-RETURN n=1 tick=2592 pc=0x403740EF sp=0x3FCDBEE0 a0=0x40372479 a15=0x3FCDBEE0 sar=0x00000003 lcount=0x00000000 frame=1]
[CTX kernel-running ticks=2772 heartbeat=2]
[TTY line=cat boot]
Is a directory
[TTY WRITE V48 bytes=18 ticks=18]
[TTY line=ls]
.
..
boot
[CTX V44 FS-RETURN n=2 tick=3522 pc=0x403740EF sp=0x3FCDBD40 a0=0x40372479 a15=0x3FCDBD40 sar=0x00000020 lcount=0x00000000 frame=1]
README
[TTY WRITE V48 bytes=23 ticks=176]
[TTY line=cat .]
Is a directory
[TTY WRITE V48 bytes=18 ticks=147]
[CTX kernel-running ticks=4499 heartbeat=3]
[IPC V44 op=2 n=5000 owner=4294967293 blocked=1 next=4294967289 frame=1]
[RFE target=4294967287 current=4294967287 seq=5411 pc=0x403740EF ps=0x00000110]
[SYSTIMER V44 n=5000 before now=0x00000000:0x5974BE0E target=0x00000000:0x5974BCE7 conf=0xC7000000 raw=0x00000001 st=0x00000001]
[SYSTIMER V44 n=5000 after now=0x00000000:0x5974C01E target=0x00000000:0x5978D0C7 conf=0xC7000000 raw=0x00000000 st=0x00000000]
[SYSTIMER V44 return deadline=0x00000000:0x5978D0C7 ena=0x00000001 ien=0x00000004 pending=0x00000000 ps=0x00060530 pc=0x403740EF sp=0x3FCCEF70 psout=0x00000100 frame=1]
[IRQ count=5000 nest=1 owner=4294967289 selected=4294967287 handoff=1 gates=1 unknown=0 clock-msgs=758]
[TTY line=ls -l ]
[CMD unknown=ls -l ]
[TTY WRITE V48 bytes=24 ticks=148]
[TTY line=ls]
.
..
boot
README
[TTY WRITE V48 bytes=23 ticks=137]
[TTY line=mm]
[MM V44 received=1 op=1001 source=1 resumed=1]
[MM V44 received=2 op=1002 source=1 resumed=1]
[MM IPC V44 alloc-release-result=0]
[TTY WRITE V48 bytes=23 ticks=125]
[CTX kernel-running ticks=6288 heartbeat=4]
[TTY line=sys]
[SYS V44 received=1 op=2 source=1 resumed=1]
[SYS V44 received=2 op=8 source=1 resumed=1]
[SYS IPC V44 result=0 uptime=6436]
[TTY line=fsinfo]
MINIX V2 superblock: inodes=32 zones=63
Not mounted