 => CP32 OS kernel booting              ...

start()                                 ...
checking initialized memory             ...
.data sentinel: 0xC032DA7A (expected 0xC032DA7A)
.bss sentinel:  0x00000000 (expected 0x00000000)
checking exception vectors              ...
vector start:  0x40370000
vector end:    0x40370400
vector word 0: 0x000F5206
vector word 6: 0x000EF306
checking call0 stack                    ...
stack bottom:  0x3FCC5F00
stack pointer: 0x3FCCDEE0
stack top:     0x3FCCDF00
stack align:   0 (expected 0)
initialize memory                       ...
setup boot parameters to kernel memory  ...
exiting start()                         ...

main() started                          ...
init process table                      ...
init stack                              ...
init TASKS                              ...
systemer irq start                      ...
[FEATURE LCD-CELLS 41]1
[KBD probe=1]
[MM probe alloc=1 release=1 deny=1 zero=1 huge=1 adjacent=1 merge=1 owned=1 clear=1]
[KBD init=1 stale=0 int=0 status=1 fifo=0]
[RAMDISK capacity=65536]
[LCD clear-done]
[TTY user-ready nr=1 pc=0x40378660 sp=0x3FCD7F00 flags=0]
[BOOT SYSTIMER V41 conf=0xC7000000 target=0x00000000 ena=0x00000001 raw=0x00000000]
[TEST SCHEDULER 2]
[CORE readyq=1]
[CORE heldq=1]
[CORE blockedowner=1]
[CORE blockedframe=1]
[CORE runtime=1]
[CORE maps=1]
[CORE flags=1]
[CORE contexts=1]
[CORE owners=1]
[CORE ipcstate=1]
[CORE ipcqueue=1]
[CORE ipclinks=1]
[CORE proctab=1]
[CORE tasks=1]
[CORE systask=1]
[TEST LCD-CELLS 41]

STABLE idle-entry                       ...
[SCHED return-state owner=4294967287 flags=0 selected=4294967287 fs=4294967295]
[RFE publish target=4294967287 current=4294967287 seq=1]
[RFE target=4294967287 current=4294967287 seq=1 pc=0x4037DC40 ps=0x00000100]
[SYSTIMER V41 n=1 before now=0x00000000:0x05C147D6 target=0x00000000:0x05C146BA conf=0xC7000000 raw=0x00000001 st=0x00000001]
[SYSTIMER V41 n=1 after now=0x00000000:0x05C149DB target=0x00000000:0x05C55A8F conf=0xC7000000 raw=0x00000000 st=0x00000000]
[SYSTIMER V41 return deadline=0x00000000:0x05C55A8F ena=0x00000001 ien=0x00000004 pending=0x00000000 ps=0x00060530 pc=0x4037DC40 sp=0x3FCCAF00 psout=0x00000100 frame=1]
[IRQ count=1 nest=1 owner=4294967289 selected=4294967287 handoff=1 gates=1 unknown=0 clock-msgs=0]
[KBD poll=1]
[IPC count=1 op=2 src=132]
[IPC V41 op=2 n=1 owner=4294967287 blocked=1 next=0 frame=1]
[MM_TASK]
[SYSTIMER V41 n=2 before now=0x00000000:0x05C55BA2 target=0x00000000:0x05C55A8F conf=0xC7000000 raw=0x00000001 st=0x00000001]
[SYSTIMER V41 n=2 after now=0x00000000:0x05C55DA7 target=0x00000000:0x05C96E5B conf=0xC7000000 raw=0x00000000 st=0x00000000]
[SYSTIMER V41 return deadline=0x00000000:0x05C96E5B ena=0x00000001 ien=0x00000004 pending=0x00000000 ps=0x00000110 pc=0x403780B8 sp=0x3FCCBF00 psout=0x00000100 frame=1]
[SCHED fs-selected pc=0x40378660 sp=0x3FCD7F00 nest=1]
[SCHED fs-publish flags=0 pc=0x40378660 sp=0x3FCD7F00 owner=1]
[IRQ return-frame=1 owner=1]
[CTX V41 FS-RETURN n=1 tick=3 pc=0x40378660 sp=0x3FCD7F00 a0=0x00000000 a15=0x3FCD7F00 sar=0x00000000 lcount=0x00000000 frame=1]
[TTY user-entry]
[CTX V41 FS-RETURN n=2 tick=6 pc=0x40373D37 sp=0x3FCD7EC0 a0=0x4037DB18 a15=0x3FCD7EC0 sar=0x0000000B lcount=0x00000000 frame=1]
[CLOCK_TASK]
[CLOCK V41 received=1 type=2 source=4294967295 tick=14 owner=4294967293 resumed=1]
[IPC blocked-resume=1 owner=4294967293 result=0]
[CLOCK V41 received=2 type=2 source=4294967295 tick=33 owner=4294967293 resumed=1]
[TTY char=l]
[TTY user-char=0x0000006C]
[TTY char=s]
[TTY user-char=0x00000073]
[TTY char=0x0000000A]
[TTY user-char=0x0000000A]
[TTY line=ls]
ramdisk
boot
README
[CMD ls capacity=65536 formatted=0]
[TTY char=l]
[TTY user-char=0x0000006C]
[TTY char=s]
[TTY user-char=0x00000073]
[TTY char=0x0000000A]
[TTY user-char=0x0000000A]
[TTY line=ls]
ramdisk
boot
README
[CMD ls capacity=65536 formatted=0]
[SCHED fs-selected pc=0x40372980 sp=0x3FCD7E20 nest=1]
[CTX kernel-running ticks=1698 heartbeat=1]
[TTY char=l]
[TTY user-char=0x0000006C]
[TTY char=s]
[TTY user-char=0x00000073]
[TTY char=0x0000000A]
[TTY user-char=0x0000000A]
[TTY line=ls]
ramdisk
boot
README
[CMD ls capacity=65536 formatted=0]
[TTY char=l]
[TTY user-char=0x0000006C]
[TTY char=s]
[TTY user-char=0x00000073]
[TTY char=0x0000000A]
[TTY user-char=0x0000000A]
[TTY line=ls]
ramdisk
boot
README
[CMD ls capacity=65536 formatted=0]
[TTY char=i]
[TTY user-char=0x00000069]
[SCHED fs-selected pc=0x40373D37 sp=0x3FCD7EA0 nest=1]
[TTY char=p]
[TTY user-char=0x00000070]
[TTY char=c]
[TTY user-char=0x00000063]
[TTY char=0x0000000A]
[TTY user-char=0x0000000A]
[TTY line=ipc]
[IPC V41 op=3 n=1 owner=1 blocked=1 next=2 frame=1]
[IPC V41 op=1 n=1 owner=4294967287 blocked=0 next=4294967287 frame=1]
[TTY IPC V41 reply-result=0]
[CTX kernel-running ticks=3366 heartbeat=2]
[TTY char=l]
[TTY user-char=0x0000006C]
[TTY char=s]
[TTY user-char=0x00000073]
[TTY char=0x0000000A]
[TTY user-char=0x0000000A]
[TTY line=ls]
ramdisk
boot
README
[CMD ls capacity=65536 formatted=0]
[TTY char=s]
[TTY user-char=0x00000073]
[SCHED fs-selected pc=0x40373D37 sp=0x3FCD7EA0 nest=1]
[TTY char=y]
[TTY user-char=0x00000079]
[TTY char=s]
[TTY user-char=0x00000073]
[TTY char=0x0000000A]
[TTY user-char=0x0000000A]
[TTY line=sys]
[SYS V41 received=1 op=2 source=1 resumed=1]
[SYS V41 received=2 op=8 source=1 resumed=1]
[SYS IPC V41 result=0 uptime=4372]
[RFE target=4294967290 current=4294967290 seq=5303 pc=0x4037414B ps=0x00000110]
[SYSTIMER V41 n=5000 before now=0x00000000:0x56A08C62 target=0x00000000:0x56A08B44 conf=0xC7000000 raw=0x00000001 st=0x00000001]
[SYSTIMER V41 n=5000 after now=0x00000000:0x56A08E72 target=0x00000000:0x56A49F1B conf=0xC7000000 raw=0x00000000 st=0x00000000]
[SYSTIMER V41 return deadline=0x00000000:0x56A49F1B ena=0x00000001 ien=0x00000004 pending=0x00000000 ps=0x00000110 pc=0x4037414B sp=0x3FCCDED0 psout=0x00000100 frame=1]
[IRQ count=5000 nest=1 owner=2 selected=4294967290 handoff=1 gates=1 unknown=0 clock-msgs=587]
[CTX kernel-running ticks=5045 heartbeat=3]
[TTY char=m]
[TTY user-char=0x0000006D]
[TTY char=m]
[TTY user-char=0x0000006D]
[TTY char=0x0000000A]
[TTY user-char=0x0000000A]
[TTY line=mm]
[MM V41 received=1 op=1001 source=1 resumed=1]
[MM V41 received=2 op=1002 source=1 resumed=1]
[MM IPC V41 alloc-release-result=0]
[SCHED fs-selected pc=0x40372983 sp=0x3FCD7E20 nest=1]