# Selected excerpts from the user's image-48 USB capture.
# User confirmation: screen scrolling now looks great.
# Gaps between groups omit boot and other diagnostic lines.
[FEATURE LCD-SCROLL 48]1
[TEST LCD-SCROLL 48]

[TTY READ V46 reply=3 n=1]
[TTY line=ls]
ramdisk
boot
README
[CMD ls capacity=65536 formatted=0]
[TTY WRITE V48 bytes=62 ticks=69]
[TTY line=mm]
[MM V44 received=1 op=1001 source=1 resumed=1]
[MM V44 received=2 op=1002 source=1 resumed=1]
[MM IPC V44 alloc-release-result=0]
[TTY WRITE V48 bytes=23 ticks=25]
[TTY line=ls]
ramdisk
boot
README
[CMD ls capacity=65536 formatted=0]
[TTY WRITE V48 bytes=62 ticks=143]
[TTY line=sys]
[SYS V44 received=1 op=2 source=1 resumed=1]
[SYS V44 received=2 op=8 source=1 resumed=1]
[SYS IPC V44 result=0 uptime=1191]
[TTY WRITE V48 bytes=18 ticks=175]
[TTY line=ipc]
[TTY IPC V44 reply-result=0]
[TTY WRITE V48 bytes=32 ticks=177]

[CTX kernel-running ticks=1928 heartbeat=1]
[TTY line=write]
[TTY WRITE V48 bytes=18 ticks=190]
[TTY WRITE V44 result=18 expected=18]
[TTY WRITE V48 bytes=2 ticks=2]
