 => CP32 OS kernel booting              ...

start()                                 ...
checking initialized memory             ...
.data sentinel: 0xC032DA7A (expected 0xC032DA7A)
.bss sentinel:  0x00000000 (expected 0x00000000)
checking exception vectors              ...
vector start:  0x40370000
vector end:    0x40370400
vector word 0: 0x000F7706
vector word 6: 0x000F1806
checking call0 stack                    ...
stack bottom:  0x3FCC5F90
stack pointer: 0x3FCCDF70
stack top:     0x3FCCDF90
stack align:   0 (expected 0)
initialize memory                       ...
setup boot parameters to kernel memory  ...
exiting start()                         ...

main() started                          ...
init process table                      ...
init stack                              ...
init TASKS                              ...
systemer irq start                      ...
[FEATURE LCD-PUNCT 43]1
[KBD probe=1]
[MM probe alloc=1 release=1 deny=1 zero=1 huge=1 adjacent=1 merge=1 owned=1 clear=1]
[KBD init=1 stale=0 int=0 status=1 fifo=0]
[RAMDISK capacity=65536]
[LCD clear-done]
[TTY user-ready nr=1 pc=0x403786AC sp=0x3FCD7F90 flags=0]
[BOOT SYSTIMER V43 conf=0xC7000000 target=0x00000000 ena=0x00000001 raw=0x00000000]
[TEST SCHEDULER 2]
[CORE readyq=1]
[CORE heldq=1]
[CORE blockedowner=1]
[CORE blockedframe=1]
[CORE runtime=1]
[CORE maps=1]
[CORE flags=1]
[CORE contexts=1]
[CORE owners=1]
[CORE ipcstate=1]
[CORE ipcqueue=1]
[CORE ipclinks=1]
[CORE proctab=1]
[CORE tasks=1]
[CORE systask=1]
[TEST LCD-PUNCT 43]

STABLE idle-entry                       ...
[SCHED return-state owner=4294967287 flags=0 selected=4294967287 fs=4294967295]
[RFE publish target=4294967287 current=4294967287 seq=1]
[RFE target=4294967287 current=4294967287 seq=1 pc=0x4037DC88 ps=0x00000100]
[SYSTIMER V43 n=1 before now=0x00000000:0x05C05A23 target=0x00000000:0x05C05908 conf=0xC7000000 raw=0x00000001 st=0x00000001]
[SYSTIMER V43 n=1 after now=0x00000000:0x05C05C29 target=0x00000000:0x05C46CDC conf=0xC7000000 raw=0x00000000 st=0x00000000]
[SYSTIMER V43 return deadline=0x00000000:0x05C46CDC ena=0x00000001 ien=0x00000004 pending=0x00000000 ps=0x00060530 pc=0x4037DC88 sp=0x3FCCAF90 psout=0x00000100 frame=1]
[IRQ count=1 nest=1 owner=4294967289 selected=4294967287 handoff=1 gates=1 unknown=0 clock-msgs=0]
[KBD poll=1]
[IPC count=1 op=2 src=132]
[IPC V43 op=2 n=1 owner=4294967287 blocked=1 next=0 frame=1]
[MM_TASK]
[SYSTIMER V43 n=2 before now=0x00000000:0x05C46DEE target=0x00000000:0x05C46CDC conf=0xC7000000 raw=0x00000001 st=0x00000001]
[SYSTIMER V43 n=2 after now=0x00000000:0x05C46FF4 target=0x00000000:0x05C880A8 conf=0xC7000000 raw=0x00000000 st=0x00000000]
[SYSTIMER V43 return deadline=0x00000000:0x05C880A8 ena=0x00000001 ien=0x00000004 pending=0x00000000 ps=0x00000110 pc=0x403780B8 sp=0x3FCCBF90 psout=0x00000100 frame=1]
[SCHED fs-selected pc=0x403786AC sp=0x3FCD7F90 nest=1]
[SCHED fs-publish flags=0 pc=0x403786AC sp=0x3FCD7F90 owner=1]
[IRQ return-frame=1 owner=1]
[CTX V43 FS-RETURN n=1 tick=3 pc=0x403786AC sp=0x3FCD7F90 a0=0x00000000 a15=0x3FCD7F90 sar=0x00000000 lcount=0x00000000 frame=1]
[TTY user-entry]
[CTX V43 FS-RETURN n=2 tick=6 pc=0x4037DBCF sp=0x3FCD7F50 a0=0x403786D1 a15=0x3FCD7F80 sar=0x0000000B lcount=0x00000000 frame=1]
[CLOCK_TASK]
[CLOCK V43 received=1 type=2 source=4294967295 tick=14 owner=4294967293 resumed=1]
[IPC blocked-resume=1 owner=4294967293 result=0]
[CLOCK V43 received=2 type=2 source=4294967295 tick=33 owner=4294967293 resumed=1]
[TTY char=f]
[TTY user-char=0x00000066]
[TTY char=o]
[TTY user-char=0x0000006F]
[TTY char=n]
[TTY user-char=0x0000006E]
[TTY char=t]
[TTY user-char=0x00000074]
[TTY char=0x0000000A]
[TTY user-char=0x0000000A]
[TTY line=font]
hyphen: -
under:  _
slash:  /
equals: =
[TTY char=m]
[TTY user-char=0x0000006D]
[TTY char=m]
[TTY user-char=0x0000006D]
[TTY char=0x0000000A]
[TTY user-char=0x0000000A]
[TTY line=mm]
[IPC V43 op=3 n=1 owner=1 blocked=1 next=2 frame=1]
[MM V43 received=1 op=1001 source=1 resumed=1]
[IPC V43 op=1 n=1 owner=0 blocked=0 next=0 frame=1]
[MM V43 received=2 op=1002 source=1 resumed=1]
[MM IPC V43 alloc-release-result=0]
[SCHED fs-selected pc=0x40373DCB sp=0x3FCD7F30 nest=1]
[TTY char=s]
[TTY user-char=0x00000073]
[TTY char=y]
[TTY user-char=0x00000079]
[TTY char=s]
[TTY user-char=0x00000073]
[TTY char=0x0000000A]
[TTY user-char=0x0000000A]
[TTY line=sys]
[SYS V43 received=1 op=2 source=1 resumed=1]
[CTX kernel-running ticks=1690 heartbeat=1]
[SYS V43 received=2 op=8 source=1 resumed=1]
[SYS IPC V43 result=0 uptime=1700]
[TTY char=i]
[TTY user-char=0x00000069]
[TTY char=p]
[TTY user-char=0x00000070]
[TTY char=c]
[TTY user-char=0x00000063]
[TTY char=0x0000000A]
[TTY user-char=0x0000000A]
[TTY line=ipc]
[TTY IPC V43 reply-result=0]
[SCHED fs-selected pc=0x40373DCB sp=0x3FCD7F30 nest=1]
[TTY char=l]
[TTY user-char=0x0000006C]
[TTY char=s]
[TTY user-char=0x00000073]
[TTY char=0x0000000A]
[TTY user-char=0x0000000A]
[TTY line=ls]
ramdisk
boot
README
[CMD ls capacity=65536 formatted=0]
[CTX kernel-running ticks=3353 heartbeat=2]
[TTY char=-]
[TTY user-char=0x0000002D]
[TTY char=-]
[TTY user-char=0x0000002D]
[SCHED fs-selected pc=0x40373DCB sp=0x3FCD7F30 nest=1]
[TTY char=-]
[TTY user-char=0x0000002D]
[TTY char=_]
[TTY user-char=0x0000005F]
[TTY char=0x00000008]
[TTY user-char=0x00000008]
[TTY char=_]
[TTY user-char=0x0000005F]
[RFE target=1 current=1 seq=5307 pc=0x40373DCB ps=0x00000110]
[SYSTIMER V43 n=5000 before now=0x00000000:0x572FF188 target=0x00000000:0x572FF06A conf=0xC7000000 raw=0x00000001 st=0x00000001]
[SYSTIMER V43 n=5000 after now=0x00000000:0x572FF399 target=0x00000000:0x57340441 conf=0xC7000000 raw=0x00000000 st=0x00000000]
[SYSTIMER V43 return deadline=0x00000000:0x57340441 ena=0x00000001 ien=0x00000004 pending=0x00000000 ps=0x00000110 pc=0x40373DCB sp=0x3FCD7F30 psout=0x00000100 frame=1]
[IRQ count=5000 nest=1 owner=4294967291 selected=1 handoff=1 gates=1 unknown=0 clock-msgs=587]
[CTX kernel-running ticks=5038 heartbeat=3]
[TTY char=_]
[TTY user-char=0x0000005F]
[TTY char=-]
[TTY user-char=0x0000002D]
[TTY char=_]
[TTY user-char=0x0000005F]
[SCHED fs-selected pc=0x40373DCB sp=0x3FCD7F30 nest=0]
[TTY char=a]
[TTY user-char=0x00000061]
[TTY char=A]
[TTY user-char=0x00000041]
[CTX kernel-running ticks=6722 heartbeat=4]
[TTY char=A]
[TTY user-char=0x00000041]
[SCHED fs-selected pc=0x40373DCB sp=0x3FCD7F30 nest=1]
[TTY char=a]
[TTY user-char=0x00000061]
[TTY char=A]
[TTY user-char=0x00000041]
[TTY char=A]
[TTY user-char=0x00000041]
[TTY char=A]
[TTY user-char=0x00000041]