 => CP32 OS kernel booting              ...

start()                                 ...
checking initialized memory             ...
.data sentinel: 0xC032DA7A (expected 0xC032DA7A)
.bss sentinel:  0x00000000 (expected 0x00000000)
checking exception vectors              ...
vector start:  0x40370000
vector end:    0x40370400
vector word 0: 0x000FA506
vector word 6: 0x000F4606
checking call0 stack                    ...
stack bottom:  0x3FCD2600
stack pointer: 0x3FCDA5E0
stack top:     0x3FCDA600
stack align:   0 (expected 0)
initialize memory                       ...
setup boot parameters to kernel memory  ...
exiting start()                         ...

main() started                          ...
init process table                      ...
init stack                              ...
init TASKS                              ...
systemer irq start                      ...
[FEATURE LOWER-NAMES 72]1
[KBD probe=1]
[MM probe alloc=1 release=1 deny=1 zero=1 huge=1 adjacent=1 merge=1 owned=1 clear=1]
[KBD init=1 stale=0 int=0 status=1 fifo=0]
[RAMDISK capacity=65536]
[LCD clear-done]
[TTY user-ready nr=1 pc=0x403798DC sp=0x3FCE4600 flags=0]
[BOOT SYSTIMER V44 conf=0xC7000000 target=0x00000000 ena=0x00000001 raw=0x00000000]
[TEST SCHEDULER 2]
[CORE readyq=1]
[CORE heldq=1]
[CORE blockedowner=1]
[CORE blockedframe=1]
[CORE runtime=1]
[CORE maps=1]
[CORE flags=1]
[CORE contexts=1]
[CORE owners=1]
[CORE ipcstate=1]
[CORE ipcqueue=1]
[CORE ipclinks=1]
[CORE proctab=1]
[CORE tasks=1]
[CORE systask=1]
[TEST LOWER-NAMES 72]

STABLE idle-entry                       ...
[SCHED return-state owner=4294967287 flags=0 selected=4294967287 fs=4294967295]
[RFE publish target=4294967287 current=4294967287 seq=1]
[RFE target=4294967287 current=4294967287 seq=1 pc=0x4037F044 ps=0x00000100]
[SYSTIMER V44 n=1 before now=0x00000000:0x09F0D6A4 target=0x00000000:0x09F0D586 conf=0xC7000000 raw=0x00000001 st=0x00000001]
[SYSTIMER V44 n=1 after now=0x00000000:0x09F0D8AA target=0x00000000:0x09F4E95D conf=0xC7000000 raw=0x00000000 st=0x00000000]
[SYSTIMER V44 return deadline=0x00000000:0x09F4E95D ena=0x00000001 ien=0x00000004 pending=0x00000000 ps=0x00060530 pc=0x4037F044 sp=0x3FCD7600 psout=0x00000100 frame=1]
[IRQ V68 count=1 nest=1 owner=4294967289 selected=4294967287 handoff=1 gates=1 unknown=0 clock-msgs=0]
[IPC count=1 op=2 src=132]
[IPC V44 op=2 n=1 owner=4294967287 blocked=1 next=0 frame=1]
[MM_TASK]
[SCHED fs-selected pc=0x403798DC sp=0x3FCE4600 nest=0]
[TTY user-entry]
[IPC blocked-resume=1 owner=4294967287 result=0]
[IPC V44 op=3 n=1 owner=1 blocked=1 next=4294967293 frame=1]
[CLOCK_TASK]
[IPC V44 op=1 n=1 owner=4294967287 blocked=0 next=4294967287 frame=1]
[SYSTIMER V44 n=2 before now=0x00000000:0x09F4F3C5 target=0x00000000:0x09F4E95D conf=0xC7000000 raw=0x00000001 st=0x00000001]
[SYSTIMER V44 n=2 after now=0x00000000:0x09F4F5CA target=0x00000000:0x09F9067E conf=0xC7000000 raw=0x00000000 st=0x00000000]
[SYSTIMER V44 return deadline=0x00000000:0x09F9067E ena=0x00000001 ien=0x00000004 pending=0x00000000 ps=0x00000110 pc=0x403740F7 sp=0x3FCD75A0 psout=0x00000100 frame=1]
[CLOCK V44 received=1 type=2 source=4294967295 tick=6 owner=4294967293 resumed=1]
[CLOCK V44 received=2 type=2 source=4294967295 tick=12 owner=4294967293 resumed=1]
[TTY READ V46 reply=3 n=1]
[TTY line=ls]
[RAM V49 op=3 result=1024 n=1]
[RAM V49 op=3 result=1024 n=2]
[RAM V49 op=3 result=1024 n=3]
[RAM V49 op=3 result=1024 n=4]
[RAM V49 op=3 result=1024 n=5]
.
..
boot
readme
[TTY WRITE V48 bytes=23 ticks=20]
[TTY line=ls boot]
[RAM V49 op=3 result=1024 n=6]
[RAM V49 op=3 result=1024 n=7]
[RAM V49 op=3 result=1024 n=8]
.
..
readme
indirect
double
large
[TTY WRITE V48 bytes=42 ticks=94]
[CTX kernel-running ticks=1461 heartbeat=1]
[TTY line=ls boot/large]
[SCHED fs-publish flags=0 pc=0x403740F7 sp=0x3FCE4080 owner=1]
[IRQ return-frame=1 owner=1]
[CTX V44 FS-RETURN n=1 tick=2509 pc=0x403740F7 sp=0x3FCE4080 a0=0x40372349 a15=0x3FCE4080 sar=0x00000020 lcount=0x00000000 frame=1]
.
..
readme
[TTY WRITE V48 bytes=17 ticks=109]
[CTX kernel-running ticks=2960 heartbeat=2]
[TTY line=cat readme]
CP32 MINIX V2 RAM filesystem.
Read-only filesystem bring-up.
[TTY WRITE V48 bytes=65 ticks=169]
[CTX V44 FS-RETURN n=2 tick=3420 pc=0x403740F7 sp=0x3FCE4510 a0=0x40372349 a15=0x3FCE4510 sar=0x00000003 lcount=0x00000000 frame=1]
[CTX kernel-running ticks=4528 heartbeat=3]
[IPC V44 op=2 n=5000 owner=4294967287 blocked=1 next=4294967289 frame=1]
[TTY line=tail boot/double]
Double indirect line 02
Double indirect line 03
Double indirect line 04
Double indirect line 05
Double indirect line 06
Double indirect line 07
Double indirect line 08
Double indirect line 09
Double indirect line 10
DOUBLE INDIRECT READ OK
[RFE target=4294967287 current=4294967287 seq=5105 pc=0x40372A90 ps=0x00000110]
[SYSTIMER V44 n=5000 before now=0x00000000:0x597F48EC target=0x00000000:0x597F47C4 conf=0xC7000000 raw=0x00000001 st=0x00000001]
[SYSTIMER V44 n=5000 after now=0x00000000:0x597F4AFD target=0x00000000:0x59835BA5 conf=0xC7000000 raw=0x00000000 st=0x00000000]
[SYSTIMER V44 return deadline=0x00000000:0x59835BA5 ena=0x00000001 ien=0x00000004 pending=0x00000000 ps=0x00000110 pc=0x40372A90 sp=0x3FCD7430 psout=0x00000100 frame=1]
[IRQ V68 count=5000 nest=1 owner=4294967287 selected=4294967287 handoff=0 gates=1 unknown=0 clock-msgs=710]
[TTY WRITE V48 bytes=252 ticks=187]
[CTX kernel-running ticks=6308 heartbeat=4]
[TTY line=cat boot/large/readme]
CP32 MINIX V2 RAM filesystem.
Read-only filesystem bring-up.
[TTY WRITE V48 bytes=65 ticks=235]
[CTX kernel-running ticks=8451 heartbeat=5]
[RFE target=4294967287 current=4294967287 seq=9685 pc=0x403740F7 ps=0x00000110]
[SYSTIMER V44 n=10000 before now=0x00000000:0xA912CA56 target=0x00000000:0xA912C92D conf=0xC7000000 raw=0x00000001 st=0x00000001]
[SYSTIMER V44 n=10000 after now=0x00000000:0xA912CC67 target=0x00000000:0xA916DD10 conf=0xC7000000 raw=0x00000000 st=0x00000000]
[SYSTIMER V44 return deadline=0x00000000:0xA916DD10 ena=0x00000001 ien=0x00000004 pending=0x00000000 ps=0x00060530 pc=0x403740F7 sp=0x3FCD75A0 psout=0x00000100 frame=1]
[IRQ V68 count=10000 nest=1 owner=4294967289 selected=4294967287 handoff=1 gates=1 unknown=0 clock-msgs=1363]
[CTX kernel-running ticks=10083 heartbeat=6]
[TTY line=cpm boot/readme boot/large/readme]
[CMD unknown=cpm boot/readme boot/large/readme]
[TTY WRITE V48 bytes=51 ticks=220]
[IPC V44 op=2 n=10000 owner=4294967293 blocked=1 next=4294967289 frame=1]
[CTX kernel-running ticks=11679 heartbeat=7]
[CTX kernel-running ticks=13622 heartbeat=8]
[TTY line=cmp boot/readme boot/large/readme]
Files identical
[TTY WRITE V48 bytes=19 ticks=238]