 => CP32 OS kernel booting              ...

start()                                 ...
checking initialized memory             ...
.data sentinel: 0xC032DA7A (expected 0xC032DA7A)
.bss sentinel:  0x00000000 (expected 0x00000000)
checking exception vectors              ...
vector start:  0x40370000
vector end:    0x40370400
vector word 0: 0x000FA506
vector word 6: 0x000F4606
checking call0 stack                    ...
stack bottom:  0x3FCCE280
stack pointer: 0x3FCD6260
stack top:     0x3FCD6280
stack align:   0 (expected 0)
initialize memory                       ...
setup boot parameters to kernel memory  ...
exiting start()                         ...

main() started                          ...
init process table                      ...
init stack                              ...
init TASKS                              ...
systemer irq start                      ...
[FEATURE MINIX-CWD 65]1
[KBD probe=1]
[MM probe alloc=1 release=1 deny=1 zero=1 huge=1 adjacent=1 merge=1 owned=1 clear=1]
[KBD init=1 stale=0 int=0 status=1 fifo=0]
[RAMDISK capacity=65536]
[LCD clear-done]
[TTY user-ready nr=1 pc=0x4037942C sp=0x3FCE0280 flags=0]
[BOOT SYSTIMER V44 conf=0xC7000000 target=0x00000000 ena=0x00000001 raw=0x00000000]
[TEST SCHEDULER 2]
[CORE readyq=1]
[CORE heldq=1]
[CORE blockedowner=1]
[CORE blockedframe=1]
[CORE runtime=1]
[CORE maps=1]
[CORE flags=1]
[CORE contexts=1]
[CORE owners=1]
[CORE ipcstate=1]
[CORE ipcqueue=1]
[CORE ipclinks=1]
[CORE proctab=1]
[CORE tasks=1]
[CORE systask=1]
[TEST MINIX-CWD 65]

STABLE idle-entry                       ...
[SCHED return-state owner=4294967287 flags=0 selected=4294967287 fs=4294967295]
[RFE publish target=4294967287 current=4294967287 seq=1]
[RFE target=4294967287 current=4294967287 seq=1 pc=0x4037EB94 ps=0x00000100]
[SYSTIMER V44 n=1 before now=0x00000000:0x09EC8E6A target=0x00000000:0x09EC8D4E conf=0xC7000000 raw=0x00000001 st=0x00000001]
[SYSTIMER V44 n=1 after now=0x00000000:0x09EC906F target=0x00000000:0x09F0A123 conf=0xC7000000 raw=0x00000000 st=0x00000000]
[SYSTIMER V44 return deadline=0x00000000:0x09F0A123 ena=0x00000001 ien=0x00000004 pending=0x00000000 ps=0x00060530 pc=0x4037EB94 sp=0x3FCD3280 psout=0x00000100 frame=1]
[IRQ count=1 nest=1 owner=4294967289 selected=4294967287 handoff=1 gates=1 unknown=0 clock-msgs=0]
[IPC count=1 op=2 src=132]
[IPC V44 op=2 n=1 owner=4294967287 blocked=1 next=0 frame=1]
[MM_TASK]
[SCHED fs-selected pc=0x4037942C sp=0x3FCE0280 nest=0]
[TTY user-entry]
[IPC blocked-resume=1 owner=4294967287 result=0]
[IPC V44 op=3 n=1 owner=1 blocked=1 next=4294967293 frame=1]
[CLOCK_TASK]
[SYSTIMER V44 n=2 before now=0x00000000:0x09F0AB46 target=0x00000000:0x09F0A123 conf=0xC7000000 raw=0x00000001 st=0x00000001]
[SYSTIMER V44 n=2 after now=0x00000000:0x09F0AD4B target=0x00000000:0x09F4BDFF conf=0xC7000000 raw=0x00000000 st=0x00000000]
[SYSTIMER V44 return deadline=0x00000000:0x09F4BDFF ena=0x00000001 ien=0x00000004 pending=0x00000000 ps=0x00000110 pc=0x403740EF sp=0x3FCD3220 psout=0x00000100 frame=1]
[IPC V44 op=1 n=1 owner=4294967287 blocked=0 next=4294967287 frame=1]
[CLOCK V44 received=1 type=2 source=4294967295 tick=6 owner=4294967293 resumed=1]
[CLOCK V44 received=2 type=2 source=4294967295 tick=12 owner=4294967293 resumed=1]
[TTY READ V46 reply=4 n=1]
[TTY line=pwd]
/
[TTY WRITE V48 bytes=5 ticks=3]
[TTY line=cd ..]
[RAM V49 op=3 result=24 n=1]
[RAM V49 op=3 result=2 n=2]
[RAM V49 op=3 result=64 n=3]
[RAM V49 op=3 result=2 n=4]
[RAM V49 op=3 result=16 n=5]
[RAM V49 op=3 result=2 n=6]
[RAM V49 op=3 result=16 n=7]
[RAM V49 op=3 result=2 n=8]
[SCHED fs-publish flags=0 pc=0x403740EF sp=0x3FCDFC80 owner=1]
[IRQ return-frame=1 owner=1]
[CTX V44 FS-RETURN n=1 tick=887 pc=0x403740EF sp=0x3FCDFC80 a0=0x40372349 a15=0x3FCDFC80 sar=0x00000001 lcount=0x00000000 frame=1]
[TTY WRITE V48 bytes=2 ticks=2]
[TTY line=pwd]
/
[TTY WRITE V48 bytes=5 ticks=3]
[CTX kernel-running ticks=1355 heartbeat=1]
[TTY line=cd boot]
[CTX V44 FS-RETURN n=2 tick=1810 pc=0x403740EF sp=0x3FCDFCE0 a0=0x40372349 a15=0x3FCDFCE0 sar=0x00000002 lcount=0x00000000 frame=1]
[TTY WRITE V48 bytes=2 ticks=1]
[TTY line=ls]
.
..
README
INDIRECT
DOUBLE
[TTY WRITE V48 bytes=35 ticks=85]
[TTY line=pwd]
/boot
[TTY WRITE V48 bytes=9 ticks=91]
[CTX kernel-running ticks=2931 heartbeat=2]
[TTY line=stat DOUBLE]
file inode=5 size=269576 links=1
uid=0 gid=0 mtime=0
[TTY WRITE V48 bytes=57 ticks=145]
[CTX kernel-running ticks=4459 heartbeat=3]
[IPC V44 op=2 n=5000 owner=4294967287 blocked=1 next=4294967293 frame=1]
[RFE target=4294967287 current=4294967287 seq=5705 pc=0x403740EF ps=0x00000110]
[SYSTIMER V44 n=5000 before now=0x00000000:0x597AD9FD target=0x00000000:0x597AD8D6 conf=0xC7000000 raw=0x00000001 st=0x00000001]
[SYSTIMER V44 n=5000 after now=0x00000000:0x597ADC0E target=0x00000000:0x597EECB6 conf=0xC7000000 raw=0x00000000 st=0x00000000]
[SYSTIMER V44 return deadline=0x00000000:0x597EECB6 ena=0x00000001 ien=0x00000004 pending=0x00000000 ps=0x00060530 pc=0x403740EF sp=0x3FCD3220 psout=0x00000100 frame=1]
[IRQ count=5000 nest=1 owner=4294967289 selected=4294967287 handoff=1 gates=1 unknown=0 clock-msgs=775]
[TTY line=tail DOUBLE]
Double indirect line 02
Double indirect line 03
Double indirect line 04
Double indirect line 05
Double indirect line 06
Double indirect line 07
Double indirect line 08
Double indirect line 09
Double indirect line 10
DOUBLE INDIRECT READ OK
[TTY WRITE V48 bytes=252 ticks=190]
[CTX kernel-running ticks=6041 heartbeat=4]
[TTY line=cd /]
[TTY line=pwd]
/
[CTX kernel-running ticks=7711 heartbeat=5]
[TTY line=stat boot]
directory inode=2 size=80 links=2
uid=0 gid=0 mtime=0
[TTY line=cd -]
Directory change failed: 5
[CTX kernel-running ticks=9436 heartbeat=6]
[IPC V44 op=2 n=10000 owner=4294967287 blocked=1 next=4294967289 frame=1]
[TTY line=pwd]
/