 => CP32 OS kernel booting              ...

start()                                 ...
checking initialized memory             ...
.data sentinel: 0xC032DA7A (expected 0xC032DA7A)
.bss sentinel:  0x00000000 (expected 0x00000000)
checking exception vectors              ...
vector start:  0x40370000
vector end:    0x40370400
vector word 0: 0x000F3906
vector word 6: 0x000EDA06
checking call0 stack                    ...
stack bottom:  0x3FCD3D00
stack pointer: 0x3FCDBCE0
stack top:     0x3FCDBD00
stack align:   0 (expected 0)
initialize memory                       ...
setup boot parameters to kernel memory  ...
exiting start()                         ...

main() started                          ...
init process table                      ...
init stack                              ...
init TASKS                              ...
systemer irq start                      ...
[FEATURE MINIX-WC 82]1
[KBD probe=1]
[MM probe alloc=1 release=1 deny=1 zero=1 huge=1 adjacent=1 merge=1 owned=1 clear=1]
[KBD init=1 stale=0 int=0 status=1 fifo=0]
[RAMDISK capacity=65536]
[LCD clear-done]
[TTY user-ready nr=1 pc=0x4037A278 sp=0x3FCE5D00 flags=0]
[BOOT SYSTIMER V44 conf=0xC7000000 target=0x00000000 ena=0x00000001 raw=0x00000000]
[TEST SCHEDULER 2]
[CORE readyq=1]
[CORE heldq=1]
[CORE blockedowner=1]
[CORE blockedframe=1]
[CORE runtime=1]
[CORE maps=1]
[CORE flags=1]
[CORE contexts=1]
[CORE owners=1]
[CORE ipcstate=1]
[CORE ipcqueue=1]
[CORE ipclinks=1]
[CORE proctab=1]
[CORE tasks=1]
[CORE systask=1]
[TEST MINIX-WC 82]

STABLE idle-entry                       ...
[SCHED return-state owner=4294967287 flags=0 selected=4294967287 fs=4294967295]
[RFE publish target=4294967287 current=4294967287 seq=1]
[RFE target=4294967287 current=4294967287 seq=1 pc=0x4037FC00 ps=0x00000100]
[SYSTIMER V44 n=1 before now=0x00000000:0x092112A6 target=0x00000000:0x09211188 conf=0xC7000000 raw=0x00000001 st=0x00000001]
[SYSTIMER V44 n=1 after now=0x00000000:0x092114AB target=0x00000000:0x0925255F conf=0xC7000000 raw=0x00000000 st=0x00000000]
[SYSTIMER V44 return deadline=0x00000000:0x0925255F ena=0x00000001 ien=0x00000004 pending=0x00000000 ps=0x00060530 pc=0x4037FC00 sp=0x3FCD8D00 psout=0x00000100 frame=1]
[IRQ V68 count=1 nest=1 owner=4294967289 selected=4294967287 handoff=1 gates=1 unknown=0 clock-msgs=0]
[IPC count=1 op=2 src=132]
[IPC V44 op=2 n=1 owner=4294967287 blocked=1 next=0 frame=1]
[MM_TASK]
[SCHED fs-selected pc=0x4037A278 sp=0x3FCE5D00 nest=0]
[TTY user-entry]
[IPC blocked-resume=1 owner=4294967287 result=0]
[IPC V44 op=3 n=1 owner=1 blocked=1 next=4294967293 frame=1]
[CLOCK_TASK]
[IPC V44 op=1 n=1 owner=4294967287 blocked=0 next=4294967287 frame=1]
[SCHED fs-publish flags=0 pc=0x40373F47 sp=0x3FCE5C30 owner=1]
[IRQ return-frame=1 owner=1]
[CTX V44 FS-RETURN n=1 tick=2 pc=0x40373F47 sp=0x3FCE5C30 a0=0x403722A9 a15=0x3FCE5C30 sar=0x00000000 lcount=0x00000000 frame=1]
[SYSTIMER V44 n=2 before now=0x00000000:0x09255C92 target=0x00000000:0x0925255F conf=0xC7000000 raw=0x00000001 st=0x00000001]
[SYSTIMER V44 n=2 after now=0x00000000:0x09255E98 target=0x00000000:0x09296F4C conf=0xC7000000 raw=0x00000000 st=0x00000000]
[SYSTIMER V44 return deadline=0x00000000:0x09296F4C ena=0x00000001 ien=0x00000004 pending=0x00000000 ps=0x00000110 pc=0x40373F47 sp=0x3FCE5C30 psout=0x00000100 frame=1]
[CLOCK V44 received=1 type=2 source=4294967295 tick=6 owner=4294967293 resumed=1]
[CLOCK V44 received=2 type=2 source=4294967295 tick=12 owner=4294967293 resumed=1]
[CTX kernel-running ticks=1147 heartbeat=1]
[TTY READ V46 reply=10 n=1]
[TTY line=wc readme]
[RAM V49 op=3 result=1024 n=1]
[RAM V49 op=3 result=1024 n=2]
[RAM V49 op=3 result=1024 n=3]
[RAM V49 op=3 result=1024 n=4]
[RAM V49 op=3 result=1024 n=5]
[RAM V49 op=3 result=1024 n=6]
2 8 61 readme
[TTY WRITE V48 bytes=17 ticks=16]
[TTY line=wc -l readme]
[RAM V49 op=3 result=1024 n=7]
[RAM V49 op=3 result=1024 n=8]
2 readme
[TTY WRITE V48 bytes=12 ticks=11]
[CTX V44 FS-RETURN n=2 tick=2281 pc=0x40373F47 sp=0x3FCE5C10 a0=0x403722A9 a15=0x3FCE5C10 sar=0x00000002 lcount=0x00000000 frame=1]
[CTX kernel-running ticks=2568 heartbeat=2]
[TTY line=wc -wc readme]
8 61 readme
[TTY WRITE V48 bytes=15 ticks=14]
[CTX kernel-running ticks=3973 heartbeat=3]
[IPC V44 op=2 n=5000 owner=4294967287 blocked=1 next=4294967289 frame=1]
[TTY line=wc -l boot/double]
11 boot/double
[TTY WRITE V48 bytes=18 ticks=19]
[RFE target=4294967287 current=4294967287 seq=5867 pc=0x40373F47 ps=0x00000110]
[SYSTIMER V44 n=5000 before now=0x00000000:0x58AF4B84 target=0x00000000:0x58AF4A5B conf=0xC7000000 raw=0x00000001 st=0x00000001]
[SYSTIMER V44 n=5000 after now=0x00000000:0x58AF4D95 target=0x00000000:0x58B35E3D conf=0xC7000000 raw=0x00000000 st=0x00000000]
[SYSTIMER V44 return deadline=0x00000000:0x58B35E3D ena=0x00000001 ien=0x00000004 pending=0x00000000 ps=0x00060530 pc=0x40373F47 sp=0x3FCD8CA0 psout=0x00000100 frame=1]
[IRQ V68 count=5000 nest=1 owner=4294967289 selected=4294967287 handoff=1 gates=1 unknown=0 clock-msgs=825]
[TTY line=ls boot]
.
..
readme
indirect
double
large
[TTY WRITE V48 bytes=42 ticks=167]
[CTX kernel-running ticks=5656 heartbeat=4]
[TTY line=wc -l boot/indirect]
225 boot/indirect
[TTY WRITE V48 bytes=21 ticks=157]