 => CP32 OS kernel booting              ...

start()                                 ...
checking initialized memory             ...
.data sentinel: 0xC032DA7A (expected 0xC032DA7A)
.bss sentinel:  0x00000000 (expected 0x00000000)
checking exception vectors              ...
vector start:  0x40370000
vector end:    0x40370400
vector word 0: 0x000FA506
vector word 6: 0x000F4606
checking call0 stack                    ...
stack bottom:  0x3FCD1BD0
stack pointer: 0x3FCD9BB0
stack top:     0x3FCD9BD0
stack align:   0 (expected 0)
initialize memory                       ...
setup boot parameters to kernel memory  ...
exiting start()                         ...

main() started                          ...
init process table                      ...
init stack                              ...
init TASKS                              ...
systemer irq start                      ...
[FEATURE MINIX-CACHE 69]1
[KBD probe=1]
[MM probe alloc=1 release=1 deny=1 zero=1 huge=1 adjacent=1 merge=1 owned=1 clear=1]
[KBD init=1 stale=0 int=0 status=1 fifo=0]
[RAMDISK capacity=65536]
[LCD clear-done]
[TTY user-ready nr=1 pc=0x40379534 sp=0x3FCE3BD0 flags=0]
[BOOT SYSTIMER V44 conf=0xC7000000 target=0x00000000 ena=0x00000001 raw=0x00000000]
[TEST SCHEDULER 2]
[CORE readyq=1]
[CORE heldq=1]
[CORE blockedowner=1]
[CORE blockedframe=1]
[CORE runtime=1]
[CORE maps=1]
[CORE flags=1]
[CORE contexts=1]
[CORE owners=1]
[CORE ipcstate=1]
[CORE ipcqueue=1]
[CORE ipclinks=1]
[CORE proctab=1]
[CORE tasks=1]
[CORE systask=1]
[TEST MINIX-CACHE 69]

STABLE idle-entry                       ...
[SCHED return-state owner=4294967287 flags=0 selected=4294967287 fs=4294967295]
[RFE publish target=4294967287 current=4294967287 seq=1]
[RFE target=4294967287 current=4294967287 seq=1 pc=0x4037EC9C ps=0x00000100]
[SYSTIMER V44 n=1 before now=0x00000000:0x09F08BA3 target=0x00000000:0x09F08A85 conf=0xC7000000 raw=0x00000001 st=0x00000001]
[SYSTIMER V44 n=1 after now=0x00000000:0x09F08DA9 target=0x00000000:0x09F49E5C conf=0xC7000000 raw=0x00000000 st=0x00000000]
[SYSTIMER V44 return deadline=0x00000000:0x09F49E5C ena=0x00000001 ien=0x00000004 pending=0x00000000 ps=0x00060530 pc=0x4037EC9C sp=0x3FCD6BD0 psout=0x00000100 frame=1]
[IRQ V68 count=1 nest=1 owner=4294967289 selected=4294967287 handoff=1 gates=1 unknown=0 clock-msgs=0]
[IPC count=1 op=2 src=132]
[IPC V44 op=2 n=1 owner=4294967287 blocked=1 next=0 frame=1]
[MM_TASK]
[SCHED fs-selected pc=0x40379534 sp=0x3FCE3BD0 nest=0]
[TTY user-entry]
[IPC blocked-resume=1 owner=4294967287 result=0]
[IPC V44 op=3 n=1 owner=1 blocked=1 next=4294967293 frame=1]
[CLOCK_TASK]
[IPC V44 op=1 n=1 owner=4294967287 blocked=0 next=4294967287 frame=1]
[SCHED fs-publish flags=0 pc=0x403740F7 sp=0x3FCE3B00 owner=1]
[IRQ return-frame=1 owner=1]
[CTX V44 FS-RETURN n=1 tick=2 pc=0x403740F7 sp=0x3FCE3B00 a0=0x40372349 a15=0x3FCE3B00 sar=0x00000000 lcount=0x00000000 frame=1]
[SYSTIMER V44 n=2 before now=0x00000000:0x09F4E3FF target=0x00000000:0x09F49E5C conf=0xC7000000 raw=0x00000001 st=0x00000001]
[SYSTIMER V44 n=2 after now=0x00000000:0x09F4E605 target=0x00000000:0x09F8F6B8 conf=0xC7000000 raw=0x00000000 st=0x00000000]
[SYSTIMER V44 return deadline=0x00000000:0x09F8F6B8 ena=0x00000001 ien=0x00000004 pending=0x00000000 ps=0x00000110 pc=0x403740F7 sp=0x3FCE3B00 psout=0x00000100 frame=1]
[CLOCK V44 received=1 type=2 source=4294967295 tick=6 owner=4294967293 resumed=1]
[CLOCK V44 received=2 type=2 source=4294967295 tick=12 owner=4294967293 resumed=1]
[CTX kernel-running ticks=1107 heartbeat=1]
[CTX kernel-running ticks=2212 heartbeat=2]
[CTX kernel-running ticks=3317 heartbeat=3]
[IPC V44 op=2 n=5000 owner=4294967287 blocked=1 next=4294967289 frame=1]
[CTX kernel-running ticks=4487 heartbeat=4]
[RFE target=4294967287 current=4294967287 seq=5832 pc=0x403740F7 ps=0x00000110]
[SYSTIMER V44 n=5000 before now=0x00000000:0x597E1C70 target=0x00000000:0x597E1B47 conf=0xC7000000 raw=0x00000001 st=0x00000001]
[SYSTIMER V44 n=5000 after now=0x00000000:0x597E1E81 target=0x00000000:0x59822F29 conf=0xC7000000 raw=0x00000000 st=0x00000000]
[SYSTIMER V44 return deadline=0x00000000:0x59822F29 ena=0x00000001 ien=0x00000004 pending=0x00000000 ps=0x00060530 pc=0x403740F7 sp=0x3FCD6B70 psout=0x00000100 frame=1]
[IRQ V68 count=5000 nest=1 owner=4294967289 selected=4294967287 handoff=1 gates=1 unknown=0 clock-msgs=834]
[TTY READ V46 reply=14 n=1]
[TTY line=ls boot/LARGE]
[RAM V49 op=3 result=1024 n=1]
[RAM V49 op=3 result=1024 n=2]
[RAM V49 op=3 result=1024 n=3]
[RAM V49 op=3 result=1024 n=4]
[RAM V49 op=3 result=1024 n=5]
[RAM V49 op=3 result=1024 n=6]
[RAM V49 op=3 result=1024 n=7]
[RAM V49 op=3 result=1024 n=8]
.
..
README
[TTY WRITE V48 bytes=17 ticks=14]
[CTX kernel-running ticks=5886 heartbeat=5]
[TTY line=cat boot/LARGE/READE]
[CTX V44 FS-RETURN n=2 tick=7272 pc=0x403740F7 sp=0x3FCE3570 a0=0x40372349 a15=0x3FCE3570 sar=0x00000020 lcount=0x00000000 frame=1]
File not found
[TTY WRITE V48 bytes=18 ticks=18]
[CTX kernel-running ticks=7301 heartbeat=6]
[IPC V44 op=2 n=10000 owner=4294967287 blocked=1 next=4294967289 frame=1]
[CTX kernel-running ticks=8685 heartbeat=7]
[TTY line=cat boot/LARGE/README]
CP32 MINIX V2 RAM filesystem.
Read-only filesystem bring-up.
[TTY WRITE V48 bytes=65 ticks=157]
[TTY line=disk]
[RAM IPC V49 result=0]
[RFE target=4294967287 current=4294967287 seq=11499 pc=0x40372859 ps=0x00000110]
[SYSTIMER V44 n=10000 before now=0x00000000:0xA90FCDFC target=0x00000000:0xA90FCCD4 conf=0xC7000000 raw=0x00000001 st=0x00000001]
[SYSTIMER V44 n=10000 after now=0x00000000:0xA90FD00D target=0x00000000:0xA913E0B5 conf=0xC7000000 raw=0x00000000 st=0x00000000]
[SYSTIMER V44 return deadline=0x00000000:0xA913E0B5 ena=0x00000001 ien=0x00000004 pending=0x00000000 ps=0x00000110 pc=0x40372859 sp=0x3FCD69E0 psout=0x00000100 frame=1]
[IRQ V68 count=10000 nest=1 owner=4294967287 selected=4294967287 handoff=0 gates=1 unknown=0 clock-msgs=1631]
[TTY WRITE V48 bytes=26 ticks=172]
[CTX kernel-running ticks=10402 heartbeat=8]
[CTX kernel-running ticks=11785 heartbeat=9]
[TTY line=tail boot/DOUBLE]
Double indirect line 02
Double indirect line 03
Double indirect line 04
Double indirect line 05
Double indirect line 06
Double indirect line 07
Double indirect line 08
Double indirect line 09
Double indirect line 10
DOUBLE INDIRECT READ OK
[TTY WRITE V48 bytes=252 ticks=206]
[TTY line=mm]
[MM V44 received=1 op=1001 source=1 resumed=1]
[MM V44 received=2 op=1002 source=1 resumed=1]
[MM IPC V44 alloc-release-result=0]
[TTY WRITE V48 bytes=23 ticks=206]
[IPC V44 op=2 n=15000 owner=4294967287 blocked=1 next=4294967289 frame=1]
[CTX kernel-running ticks=13827 heartbeat=10]
[TTY line=ls boot/LARGE]
.
..
README
[TTY WRITE V48 bytes=17 ticks=156]
[RFE target=4294967287 current=4294967287 seq=16302 pc=0x403740F7 ps=0x00000110]
[SYSTIMER V44 n=15000 before now=0x00000000:0xF8A36B3E target=0x00000000:0xF8A36A15 conf=0xC7000000 raw=0x00000001 st=0x00000001]
[SYSTIMER V44 n=15000 after now=0x00000000:0xF8A36D4F target=0x00000000:0xF8A77DF8 conf=0xC7000000 raw=0x00000000 st=0x00000000]
[SYSTIMER V44 return deadline=0x00000000:0xF8A77DF8 ena=0x00000001 ien=0x00000004 pending=0x00018040 ps=0x00060530 pc=0x403740F7 sp=0x3FCD6B70 psout=0x00000100 frame=1]
[IRQ V68 count=15000 nest=1 owner=4294967289 selected=4294967287 handoff=1 gates=1 unknown=0 clock-msgs=2307]
[CTX kernel-running ticks=15593 heartbeat=11]
[TTY line=cat boot/LARGE/README]
CP32 MINIX V2 RAM filesystem.
Read-only filesystem bring-up.
[TTY WRITE V48 bytes=65 ticks=193]