 => CP32 OS kernel booting              ...

start()                                 ...
checking initialized memory             ...
.data sentinel: 0xC032DA7A (expected 0xC032DA7A)
.bss sentinel:  0x00000000 (expected 0x00000000)
checking exception vectors              ...
vector start:  0x40370000
vector end:    0x40370400
vector word 0: 0x000FA506
vector word 6: 0x000F4606
checking call0 stack                    ...
stack bottom:  0x3FCD2060
stack pointer: 0x3FCDA040
stack top:     0x3FCDA060
stack align:   0 (expected 0)
initialize memory                       ...
setup boot parameters to kernel memory  ...
exiting start()                         ...

main() started                          ...
init process table                      ...
init stack                              ...
init TASKS                              ...
systemer irq start                      ...
[FEATURE MINIX-FD 70]1
[KBD probe=1]
[MM probe alloc=1 release=1 deny=1 zero=1 huge=1 adjacent=1 merge=1 owned=1 clear=1]
[KBD init=1 stale=0 int=0 status=1 fifo=0]
[RAMDISK capacity=65536]
[LCD clear-done]
[TTY user-ready nr=1 pc=0x40379554 sp=0x3FCE4060 flags=0]
[BOOT SYSTIMER V44 conf=0xC7000000 target=0x00000000 ena=0x00000001 raw=0x00000000]
[TEST SCHEDULER 2]
[CORE readyq=1]
[CORE heldq=1]
[CORE blockedowner=1]
[CORE blockedframe=1]
[CORE runtime=1]
[CORE maps=1]
[CORE flags=1]
[CORE contexts=1]
[CORE owners=1]
[CORE ipcstate=1]
[CORE ipcqueue=1]
[CORE ipclinks=1]
[CORE proctab=1]
[CORE tasks=1]
[CORE systask=1]
[TEST MINIX-FD 70]

STABLE idle-entry                       ...
[SCHED return-state owner=4294967287 flags=0 selected=4294967287 fs=4294967295]
[RFE publish target=4294967287 current=4294967287 seq=1]
[RFE target=4294967287 current=4294967287 seq=1 pc=0x4037ECBC ps=0x00000100]
[SYSTIMER V44 n=1 before now=0x00000000:0x09F0BCAB target=0x00000000:0x09F0BB8D conf=0xC7000000 raw=0x00000001 st=0x00000001]
[SYSTIMER V44 n=1 after now=0x00000000:0x09F0BEB1 target=0x00000000:0x09F4CF64 conf=0xC7000000 raw=0x00000000 st=0x00000000]
[SYSTIMER V44 return deadline=0x00000000:0x09F4CF64 ena=0x00000001 ien=0x00000004 pending=0x00000000 ps=0x00060530 pc=0x4037ECBC sp=0x3FCD7060 psout=0x00000100 frame=1]
[IRQ V68 count=1 nest=1 owner=4294967289 selected=4294967287 handoff=1 gates=1 unknown=0 clock-msgs=0]
[IPC count=1 op=2 src=132]
[IPC V44 op=2 n=1 owner=4294967287 blocked=1 next=0 frame=1]
[MM_TASK]
[SCHED fs-selected pc=0x40379554 sp=0x3FCE4060 nest=0]
[TTY user-entry]
[IPC blocked-resume=1 owner=4294967287 result=0]
[IPC V44 op=3 n=1 owner=1 blocked=1 next=4294967293 frame=1]
[SYSTIMER V44 n=2 before now=0x00000000:0x09F50F92 target=0x00000000:0x09F4CF64 conf=0xC7000000 raw=0x00000001 st=0x00000001]
[SYSTIMER V44 n=2 after now=0x00000000:0x09F51197 target=0x00000000:0x09F9224B conf=0xC7000000 raw=0x00000000 st=0x00000000]
[SYSTIMER V44 return deadline=0x00000000:0x09F9224B ena=0x00000001 ien=0x00000004 pending=0x00000000 ps=0x00000110 pc=0x4037D554 sp=0x3FCDE060 psout=0x00000100 frame=1]
[IPC V44 op=1 n=1 owner=4294967287 blocked=0 next=4294967287 frame=1]
[CLOCK_TASK]
[CLOCK V44 received=1 type=2 source=4294967295 tick=6 owner=4294967293 resumed=1]
[CLOCK V44 received=2 type=2 source=4294967295 tick=12 owner=4294967293 resumed=1]
[TTY READ V46 reply=11 n=1]
[TTY line=cat README]
[RAM V49 op=3 result=1024 n=1]
[RAM V49 op=3 result=1024 n=2]
[RAM V49 op=3 result=1024 n=3]
[RAM V49 op=3 result=1024 n=4]
[RAM V49 op=3 result=1024 n=5]
[RAM V49 op=3 result=1024 n=6]
CP32 MINIX V2 RAM filesystem.
Read-only filesystem bring-up.
[TTY WRITE V48 bytes=65 ticks=74]
[CTX kernel-running ticks=1355 heartbeat=1]
[TTY line=tail boot/dOUBLE]
[RAM V49 op=3 result=1024 n=7]
[RAM V49 op=3 result=1024 n=8]
File not found
-                       ...
checking initialized memory             ...
.data sentinel: 0xC032DA7A (expected 0xC032DA7A)
.bss sentinel:  0x00000000 (expected 0x00000000)
checking exception vectors              ...
vector start:  0x40370000
vector end:    0x40370400
vector word 0: 0x000FA506
vector word 6: 0x000F4606
checking call0 stack                    ...
stack bottom:  0x3FCD2060
stack pointer: 0x3FCDA040
stack top:     0x3FCDA060
stack align:   0 (expected 0)
initialize memory                       ...
setup boot parameters to kernel memory  ...
exiting start()                         ...

main() started                          ...
init process table                      ...
init stack                              ...
init TASKS                              ...
systemer irq start                      ...
[FEATURE MINIX-FD 70]1
[KBD probe=1]
[MM probe alloc=1 release=1 deny=1 zero=1 huge=1 adjacent=1 merge=1 owned=1 clear=1]
[KBD init=1 stale=0 int=0 status=1 fifo=0]
[RAMDISK capacity=65536]
[LCD clear-done]
[TTY user-ready nr=1 pc=0x40379554 sp=0x3FCE4060 flags=0]
[BOOT SYSTIMER V44 conf=0xC7000000 target=0x00000000 ena=0x00000001 raw=0x00000000]
[TEST SCHEDULER 2]
[CORE readyq=1]
[CORE heldq=1]
[CORE blockedowner=1]
[CORE blockedframe=1]
[CORE runtime=1]
[CORE maps=1]
[CORE flags=1]
[CORE contexts=1]
[CORE owners=1]
[CORE ipcstate=1]
[CORE ipcqueue=1]
[CORE ipclinks=1]
[CORE proctab=1]
[CORE tasks=1]
[CORE systask=1]
[TEST MINIX-FD 70]

STABLE idle-entry                       ...
[SCHED return-state owner=4294967287 flags=0 selected=4294967287 fs=4294967295]
[RFE publish target=4294967287 current=4294967287 seq=1]
[RFE target=4294967287 current=4294967287 seq=1 pc=0x4037ECBC ps=0x00000100]
[SYSTIMER V44 n=1 before now=0x00000000:0x8190B9FF target=0x00000000:0x8190B8E1 conf=0xC7000000 raw=0x00000001 st=0x00000001]
[SYSTIMER V44 n=1 after now=0x00000000:0x8190BC05 target=0x00000000:0x8194CCB8 conf=0xC7000000 raw=0x00000000 st=0x00000000]
[SYSTIMER V44 return deadline=0x00000000:0x8194CCB8 ena=0x00000001 ien=0x00000004 pending=0x00000000 ps=0x00060530 pc=0x4037ECBC sp=0x3FCD7060 psout=0x00000100 frame=1]
[IRQ V68 count=1 nest=1 owner=4294967289 selected=4294967287 handoff=1 gates=1 unknown=0 clock-msgs=0]
[IPC count=1 op=2 src=132]
[IPC V44 op=2 n=1 owner=4294967287 blocked=1 next=0 frame=1]
[MM_TASK]
[SCHED fs-selected pc=0x40379554 sp=0x3FCE4060 nest=0]
[TTY user-entry]
[IPC blocked-resume=1 owner=4294967287 result=0]
[IPC V44 op=3 n=1 owner=1 blocked=1 next=4294967293 frame=1]
[SYSTIMER V44 n=2 before now=0x00000000:0x8194EB10 target=0x00000000:0x8194CCB8 conf=0xC7000000 raw=0x00000001 st=0x00000001]
[SYSTIMER V44 n=2 after now=0x00000000:0x8194ED16 target=0x00000000:0x8198FDC9 conf=0xC7000000 raw=0x00000000 st=0x00000000]
[SYSTIMER V44 return deadline=0x00000000:0x8198FDC9 ena=0x00000001 ien=0x00000004 pending=0x00000000 ps=0x00000110 pc=0x4037D554 sp=0x3FCDE060 psout=0x00000100 frame=1]
[IPC V44 op=1 n=1 owner=4294967287 blocked=0 next=4294967287 frame=1]
[CLOCK_TASK]
[CLOCK V44 received=1 type=2 source=4294967295 tick=6 owner=4294967293 resumed=1]
[CLOCK V44 received=2 type=2 source=4294967295 tick=12 owner=4294967293 resumed=1]
[TTY READ V46 reply=11 n=1]
[TTY line=cat README]
[RAM V49 op=3 result=1024 n=1]
[RAM V49 op=3 result=1024 n=2]
[RAM V49 op=3 result=1024 n=3]
[RAM V49 op=3 result=1024 n=4]
[RAM V49 op=3 result=1024 n=5]
[RAM V49 op=3 result=1024 n=6]
CP32 MINIX V2 RAM filesystem.
Read-only filesystem bring-up.
[TTY WRITE V48 bytes=65 ticks=75]
[CTX kernel-running ticks=1407 heartbeat=1]
[TTY line=cat README]
[RAM V49 op=3 result=1024 n=7]
[RAM V49 op=3 result=1024 n=8]
CP32 MINIX V2 RAM filesystem.
Read-only filesystem bring-up.
[TTY WRITE V48 bytes=65 ticks=75]
[TTY line=cat README]
CP32 MINIX V2 RAM filesystem.
Read-only filesystem bring-up.
[TTY WRITE V48 bytes=65 ticks=31]
[CTX kernel-running ticks=2908 heartbeat=2]
[TTY line=cat README]
[SCHED fs-publish flags=0 pc=0x403740F7 sp=0x3FCE39C0 owner=1]
[IRQ return-frame=1 owner=1]
[CTX V44 FS-RETURN n=1 tick=3341 pc=0x403740F7 sp=0x3FCE39C0 a0=0x40372349 a15=0x3FCE39C0 sar=0x00000020 lcount=0x00000000 frame=1]
CP32 MINIX V2 RAM filesystem.
Read-only filesystem bring-up.
[TTY WRITE V48 bytes=65 ticks=12]
[TTY line=cat README]
CP32 MINIX V2 RAM filesystem.
Read-only filesystem bring-up.
[TTY WRITE V48 bytes=65 ticks=13]
[CTX kernel-running ticks=4330 heartbeat=3]
[IPC V44 op=2 n=5000 owner=4294967293 blocked=1 next=4294967289 frame=1]
[TTY line=cat README]
[CTX V44 FS-RETURN n=2 tick=4844 pc=0x403740F7 sp=0x3FCE39C0 a0=0x40372349 a15=0x3FCE39C0 sar=0x00000020 lcount=0x00000000 frame=1]
CP32 MINIX V2 RAM filesystem.
Read-only filesystem bring-up.
[TTY WRITE V48 bytes=65 ticks=13]
[RFE target=4294967287 current=4294967287 seq=5630 pc=0x403740F7 ps=0x00000110]
[SYSTIMER V44 n=5000 before now=0x00000000:0xD11F2DED target=0x00000000:0xD11F2CC4 conf=0xC7000000 raw=0x00000001 st=0x00000001]
[SYSTIMER V44 n=5000 after now=0x00000000:0xD11F2FFE target=0x00000000:0xD12340A6 conf=0xC7000000 raw=0x00000000 st=0x00000000]
[SYSTIMER V44 return deadline=0x00000000:0xD12340A6 ena=0x00000001 ien=0x00000004 pending=0x00018040 ps=0x00060530 pc=0x403740F7 sp=0x3FCD7000 psout=0x00000100 frame=1]
[IRQ V68 count=5000 nest=1 owner=4294967289 selected=4294967287 handoff=1 gates=1 unknown=0 clock-msgs=795]
[TTY line=cat README]
CP32 MINIX V2 RAM filesystem.
Read-only filesystem bring-up.
[TTY WRITE V48 bytes=65 ticks=13]
[CTX kernel-running ticks=5759 heartbeat=4]
[TTY line=cat README]
CP32 MINIX V2 RAM filesystem.
Read-only filesystem bring-up.
[TTY WRITE V48 bytes=65 ticks=13]
[TTY line=cat README]
CP32 MINIX V2 RAM filesystem.
Read-only filesystem bring-up.
[CTX kernel-running ticks=7184 heartbeat=5]
[TTY line=cat README]
CP32 MINIX V2 RAM filesystem.
Read-only filesystem bring-up.
[TTY line=cat README]
CP32 MINIX V2 RAM filesystem.
Read-only filesystem bring-up.
[CTX kernel-running ticks=8613 heartbeat=6]
[IPC V44 op=2 n=10000 owner=4294967287 blocked=1 next=4294967289 frame=1]
[TTY line=cat README]
CP32 MINIX V2 RAM filesystem.
Read-only filesystem bring-up.
[RFE target=4294967287 current=4294967287 seq=11410 pc=0x403740F7 ps=0x00000110]
[SYSTIMER V44 n=10000 before now=0x00000001:0x20B0B3D6 target=0x00000001:0x20B0B2AD conf=0xC7000000 raw=0x00000001 st=0x00000001]
[SYSTIMER V44 n=10000 after now=0x00000001:0x20B0B5E7 target=0x00000001:0x20B4C690 conf=0xC7000000 raw=0x00000000 st=0x00000000]
[SYSTIMER V44 return deadline=0x00000001:0x20B4C690 ena=0x00000001 ien=0x00000004 pending=0x00018040 ps=0x00060530 pc=0x403740F7 sp=0x3FCD7000 psout=0x00000100 frame=1]
[IRQ V68 count=10000 nest=1 owner=4294967289 selected=4294967287 handoff=1 gates=1 unknown=0 clock-msgs=1607]
[CTX kernel-running ticks=10012 heartbeat=7]
[TTY line=cat missing]
File not found
[TTY line=cat boot]
Is a directory
[CTX kernel-running ticks=11858 heartbeat=8]
[TTY line=tail boot/DOUBLE]
Double indirect line 02
Double indirect line 03
Double indirect line 04
Double indirect line 05
Double indirect line 06
Double indirect line 07
Double indirect line 08
Double indirect line 09
Double indirect line 10
DOUBLE INDIRECT READ OK
[TTY line=disk]
[RAM IPC V49 result=0]
[CTX kernel-running ticks=13920 heartbeat=9]
[TTY line=cat README]
CP32 MINIX V2 RAM filesystem.
Read-only filesystem bring-up.