 => CP32 OS kernel booting              ...

start()                                 ...
checking initialized memory             ...
.data sentinel: 0xC032DA7A (expected 0xC032DA7A)
.bss sentinel:  0x00000000 (expected 0x00000000)
checking exception vectors              ...
vector start:  0x40370000
vector end:    0x40370400
vector word 0: 0x000FA506
vector word 6: 0x000F4606
checking call0 stack                    ...
stack bottom:  0x3FCD08B0
stack pointer: 0x3FCD8890
stack top:     0x3FCD88B0
stack align:   0 (expected 0)
initialize memory                       ...
setup boot parameters to kernel memory  ...
exiting start()                         ...

main() started                          ...
init process table                      ...
init stack                              ...
init TASKS                              ...
systemer irq start                      ...
[FEATURE MINIX-DIRMAP 67]1
[KBD probe=1]
[MM probe alloc=1 release=1 deny=1 zero=1 huge=1 adjacent=1 merge=1 owned=1 clear=1]
[KBD init=1 stale=0 int=0 status=1 fifo=0]
[RAMDISK capacity=65536]
[LCD clear-done]
[TTY user-ready nr=1 pc=0x403794E8 sp=0x3FCE28B0 flags=0]
[BOOT SYSTIMER V44 conf=0xC7000000 target=0x00000000 ena=0x00000001 raw=0x00000000]
[TEST SCHEDULER 2]
[CORE readyq=1]
[CORE heldq=1]
[CORE blockedowner=1]
[CORE blockedframe=1]
[CORE runtime=1]
[CORE maps=1]
[CORE flags=1]
[CORE contexts=1]
[CORE owners=1]
[CORE ipcstate=1]
[CORE ipcqueue=1]
[CORE ipclinks=1]
[CORE proctab=1]
[CORE tasks=1]
[CORE systask=1]
[TEST MINIX-DIRMAP 67]

STABLE idle-entry                       ...
[SCHED return-state owner=4294967287 flags=0 selected=4294967287 fs=4294967295]
[RFE publish target=4294967287 current=4294967287 seq=1]
[RFE target=4294967287 current=4294967287 seq=1 pc=0x4037EC50 ps=0x00000100]
[SYSTIMER V44 n=1 before now=0x00000000:0x09F08237 target=0x00000000:0x09F0811C conf=0xC7000000 raw=0x00000001 st=0x00000001]
[SYSTIMER V44 n=1 after now=0x00000000:0x09F0843D target=0x00000000:0x09F494F0 conf=0xC7000000 raw=0x00000000 st=0x00000000]
[SYSTIMER V44 return deadline=0x00000000:0x09F494F0 ena=0x00000001 ien=0x00000004 pending=0x00000000 ps=0x00060530 pc=0x4037EC50 sp=0x3FCD58B0 psout=0x00000100 frame=1]
[IRQ count=1 nest=1 owner=4294967289 selected=4294967287 handoff=1 gates=1 unknown=0 clock-msgs=0]
[IPC count=1 op=2 src=132]
[IPC V44 op=2 n=1 owner=4294967287 blocked=1 next=0 frame=1]
[MM_TASK]
[SCHED fs-selected pc=0x403794E8 sp=0x3FCE28B0 nest=0]
[TTY user-entry]
[IPC blocked-resume=1 owner=4294967287 result=0]
[IPC V44 op=3 n=1 owner=1 blocked=1 next=4294967293 frame=1]
[CLOCK_TASK]
[IPC V44 op=1 n=1 owner=4294967287 blocked=0 next=4294967287 frame=1]
[SCHED fs-publish flags=0 pc=0x403740EF sp=0x3FCE27E0 owner=1]
[IRQ return-frame=1 owner=1]
[CTX V44 FS-RETURN n=1 tick=2 pc=0x403740EF sp=0x3FCE27E0 a0=0x40372349 a15=0x3FCE27E0 sar=0x00000000 lcount=0x00000000 frame=1]
[SYSTIMER V44 n=2 before now=0x00000000:0x09F4C321 target=0x00000000:0x09F494F0 conf=0xC7000000 raw=0x00000001 st=0x00000001]
[SYSTIMER V44 n=2 after now=0x00000000:0x09F4C526 target=0x00000000:0x09F8D5DA conf=0xC7000000 raw=0x00000000 st=0x00000000]
[SYSTIMER V44 return deadline=0x00000000:0x09F8D5DA ena=0x00000001 ien=0x00000004 pending=0x00000000 ps=0x00000110 pc=0x403740EF sp=0x3FCE27E0 psout=0x00000100 frame=1]
[CLOCK V44 received=1 type=2 source=4294967295 tick=6 owner=4294967293 resumed=1]
[CLOCK V44 received=2 type=2 source=4294967295 tick=12 owner=4294967293 resumed=1]
[TTY READ V46 reply=3 n=1]
[TTY line=ls]
[RAM V49 op=3 result=24 n=1]
[RAM V49 op=3 result=2 n=2]
[RAM V49 op=3 result=64 n=3]
[RAM V49 op=3 result=2 n=4]
[RAM V49 op=3 result=16 n=5]
[RAM V49 op=3 result=2 n=6]
[RAM V49 op=3 result=2 n=7]
[RAM V49 op=3 result=64 n=8]
.
..
boot
README
[TTY WRITE V48 bytes=23 ticks=20]
[TTY line=ls boot]
[CTX V44 FS-RETURN n=2 tick=691 pc=0x403740EF sp=0x3FCE2460 a0=0x40372349 a15=0x3FCE2460 sar=0x00000002 lcount=0x00000000 frame=1]
.
..
README
INDIRECT
DOUBLE
LARGE
[TTY WRITE V48 bytes=42 ticks=93]
[CTX kernel-running ticks=1471 heartbeat=1]
[TTY line=ls boot/LANGE]
Directory read failed: 5
[TTY WRITE V48 bytes=28 ticks=137]
[CTX kernel-running ticks=2977 heartbeat=2]
[CTX kernel-running ticks=4356 heartbeat=3]
[IPC V44 op=2 n=5000 owner=4294967287 blocked=1 next=4294967293 frame=1]
[TTY line=ls boot/LARGE]
.
..
[SCHED fs-selected pc=0x403740EF sp=0x3FCE24E0 nest=0]
README
[TTY WRITE V48 bytes=17 ticks=161]
[RFE target=4294967287 current=4294967287 seq=6478 pc=0x403740EF ps=0x00000110]
[SYSTIMER V44 n=5000 before now=0x00000000:0x597FBD54 target=0x00000000:0x597FBC2D conf=0xC7000000 raw=0x00000001 st=0x00000001]
[SYSTIMER V44 n=5000 after now=0x00000000:0x597FBF65 target=0x00000000:0x5983D00D conf=0xC7000000 raw=0x00000000 st=0x00000000]
[SYSTIMER V44 return deadline=0x00000000:0x5983D00D ena=0x00000001 ien=0x00000004 pending=0x00000000 ps=0x00060530 pc=0x403740EF sp=0x3FCD5850 psout=0x00000100 frame=1]
[IRQ count=5000 nest=1 owner=4294967289 selected=4294967287 handoff=1 gates=1 unknown=0 clock-msgs=765]
[CTX kernel-running ticks=6122 heartbeat=4]
[TTY line=cat boot/LARGE/README]
[SCHED fs-selected pc=0x403740EF sp=0x3FCE2300 nest=0]
CP32 MINIX V2 RAM filesystem.
Read-only filesystem bring-up.
[TTY WRITE V48 bytes=65 ticks=206]
[TTY line=pwd]
/
[TTY WRITE V48 bytes=5 ticks=191]
[t]
[TTY WRITE V48 bytes=2 ticks=177]
[TTY line=]
[TTY WRITE V48 bytes=2 ticks=2]
[CTX kernel-running ticks=8422 heartbeat=5]
[TTY line=ls]
.
..
README
[SCHED fs-selected pc=0x403740EF sp=0x3FCE24B0 nest=0]
INDIRECT
DOUBLE
LARGE
[IPC V44 op=2 n=10000 owner=4294967287 blocked=1 next=4294967289 frame=1]
[TTY line=ls LARGE]
.
..
[SCHED fs-selected pc=0x403740EF sp=0x3FCE24E0 nest=0]
README
[RFE target=4294967287 current=4294967287 seq=13539 pc=0x403740EF ps=0x00000110]
[SYSTIMER V44 n=10000 before now=0x00000000:0xA912859A target=0x00000000:0xA9128473 conf=0xC7000000 raw=0x00000001 st=0x00000001]
[SYSTIMER V44 n=10000 after now=0x00000000:0xA91287AA target=0x00000000:0xA9169853 conf=0xC7000000 raw=0x00000000 st=0x00000000]
[SYSTIMER V44 return deadline=0x00000000:0xA9169853 ena=0x00000001 ien=0x00000004 pending=0x00000000 ps=0x00060530 pc=0x403740EF sp=0x3FCD5850 psout=0x00000100 frame=1]
[IRQ count=10000 nest=1 owner=4294967289 selected=4294967287 handoff=1 gates=1 unknown=0 clock-msgs=1463]
[CTX kernel-running ticks=10096 heartbeat=6]
[TTY line=ls ..]
.
..
boot
README
[TTY line=cd LARGE]
[TTY line=ls]
.
..
[SCHED fs-selected pc=0x403740EF sp=0x3FCE24E0 nest=0]
README
[CTX kernel-running ticks=11791 heartbeat=7]
[TTY line=ls ..]
.
..
README
INDIRECT
DOUBLE
LARGE
[TTY line=pwd]
/boot/LARGE
[IPC V44 op=2 n=15000 owner=4294967287 blocked=1 next=4294967289 frame=1]
[IPC count=20000 op=2 src=132]
[TTY line=ls ../..]
.
..
boot
README
[CTX kernel-running ticks=13503 heartbeat=8]
[TTY line=disk]
[RAM IPC V49 result=0]
[TTY line=mm]
[MM V44 received=1 op=1001 source=1 resumed=1]
[MM V44 received=2 op=1002 source=1 resumed=1]
[MM IPC V44 alloc-release-result=0]
[TTY line=pwd]
/boot/LARGE
[TTY line=cd /]
[RFE target=4294967287 current=4294967287 seq=19669 pc=0x403740EF ps=0x00000110]
[SYSTIMER V44 n=15000 before now=0x00000000:0xF8A5D30A target=0x00000000:0xF8A5D1E3 conf=0xC7000000 raw=0x00000001 st=0x00000001]
[SYSTIMER V44 n=15000 after now=0x00000000:0xF8A5D51A target=0x00000000:0xF8A9E5C3 conf=0xC7000000 raw=0x00000000 st=0x00000000]
[SYSTIMER V44 return deadline=0x00000000:0xF8A9E5C3 ena=0x00000001 ien=0x00000004 pending=0x00018040 ps=0x00060530 pc=0x403740EF sp=0x3FCD5850 psout=0x00000100 frame=1]
[IRQ count=15000 nest=1 owner=4294967289 selected=4294967287 handoff=1 gates=1 unknown=8265 clock-msgs=2106]
[TTY line=pwd]
/
[TTY line=cd -]
/boot/LARGE
[CTX kernel-running ticks=15749 heartbeat=9]
[TTY line=pwd]
/boot/LARGE