 => CP32 OS kernel booting              ...

start()                                 ...
checking initialized memory             ...
.data sentinel: 0xC032DA7A (expected 0xC032DA7A)
.bss sentinel:  0x00000000 (expected 0x00000000)
checking exception vectors              ...
vector start:  0x40370000
vector end:    0x40370400
vector word 0: 0x000FA506
vector word 6: 0x000F4606
checking call0 stack                    ...
stack bottom:  0x3FCCD910
stack pointer: 0x3FCD58F0
stack top:     0x3FCD5910
stack align:   0 (expected 0)
initialize memory                       ...
setup boot parameters to kernel memory  ...
exiting start()                         ...

main() started                          ...
init process table                      ...
init stack                              ...
init TASKS                              ...
systemer irq start                      ...
[FEATURE MINIX-DOUBLE 63]1
[KBD probe=1]
[MM probe alloc=1 release=1 deny=1 zero=1 huge=1 adjacent=1 merge=1 owned=1 clear=1]
[KBD init=1 stale=0 int=0 status=1 fifo=0]
[RAMDISK capacity=65536]
[LCD clear-done]
[TTY user-ready nr=1 pc=0x40379190 sp=0x3FCDF910 flags=0]
[BOOT SYSTIMER V44 conf=0xC7000000 target=0x00000000 ena=0x00000001 raw=0x00000000]
[TEST SCHEDULER 2]
[CORE readyq=1]
[CORE heldq=1]
[CORE blockedowner=1]
[CORE blockedframe=1]
[CORE runtime=1]
[CORE maps=1]
[CORE flags=1]
[CORE contexts=1]
[CORE owners=1]
[CORE ipcstate=1]
[CORE ipcqueue=1]
[CORE ipclinks=1]
[CORE proctab=1]
[CORE tasks=1]
[CORE systask=1]
[TEST MINIX-DOUBLE 63]

STABLE idle-entry                       ...
[SCHED return-state owner=4294967287 flags=0 selected=4294967287 fs=4294967295]
[RFE publish target=4294967287 current=4294967287 seq=1]
[RFE target=4294967287 current=4294967287 seq=1 pc=0x4037E8F8 ps=0x00000100]
[SYSTIMER V44 n=1 before now=0x00000000:0x09EC2042 target=0x00000000:0x09EC1F26 conf=0xC7000000 raw=0x00000001 st=0x00000001]
[SYSTIMER V44 n=1 after now=0x00000000:0x09EC2247 target=0x00000000:0x09F032FB conf=0xC7000000 raw=0x00000000 st=0x00000000]
[SYSTIMER V44 return deadline=0x00000000:0x09F032FB ena=0x00000001 ien=0x00000004 pending=0x00000000 ps=0x00060530 pc=0x4037E8F8 sp=0x3FCD2910 psout=0x00000100 frame=1]
[IRQ count=1 nest=1 owner=4294967289 selected=4294967287 handoff=1 gates=1 unknown=0 clock-msgs=0]
[IPC count=1 op=2 src=132]
[IPC V44 op=2 n=1 owner=4294967287 blocked=1 next=0 frame=1]
[MM_TASK]
[SCHED fs-selected pc=0x40379190 sp=0x3FCDF910 nest=0]
[TTY user-entry]
[IPC blocked-resume=1 owner=4294967287 result=0]
[IPC V44 op=3 n=1 owner=1 blocked=1 next=4294967293 frame=1]
[CLOCK_TASK]
[IPC V44 op=1 n=1 owner=4294967287 blocked=0 next=4294967287 frame=1]
[SCHED fs-publish flags=0 pc=0x403740EF sp=0x3FCDF840 owner=1]
[IRQ return-frame=1 owner=1]
[CTX V44 FS-RETURN n=1 tick=2 pc=0x403740EF sp=0x3FCDF840 a0=0x40372349 a15=0x3FCDF840 sar=0x00000000 lcount=0x00000000 frame=1]
[SYSTIMER V44 n=2 before now=0x00000000:0x09F05FBC target=0x00000000:0x09F032FB conf=0xC7000000 raw=0x00000001 st=0x00000001]
[SYSTIMER V44 n=2 after now=0x00000000:0x09F061C2 target=0x00000000:0x09F47275 conf=0xC7000000 raw=0x00000000 st=0x00000000]
[SYSTIMER V44 return deadline=0x00000000:0x09F47275 ena=0x00000001 ien=0x00000004 pending=0x00000000 ps=0x00000110 pc=0x403740EF sp=0x3FCDF840 psout=0x00000100 frame=1]
[CLOCK V44 received=1 type=2 source=4294967295 tick=6 owner=4294967293 resumed=1]
[CLOCK V44 received=2 type=2 source=4294967295 tick=12 owner=4294967293 resumed=1]
[TTY READ V46 reply=8 n=1]
[TTY line=ls boot]
[RAM V49 op=3 result=24 n=1]
[RAM V49 op=3 result=2 n=2]
[RAM V49 op=3 result=64 n=3]
[RAM V49 op=3 result=2 n=4]
[RAM V49 op=3 result=16 n=5]
[RAM V49 op=3 result=2 n=6]
[RAM V49 op=3 result=16 n=7]
[RAM V49 op=3 result=2 n=8]
.
..
README
INDIRECT
DOUBLE
[TTY WRITE V48 bytes=35 ticks=33]
[CTX kernel-running ticks=1377 heartbeat=1]
[TTY line=tail boot/DOUBLE]
Double indirect line 02
Double indirect line 03
Double indirect line 04
Double indirect line 05
Double indirect line 06
Double indirect line 07
Double indirect line 08
Double indirect line 09
Double indirect line 10
DOUBLE INDIRECT READ OK
[TTY WRITE V48 bytes=252 ticks=155]
[CTX kernel-running ticks=2922 heartbeat=2]
[TTY line=tail boot/INDIRECT]
[CTX V44 FS-RETURN n=2 tick=4488 pc=0x403740EF sp=0x3FCDF4B0 a0=0x40372349 a15=0x3FCDF4B0 sar=0x00000007 lcount=0x00000000 frame=1]
Direct zone 7, line 24
Direct zone 7, line 25
Direct zone 7, line 26
Direct zone 7, line 27
Direct zone 7, line 28
Direct zone 7, line 29
Direct zone 7, line 30
Direct zone 7, line 31
[TTY WRITE V48 bytes=256 ticks=172]
Direct zone 7, line 32
INDIRECT READ OK
[TTY WRITE V48 bytes=61 ticks=39]
[CTX kernel-running ticks=4783 heartbeat=3]
[IPC V44 op=2 n=5000 owner=4294967287 blocked=1 next=4294967289 frame=1]
[RFE target=4294967287 current=4294967287 seq=5333 pc=0x403740EF ps=0x00000110]
[SYSTIMER V44 n=5000 before now=0x00000000:0x597B1B7A target=0x00000000:0x597B1A54 conf=0xC7000000 raw=0x00000001 st=0x00000001]
[SYSTIMER V44 n=5000 after now=0x00000000:0x597B1D8B target=0x00000000:0x597F2E34 conf=0xC7000000 raw=0x00000000 st=0x00000000]
[SYSTIMER V44 return deadline=0x00000000:0x597F2E34 ena=0x00000001 ien=0x00000004 pending=0x00000000 ps=0x00060530 pc=0x403740EF sp=0x3FCD28B0 psout=0x00000100 frame=1]
[IRQ count=5000 nest=1 owner=4294967289 selected=4294967287 handoff=1 gates=1 unknown=0 clock-msgs=724]
[TTY line=disk]
[RAM IPC V49 result=0]
[TTY WRITE V48 bytes=26 ticks=206]
[TTY line=mm]
[MM V44 received=1 op=1001 source=1 resumed=1]
[MM V44 received=2 op=1002 source=1 resumed=1]
[MM IPC V44 alloc-release-result=0]
[TTY WRITE V48 bytes=23 ticks=186]