 => CP32 OS kernel booting              ...

start()                                 ...
checking initialized memory             ...
.data sentinel: 0xC032DA7A (expected 0xC032DA7A)
.bss sentinel:  0x00000000 (expected 0x00000000)
checking exception vectors              ...
vector start:  0x40370000
vector end:    0x40370400
vector word 0: 0x000F2A06
vector word 6: 0x000ECB06
checking call0 stack                    ...
stack bottom:  0x3FCC5A90
stack pointer: 0x3FCCDA70
stack top:     0x3FCCDA90
stack align:   0 (expected 0)
initialize memory                       ...
setup boot parameters to kernel memory  ...
exiting start()                         ...

main() started                          ...
init process table                      ...
init stack                              ...
init TASKS                              ...
systemer irq start                      ...
[FEATURE MM-IPC 36]1
[KBD probe=1]
[MM probe alloc=1 release=1 deny=1 zero=1 huge=1 adjacent=1 merge=1 owned=1 clear=1]
[KBD init=1 stale=0 int=0 status=1 fifo=0]
[RAMDISK capacity=65536]
[LCD clear-done]
[TTY user-ready nr=1 pc=0x403784F0 sp=0x3FCD7A90 flags=0]
[BOOT SYSTIMER V36 conf=0xC7000000 target=0x00000000 ena=0x00000001 raw=0x00000000]
[TEST SCHEDULER 2]
[CORE readyq=1]
[CORE heldq=1]
[CORE blockedowner=1]
[CORE blockedframe=1]
[CORE runtime=1]
[CORE maps=1]
[CORE flags=1]
[CORE contexts=1]
[CORE owners=1]
[CORE ipcstate=1]
[CORE ipcqueue=1]
[CORE ipclinks=1]
[CORE proctab=1]
[CORE tasks=1]
[CORE systask=1]
[TEST MM-IPC 36]

STABLE idle-entry                       ...
[SCHED return-state owner=4294967287 flags=0 selected=4294967287 fs=4294967295]
[RFE publish target=4294967287 current=4294967287 seq=1]
[RFE target=4294967287 current=4294967287 seq=1 pc=0x4037D950 ps=0x00000100]
[SYSTIMER V36 n=1 before now=0x00000000:0x05C0CAFA target=0x00000000:0x05C0C9E0 conf=0xC7000000 raw=0x00000001 st=0x00000001]
[SYSTIMER V36 n=1 after now=0x00000000:0x05C0CCFF target=0x00000000:0x05C4DDB4 conf=0xC7000000 raw=0x00000000 st=0x00000000]
[SYSTIMER V36 return deadline=0x00000000:0x05C4DDB4 ena=0x00000001 ien=0x00000004 pending=0x00000000 ps=0x00060530 pc=0x4037D950 sp=0x3FCCAA90 psout=0x00000100 frame=1]
[IRQ count=1 nest=1 owner=4294967289 selected=4294967287 handoff=1 gates=1 unknown=0 clock-msgs=0]
[KBD poll=1]
[IPC count=1 op=2 src=132]
[IPC V36 op=2 n=1 owner=4294967287 blocked=1 next=0 frame=1]
[MM_TASK]
[SYSTIMER V36 n=2 before now=0x00000000:0x05C4DEC6 target=0x00000000:0x05C4DDB4 conf=0xC7000000 raw=0x00000001 st=0x00000001]
[SYSTIMER V36 n=2 after now=0x00000000:0x05C4E0CA target=0x00000000:0x05C8F17F conf=0xC7000000 raw=0x00000000 st=0x00000000]
[SYSTIMER V36 return deadline=0x00000000:0x05C8F17F ena=0x00000001 ien=0x00000004 pending=0x00000000 ps=0x00000110 pc=0x403780B8 sp=0x3FCCBA90 psout=0x00000100 frame=1]
[SCHED fs-selected pc=0x403784F0 sp=0x3FCD7A90 nest=1]
[SCHED fs-publish flags=0 pc=0x403784F0 sp=0x3FCD7A90 owner=1]
[IRQ return-frame=1 owner=1]
[CTX V36 FS-RETURN n=1 tick=3 pc=0x403784F0 sp=0x3FCD7A90 a0=0x00000000 a15=0x3FCD7A90 sar=0x00000000 lcount=0x00000000 frame=1]
[TTY user-entry]
[CTX V36 FS-RETURN n=2 tick=6 pc=0x4037D7EA sp=0x3FCD7A60 a0=0x4037D7AD a15=0x3FCD7A60 sar=0x0000000B lcount=0x00000000 frame=1]
[CLOCK_TASK]
[CLOCK V36 received=1 type=2 source=4294967295 tick=14 owner=4294967293 resumed=1]
[IPC blocked-resume=1 owner=4294967293 result=0]
[CLOCK V36 received=2 type=2 source=4294967295 tick=31 owner=4294967293 resumed=1]
[CTX kernel-running ticks=95 heartbeat=1]
[CTX kernel-running ticks=180 heartbeat=2]
[TTY char=m]
[TTY user-char=0x0000006D]
[TTY char=m]
[TTY user-char=0x0000006D]
[CTX kernel-running ticks=265 heartbeat=3]
[TTY char=0x0000000A]
[TTY user-char=0x0000000A]
[TTY line=mm]
[IPC V36 op=3 n=1 owner=1 blocked=1 next=2 frame=1]
[MM V36 received=1 op=1001 source=1 resumed=1]
[IPC V36 op=1 n=1 owner=0 blocked=0 next=0 frame=1]
[MM V36 received=2 op=1002 source=1 resumed=1]
[MM IPC V36 alloc-release-result=0]
[CTX kernel-running ticks=340 heartbeat=4]
[TTY char=m]
[TTY user-char=0x0000006D]
[CTX kernel-running ticks=446 heartbeat=5]
[TTY char=m]
[TTY user-char=0x0000006D]
[RFE target=4294967288 current=4294967288 seq=535 pc=0x403740AB ps=0x00000110]
[SYSTIMER V36 n=500 before now=0x00000000:0x0DD238EC target=0x00000000:0x0DD237CE conf=0xC7000000 raw=0x00000001 st=0x00000001]
[SYSTIMER V36 n=500 after now=0x00000000:0x0DD23AFD target=0x00000000:0x0DD64BA5 conf=0xC7000000 raw=0x00000000 st=0x00000000]
[SYSTIMER V36 return deadline=0x00000000:0x0DD64BA5 ena=0x00000001 ien=0x00000004 pending=0x00000000 ps=0x00000110 pc=0x403740AB sp=0x3FCCBA60 psout=0x00000100 frame=1]
[IRQ count=500 nest=1 owner=2 selected=4294967288 handoff=1 gates=1 unknown=0 clock-msgs=57]
[CTX kernel-running ticks=519 heartbeat=6]
[TTY char=0x0000000A]
[TTY user-char=0x0000000A]
[TTY line=mm]
[MM IPC V36 alloc-release-result=0]
[CTX kernel-running ticks=591 heartbeat=7]
[TTY char=m]
[TTY user-char=0x0000006D]
[TTY char=m]
[TTY user-char=0x0000006D]
[CTX kernel-running ticks=676 heartbeat=8]
[TTY char=0x0000000A]
[TTY user-char=0x0000000A]
[TTY line=mm]
[MM IPC V36 alloc-release-result=0]
[CTX kernel-running ticks=766 heartbeat=9]
[TTY char=m]
[TTY user-char=0x0000006D]
[CTX kernel-running ticks=841 heartbeat=10]
[TTY char=m]
[TTY user-char=0x0000006D]
[TTY char=0x0000000A]
[TTY user-char=0x0000000A]
[TTY line=mm]
[CTX kernel-running ticks=923 heartbeat=11]
[MM IPC V36 alloc-release-result=0]
[RFE target=2 current=2 seq=1077 pc=0x403740AB ps=0x00000110]
[SYSTIMER V36 n=1000 before now=0x00000000:0x15E94B1B target=0x00000000:0x15E949FD conf=0xC7000000 raw=0x00000001 st=0x00000001]
[SYSTIMER V36 n=1000 after now=0x00000000:0x15E94D2C target=0x00000000:0x15ED5DD4 conf=0xC7000000 raw=0x00000000 st=0x00000000]
[SYSTIMER V36 return deadline=0x00000000:0x15ED5DD4 ena=0x00000001 ien=0x00000004 pending=0x00000000 ps=0x00000110 pc=0x403740AB sp=0x3FCD8A60 psout=0x00000100 frame=1]
[IRQ count=1000 nest=1 owner=1 selected=2 handoff=1 gates=1 unknown=0 clock-msgs=117]
[CTX kernel-running ticks=1011 heartbeat=12]
[CTX kernel-running ticks=1092 heartbeat=13]
[CTX kernel-running ticks=1177 heartbeat=14]
[CTX kernel-running ticks=1258 heartbeat=15]
[CTX kernel-running ticks=1347 heartbeat=16]
[SCHED fs-selected pc=0x40372983 sp=0x3FCD7940 nest=1]
[CTX kernel-running ticks=1432 heartbeat=17]
[RFE target=4294967291 current=4294967291 seq=1606 pc=0x403740A4 ps=0x00000110]
[SYSTIMER V36 n=1500 before now=0x00000000:0x1DDE29F1 target=0x00000000:0x1DDE28D3 conf=0xC7000000 raw=0x00000001 st=0x00000001]
[SYSTIMER V36 n=1500 after now=0x00000000:0x1DDE2C02 target=0x00000000:0x1DE23CAA conf=0xC7000000 raw=0x00000000 st=0x00000000]
[SYSTIMER V36 return deadline=0x00000000:0x1DE23CAA ena=0x00000001 ien=0x00000004 pending=0x00000000 ps=0x00000110 pc=0x403740A4 sp=0x3FCCEA60 psout=0x00000100 frame=1]
[IRQ count=1500 nest=1 owner=2 selected=4294967291 handoff=1 gates=1 unknown=0 clock-msgs=175]
[CTX kernel-running ticks=1513 heartbeat=18]
[CTX kernel-running ticks=1598 heartbeat=19]
[CTX kernel-running ticks=1687 heartbeat=20]
[CTX kernel-running ticks=1766 heartbeat=21]
[CTX kernel-running ticks=1848 heartbeat=22]
[CTX kernel-running ticks=1938 heartbeat=23]
[RFE target=2 current=2 seq=2136 pc=0x403740A4 ps=0x00000110]
[SYSTIMER V36 n=2000 before now=0x00000000:0x25D308BE target=0x00000000:0x25D307A0 conf=0xC7000000 raw=0x00000001 st=0x00000001]
[SYSTIMER V36 n=2000 after now=0x00000000:0x25D30ACE target=0x00000000:0x25D71B77 conf=0xC7000000 raw=0x00000000 st=0x00000000]
[SYSTIMER V36 return deadline=0x00000000:0x25D71B77 ena=0x00000001 ien=0x00000004 pending=0x00000000 ps=0x00000110 pc=0x403740A4 sp=0x3FCD8A60 psout=0x00000100 frame=1]
[IRQ count=2000 nest=1 owner=1 selected=2 handoff=1 gates=1 unknown=0 clock-msgs=235]
[CTX kernel-running ticks=2021 heartbeat=24]
[CTX kernel-running ticks=2103 heartbeat=25]
[TTY char=l]
[TTY user-char=0x0000006C]
[TTY char=s]
[TTY user-char=0x00000073]
[TTY char=0x0000000A]
[TTY user-char=0x0000000A]
[TTY line=ls]
[CTX kernel-running ticks=2184 heartbeat=26]
[CTX kernel-running ticks=2273 heartbeat=27]
[CTX kernel-running ticks=2358 heartbeat=28]
[CTX kernel-running ticks=2439 heartbeat=29]
[RFE target=4294967288 current=4294967288 seq=2665 pc=0x403740A7 ps=0x00000110]
[SYSTIMER V36 n=2500 before now=0x00000000:0x2DC7E78C target=0x00000000:0x2DC7E66E conf=0xC7000000 raw=0x00000001 st=0x00000001]
[SYSTIMER V36 n=2500 after now=0x00000000:0x2DC7E99D target=0x00000000:0x2DCBFA45 conf=0xC7000000 raw=0x00000000 st=0x00000000]
[SYSTIMER V36 return deadline=0x00000000:0x2DCBFA45 ena=0x00000001 ien=0x00000004 pending=0x00000000 ps=0x00000110 pc=0x403740A7 sp=0x3FCCBA60 psout=0x00000100 frame=1]
[IRQ count=2500 nest=1 owner=2 selected=4294967288 handoff=1 gates=1 unknown=0 clock-msgs=293]
[CTX kernel-running ticks=2524 heartbeat=30]
[CTX kernel-running ticks=2613 heartbeat=31]
[CTX kernel-running ticks=2694 heartbeat=32]
[CTX kernel-running ticks=2772 heartbeat=33]
[SCHED fs-selected pc=0x40374124 sp=0x3FCD79E0 nest=1]
[CTX kernel-running ticks=2864 heartbeat=34]
[CTX kernel-running ticks=2945 heartbeat=35]
[RFE target=2 current=2 seq=3195 pc=0x403740A9 ps=0x00000110]
[SYSTIMER V36 n=3000 before now=0x00000000:0x35BCC663 target=0x00000000:0x35BCC545 conf=0xC7000000 raw=0x00000001 st=0x00000001]
[SYSTIMER V36 n=3000 after now=0x00000000:0x35BCC874 target=0x00000000:0x35C0D91C conf=0xC7000000 raw=0x00000000 st=0x00000000]
[SYSTIMER V36 return deadline=0x00000000:0x35C0D91C ena=0x00000001 ien=0x00000004 pending=0x00000000 ps=0x00000110 pc=0x403740A9 sp=0x3FCD8A60 psout=0x00000100 frame=1]
[IRQ count=3000 nest=1 owner=1 selected=2 handoff=1 gates=1 unknown=0 clock-msgs=353]
[CTX kernel-running ticks=3029 heartbeat=36]
[CTX kernel-running ticks=3114 heartbeat=37]
[CTX kernel-running ticks=3199 heartbeat=38]
ramdisk
[CTX kernel-running ticks=3284 heartbeat=39]
[CTX kernel-running ticks=3369 heartbeat=40]
[CTX kernel-running ticks=3454 heartbeat=41]
[RFE target=4294967291 current=4294967291 seq=3724 pc=0x403740A7 ps=0x00000110]
[SYSTIMER V36 n=3500 before now=0x00000000:0x3DB1A537 target=0x00000000:0x3DB1A419 conf=0xC7000000 raw=0x00000001 st=0x00000001]
[SYSTIMER V36 n=3500 after now=0x00000000:0x3DB1A748 target=0x00000000:0x3DB5B7F0 conf=0xC7000000 raw=0x00000000 st=0x00000000]
[SYSTIMER V36 return deadline=0x00000000:0x3DB5B7F0 ena=0x00000001 ien=0x00000004 pending=0x00000000 ps=0x00000110 pc=0x403740A7 sp=0x3FCCEA60 psout=0x00000100 frame=1]
[IRQ count=3500 nest=1 owner=2 selected=4294967291 handoff=1 gates=1 unknown=0 clock-msgs=411]
[CTX kernel-running ticks=3539 heartbeat=42]
[CTX kernel-running ticks=3622 heartbeat=43]
[CTX kernel-running ticks=3704 heartbeat=44]
[CTX kernel-running ticks=3794 heartbeat=45]
[CTX kernel-running ticks=3871 heartbeat=46]
[CTX kernel-running ticks=3956 heartbeat=47]
[RFE target=1 current=1 seq=4253 pc=0x40372983 ps=0x00000110]
[SYSTIMER V36 n=4000 before now=0x00000000:0x45A6840E target=0x00000000:0x45A682E8 conf=0xC7000000 raw=0x00000001 st=0x00000001]
[SYSTIMER V36 n=4000 after now=0x00000000:0x45A6861E target=0x00000000:0x45AA96C7 conf=0xC7000000 raw=0x00000000 st=0x00000000]
[SYSTIMER V36 return deadline=0x00000000:0x45AA96C7 ena=0x00000001 ien=0x00000004 pending=0x00000000 ps=0x00000110 pc=0x40372983 sp=0x3FCD7920 psout=0x00000100 frame=1]
[IRQ count=4000 nest=1 owner=4294967290 selected=1 handoff=1 gates=1 unknown=0 clock-msgs=469]
[CTX kernel-running ticks=4040 heartbeat=48]
[CTX kernel-running ticks=4125 heartbeat=49]
[CTX kernel-running ticks=4211 heartbeat=50]
[SCHED fs-selected pc=0x4037346E sp=0x3FCD7950 nest=0]
[CTX kernel-running ticks=4296 heartbeat=51]
boot
[CTX kernel-running ticks=4380 heartbeat=52]
[CTX kernel-running ticks=4465 heartbeat=53]
[RFE target=4294967288 current=4294967288 seq=4783 pc=0x403740A4 ps=0x00000110]
[SYSTIMER V36 n=4500 before now=0x00000000:0x4D9B62D5 target=0x00000000:0x4D9B61B7 conf=0xC7000000 raw=0x00000001 st=0x00000001]
[SYSTIMER V36 n=4500 after now=0x00000000:0x4D9B64E6 target=0x00000000:0x4D9F758E conf=0xC7000000 raw=0x00000000 st=0x00000000]
[SYSTIMER V36 return deadline=0x00000000:0x4D9F758E ena=0x00000001 ien=0x00000004 pending=0x00000000 ps=0x00000110 pc=0x403740A4 sp=0x3FCCBA60 psout=0x00000100 frame=1]
[IRQ count=4500 nest=1 owner=2 selected=4294967288 handoff=1 gates=1 unknown=0 clock-msgs=529]
[CTX kernel-running ticks=4551 heartbeat=54]
[CTX kernel-running ticks=4635 heartbeat=55]
[CTX kernel-running ticks=4720 heartbeat=56]
[CTX kernel-running ticks=4805 heartbeat=57]
[CTX kernel-running ticks=4888 heartbeat=58]
[CTX kernel-running ticks=4972 heartbeat=59]
[RFE target=1 current=1 seq=5312 pc=0x40372B48 ps=0x00000110]
[SYSTIMER V36 n=5000 before now=0x00000000:0x559041A9 target=0x00000000:0x5590408B conf=0xC7000000 raw=0x00000001 st=0x00000001]
[SYSTIMER V36 n=5000 after now=0x00000000:0x559043BA target=0x00000000:0x55945462 conf=0xC7000000 raw=0x00000000 st=0x00000000]
[SYSTIMER V36 return deadline=0x00000000:0x55945462 ena=0x00000001 ien=0x00000004 pending=0x00000000 ps=0x00000110 pc=0x40372B48 sp=0x3FCD7940 psout=0x00000100 frame=1]
[IRQ count=5000 nest=1 owner=4294967292 selected=1 handoff=1 gates=1 unknown=0 clock-msgs=587]
[CTX kernel-running ticks=5052 heartbeat=60]
[CTX kernel-running ticks=5137 heartbeat=61]
[CTX kernel-running ticks=5227 heartbeat=62]
[CTX kernel-running ticks=5319 heartbeat=63]
[CTX kernel-running ticks=5392 heartbeat=64]
README
[CTX kernel-running ticks=5477 heartbeat=65]
[RFE target=4294967291 current=4294967291 seq=5842 pc=0x403740AB ps=0x00000110]
[SYSTIMER V36 n=5500 before now=0x00000000:0x5D852081 target=0x00000000:0x5D851F63 conf=0xC7000000 raw=0x00000001 st=0x00000001]
[SYSTIMER V36 n=5500 after now=0x00000000:0x5D852292 target=0x00000000:0x5D89333A conf=0xC7000000 raw=0x00000000 st=0x00000000]
[SYSTIMER V36 return deadline=0x00000000:0x5D89333A ena=0x00000001 ien=0x00000004 pending=0x00000000 ps=0x00000110 pc=0x403740AB sp=0x3FCCEA60 psout=0x00000100 frame=1]
[IRQ count=5500 nest=1 owner=2 selected=4294967291 handoff=1 gates=1 unknown=0 clock-msgs=647]
[CTX kernel-running ticks=5562 heartbeat=66]
[CTX kernel-running ticks=5645 heartbeat=67]
[SCHED fs-selected pc=0x4037295D sp=0x3FCD7920 nest=1]
[CTX kernel-running ticks=5732 heartbeat=68]
[CTX kernel-running ticks=5817 heartbeat=69]
[CTX kernel-running ticks=5900 heartbeat=70]
[CTX kernel-running ticks=5984 heartbeat=71]
[RFE target=1 current=1 seq=6371 pc=0x4037299E ps=0x00000110]
[SYSTIMER V36 n=6000 before now=0x00000000:0x6579FF57 target=0x00000000:0x6579FE31 conf=0xC7000000 raw=0x00000001 st=0x00000001]
[SYSTIMER V36 n=6000 after now=0x00000000:0x657A0168 target=0x00000000:0x657E1210 conf=0xC7000000 raw=0x00000000 st=0x00000000]
[SYSTIMER V36 return deadline=0x00000000:0x657E1210 ena=0x00000001 ien=0x00000004 pending=0x00000000 ps=0x00000110 pc=0x4037299E sp=0x3FCD7920 psout=0x00000100 frame=1]
[IRQ count=6000 nest=1 owner=4294967290 selected=1 handoff=1 gates=1 unknown=0 clock-msgs=705]
[CTX kernel-running ticks=6063 heartbeat=72]
[CTX kernel-running ticks=6152 heartbeat=73]
[CTX kernel-running ticks=6234 heartbeat=74]
[CTX kernel-running ticks=6318 heartbeat=75]
[CTX kernel-running ticks=6403 heartbeat=76]
[CTX kernel-running ticks=6488 heartbeat=77]
[RFE target=2 current=2 seq=6900 pc=0x403740B0 ps=0x00000110]
[SYSTIMER V36 n=6500 before now=0x00000000:0x6D6EDE28 target=0x00000000:0x6D6EDD09 conf=0xC7000000 raw=0x00000001 st=0x00000001]
[SYSTIMER V36 n=6500 after now=0x00000000:0x6D6EE039 target=0x00000000:0x6D72F0E1 conf=0xC7000000 raw=0x00000000 st=0x00000000]
[SYSTIMER V36 return deadline=0x00000000:0x6D72F0E1 ena=0x00000001 ien=0x00000004 pending=0x00000000 ps=0x00000110 pc=0x403740B0 sp=0x3FCD8A60 psout=0x00000100 frame=1]
[IRQ count=6500 nest=1 owner=1 selected=2 handoff=1 gates=1 unknown=0 clock-msgs=763]
[CMD ls capacity=[CTX kernel-running ticks=6571 heartbeat=78]
65536 formatted=[CTX kernel-running ticks=6658 heartbeat=79]
0]
[CTX kernel-running ticks=6743 heartbeat=80]
[CTX kernel-running ticks=6826 heartbeat=81]
[CTX kernel-running ticks=6911 heartbeat=82]
[CTX kernel-running ticks=6990 heartbeat=83]
[RFE target=1 current=1 seq=7430 pc=0x40372955 ps=0x00000110]
[SYSTIMER V36 n=7000 before now=0x00000000:0x7563BCF5 target=0x00000000:0x7563BBD7 conf=0xC7000000 raw=0x00000001 st=0x00000001]
[SYSTIMER V36 n=7000 after now=0x00000000:0x7563BF06 target=0x00000000:0x7567CFAE conf=0xC7000000 raw=0x00000000 st=0x00000000]
[SYSTIMER V36 return deadline=0x00000000:0x7567CFAE ena=0x00000001 ien=0x00000004 pending=0x00000000 ps=0x00000110 pc=0x40372955 sp=0x3FCD7920 psout=0x00000100 frame=1]
[IRQ count=7000 nest=1 owner=4294967292 selected=1 handoff=1 gates=1 unknown=0 clock-msgs=823]
[CTX kernel-running ticks=7076 heartbeat=84]
[SCHED fs-selected pc=0x4037295D sp=0x3FCD7920 nest=1]
[CTX kernel-running ticks=7160 heartbeat=85]
[CTX kernel-running ticks=7243 heartbeat=86]
[CTX kernel-running ticks=7330 heartbeat=87]
[CTX kernel-running ticks=7415 heartbeat=88]
[CTX kernel-running ticks=7495 heartbeat=89]
[RFE target=2 current=2 seq=7959 pc=0x403740B0 ps=0x00000110]
[SYSTIMER V36 n=7500 before now=0x00000000:0x7D589BCA target=0x00000000:0x7D589AAC conf=0xC7000000 raw=0x00000001 st=0x00000001]
[SYSTIMER V36 n=7500 after now=0x00000000:0x7D589DDA target=0x00000000:0x7D5CAE83 conf=0xC7000000 raw=0x00000000 st=0x00000000]
[SYSTIMER V36 return deadline=0x00000000:0x7D5CAE83 ena=0x00000001 ien=0x00000004 pending=0x00000000 ps=0x00000110 pc=0x403740B0 sp=0x3FCD8A60 psout=0x00000100 frame=1]
[IRQ count=7500 nest=1 owner=1 selected=2 handoff=1 gates=1 unknown=0 clock-msgs=881]
[CTX kernel-running ticks=7583 heartbeat=90]
[CTX kernel-running ticks=7668 heartbeat=91]
[CTX kernel-running ticks=7750 heartbeat=92]
[TTY char=i]
[TTY user-char=0x00000069]
[TTY char=p]
[TTY user-char=0x00000070]
[TTY char=c]
[TTY user-char=0x00000063]
[TTY char=0x0000000A]
[TTY user-char=0x0000000A]
[TTY line=ipc]
[CTX kernel-running ticks=7835 heartbeat=93]
[CTX kernel-running ticks=7916 heartbeat=94]
[RFE target=1 current=1 seq=8489 pc=0x40372993 ps=0x00000110]
[SYSTIMER V36 n=8000 before now=0x00000000:0x854E2E68 target=0x00000000:0x854E2D42 conf=0xC7000000 raw=0x00000001 st=0x00000001]
[SYSTIMER V36 n=8000 after now=0x00000000:0x854E3079 target=0x00000000:0x85524121 conf=0xC7000000 raw=0x00000000 st=0x00000000]
[SYSTIMER V36 return deadline=0x00000000:0x85524121 ena=0x00000001 ien=0x00000004 pending=0x00000000 ps=0x00000110 pc=0x40372993 sp=0x3FCD79E0 psout=0x00000100 frame=1]
[IRQ count=8000 nest=1 owner=4294967290 selected=1 handoff=1 gates=1 unknown=0 clock-msgs=941]
[CTX kernel-running ticks=8002 heartbeat=95]
[CTX kernel-running ticks=8086 heartbeat=96]
[CTX kernel-running ticks=8169 heartbeat=97]
[CTX kernel-running ticks=8256 heartbeat=98]
[CTX kernel-running ticks=8341 heartbeat=99]
[CTX kernel-running ticks=8419 heartbeat=100]
[RFE target=2 current=2 seq=9018 pc=0x403740A4 ps=0x00000110]
[SYSTIMER V36 n=8500 before now=0x00000000:0x8D430D36 target=0x00000000:0x8D430C18 conf=0xC7000000 raw=0x00000001 st=0x00000001]
[SYSTIMER V36 n=8500 after now=0x00000000:0x8D430F46 target=0x00000000:0x8D471FEF conf=0xC7000000 raw=0x00000000 st=0x00000000]
[SYSTIMER V36 return deadline=0x00000000:0x8D471FEF ena=0x00000001 ien=0x00000004 pending=0x00000000 ps=0x00000110 pc=0x403740A4 sp=0x3FCD8A60 psout=0x00000100 frame=1]
[IRQ count=8500 nest=1 owner=1 selected=2 handoff=1 gates=1 unknown=0 clock-msgs=999]
[SCHED fs-selected pc=0x40372981 sp=0x3FCD79E0 nest=0]
[CTX kernel-running ticks=8509 heartbeat=101]
[CTX kernel-running ticks=8594 heartbeat=102]
[CTX kernel-running ticks=8676 heartbeat=103]
[CTX kernel-running ticks=8761 heartbeat=104]
[CTX kernel-running ticks=8846 heartbeat=105]
[TTY IPC V36 reply-result=[CTX kernel-running ticks=8927 heartbeat=106]
[RFE target=2 current=2 seq=9550 pc=0x403740A9 ps=0x00000110]
[SYSTIMER V36 n=9000 before now=0x00000000:0x9537EC0B target=0x00000000:0x9537EAED conf=0xC7000000 raw=0x00000001 st=0x00000001]
[SYSTIMER V36 n=9000 after now=0x00000000:0x9537EE1C target=0x00000000:0x953BFEC4 conf=0xC7000000 raw=0x00000000 st=0x00000000]
[SYSTIMER V36 return deadline=0x00000000:0x953BFEC4 ena=0x00000001 ien=0x00000004 pending=0x00000000 ps=0x00000110 pc=0x403740A9 sp=0x3FCD8A60 psout=0x00000100 frame=1]
[IRQ count=9000 nest=1 owner=1 selected=2 handoff=1 gates=1 unknown=0 clock-msgs=1059]
0[CTX kernel-running ticks=9012 heartbeat=107]
]
[CTX kernel-running ticks=9089 heartbeat=108]
[CTX kernel-running ticks=9182 heartbeat=109]
[CTX kernel-running ticks=9262 heartbeat=110]
[CTX kernel-running ticks=9343 heartbeat=111]
[CTX kernel-running ticks=9429 heartbeat=112]
[RFE target=4294967288 current=4294967288 seq=10079 pc=0x403740A7 ps=0x00000110]
[SYSTIMER V36 n=9500 before now=0x00000000:0x9D2CCAD8 target=0x00000000:0x9D2CC9BA conf=0xC7000000 raw=0x00000001 st=0x00000001]
[SYSTIMER V36 n=9500 after now=0x00000000:0x9D2CCCE9 target=0x00000000:0x9D30DD91 conf=0xC7000000 raw=0x00000000 st=0x00000000]
[SYSTIMER V36 return deadline=0x00000000:0x9D30DD91 ena=0x00000001 ien=0x00000004 pending=0x00000000 ps=0x00000110 pc=0x403740A7 sp=0x3FCCBA60 psout=0x00000100 frame=1]
[IRQ count=9500 nest=1 owner=2 selected=4294967288 handoff=1 gates=1 unknown=0 clock-msgs=1117]
[CTX kernel-running ticks=9520 heartbeat=113]
[CTX kernel-running ticks=9613 heartbeat=114]
[CTX kernel-running ticks=9683 heartbeat=115]
[CTX kernel-running ticks=9769 heartbeat=116]
[CTX kernel-running ticks=9868 heartbeat=117]
[SCHED fs-selected pc=0x40372D95 sp=0x3FCD7920 nest=1]
[CTX kernel-running ticks=9938 heartbeat=118]
[RFE target=1 current=1 seq=10608 pc=0x40374114 ps=0x00000110]
[SYSTIMER V36 n=10000 before now=0x00000000:0xA521A9B0 target=0x00000000:0xA521A892 conf=0xC7000000 raw=0x00000001 st=0x00000001]
[SYSTIMER V36 n=10000 after now=0x00000000:0xA521ABC1 target=0x00000000:0xA525BC69 conf=0xC7000000 raw=0x00000000 st=0x00000000]
[SYSTIMER V36 return deadline=0x00000000:0xA525BC69 ena=0x00000001 ien=0x00000004 pending=0x00000000 ps=0x00000110 pc=0x40374114 sp=0x3FCD78E0 psout=0x00000100 frame=1]
[IRQ count=10000 nest=1 owner=4294967292 selected=1 handoff=1 gates=1 unknown=0 clock-msgs=1175]
[CTX kernel-running ticks=10023 heartbeat=119]
[CTX kernel-running ticks=10108 heartbeat=120]
[CTX kernel-running ticks=10193 heartbeat=121]
    ~/d/g/birap