 => CP32 OS kernel booting              ...

start()                                 ...
checking initialized memory             ...
.data sentinel: 0xC032DA7A (expected 0xC032DA7A)
.bss sentinel:  0x00000000 (expected 0x00000000)
checking exception vectors              ...
vector start:  0x40370000
vector end:    0x40370400
vector word 0: 0x000F2A06
vector word 6: 0x000ECB06
checking call0 stack                    ...
stack bottom:  0x3FCC5A80
stack pointer: 0x3FCCDA60
stack top:     0x3FCCDA80
stack align:   0 (expected 0)
initialize memory                       ...
setup boot parameters to kernel memory  ...
exiting start()                         ...

main() started                          ...
init process table                      ...
init stack                              ...
init TASKS                              ...
systemer irq start                      ...
[FEATURE QUIET-SYSTIMER 38]1
[KBD probe=1]
[MM probe alloc=1 release=1 deny=1 zero=1 huge=1 adjacent=1 merge=1 owned=1 clear=1]
[KBD init=1 stale=0 int=0 status=1 fifo=0]
[RAMDISK capacity=65536]
[LCD clear-done]
[TTY user-ready nr=1 pc=0x403784F8 sp=0x3FCD7A80 flags=0]
[BOOT SYSTIMER V38 conf=0xC7000000 target=0x00000000 ena=0x00000001 raw=0x00000000]
[TEST SCHEDULER 2]
[CORE readyq=1]
[CORE heldq=1]
[CORE blockedowner=1]
[CORE blockedframe=1]
[CORE runtime=1]
[CORE maps=1]
[CORE flags=1]
[CORE contexts=1]
[CORE owners=1]
[CORE ipcstate=1]
[CORE ipcqueue=1]
[CORE ipclinks=1]
[CORE proctab=1]
[CORE tasks=1]
[CORE systask=1]
[TEST QUIET-SYSTIMER 38]

STABLE idle-entry                       ...
[SCHED return-state owner=4294967287 flags=0 selected=4294967287 fs=4294967295]
[RFE publish target=4294967287 current=4294967287 seq=1]
[RFE target=4294967287 current=4294967287 seq=1 pc=0x4037D934 ps=0x00000100]
[SYSTIMER V38 n=1 before now=0x00000000:0x05C0B213 target=0x00000000:0x05C0B0F8 conf=0xC7000000 raw=0x00000001 st=0x00000001]
[SYSTIMER V38 n=1 after now=0x00000000:0x05C0B419 target=0x00000000:0x05C4C4CC conf=0xC7000000 raw=0x00000000 st=0x00000000]
[SYSTIMER V38 return deadline=0x00000000:0x05C4C4CC ena=0x00000001 ien=0x00000004 pending=0x00000000 ps=0x00060530 pc=0x4037D934 sp=0x3FCCAA80 psout=0x00000100 frame=1]
[IRQ count=1 nest=1 owner=4294967289 selected=4294967287 handoff=1 gates=1 unknown=0 clock-msgs=0]
[KBD poll=1]
[IPC count=1 op=2 src=132]
[IPC V38 op=2 n=1 owner=4294967287 blocked=1 next=0 frame=1]
[MM_TASK]
[SYSTIMER V38 n=2 before now=0x00000000:0x05C4C5DE target=0x00000000:0x05C4C4CC conf=0xC7000000 raw=0x00000001 st=0x00000001]
[SYSTIMER V38 n=2 after now=0x00000000:0x05C4C7E4 target=0x00000000:0x05C8D898 conf=0xC7000000 raw=0x00000000 st=0x00000000]
[SYSTIMER V38 return deadline=0x00000000:0x05C8D898 ena=0x00000001 ien=0x00000004 pending=0x00000000 ps=0x00000110 pc=0x403780B8 sp=0x3FCCBA80 psout=0x00000100 frame=1]
[SCHED fs-selected pc=0x403784F8 sp=0x3FCD7A80 nest=1]
[SCHED fs-publish flags=0 pc=0x403784F8 sp=0x3FCD7A80 owner=1]
[IRQ return-frame=1 owner=1]
[CTX V38 FS-RETURN n=1 tick=3 pc=0x403784F8 sp=0x3FCD7A80 a0=0x00000000 a15=0x3FCD7A80 sar=0x00000000 lcount=0x00000000 frame=1]
[TTY user-entry]
[CTX V38 FS-RETURN n=2 tick=6 pc=0x4038034D sp=0x3FCD7A40 a0=0x40380349 a15=0x3FCD7A40 sar=0x0000000B lcount=0x00000000 frame=1]
[CLOCK_TASK]
[CLOCK V38 received=1 type=2 source=4294967295 tick=14 owner=4294967293 resumed=1]
[IPC blocked-resume=1 owner=4294967293 result=0]
[CLOCK V38 received=2 type=2 source=4294967295 tick=31 owner=4294967293 resumed=1]
[TTY char=m]
[TTY user-char=0x0000006D]
[TTY char=m]
[TTY user-char=0x0000006D]
[TTY char=0x0000000A]
[TTY user-char=0x0000000A]
[TTY line=mm]
[IPC V38 op=3 n=1 owner=1 blocked=1 next=2 frame=1]
[MM V38 received=1 op=1001 source=1 resumed=1]
[IPC V38 op=1 n=1 owner=0 blocked=0 next=0 frame=1]
[MM V38 received=2 op=1002 source=1 resumed=1]
[MM IPC V38 alloc-release-result=0]
[TTY char=m]
[TTY user-char=0x0000006D]
[TTY char=m]
[TTY user-char=0x0000006D]
[TTY char=0x0000000A]
[TTY user-char=0x0000000A]
[TTY line=mm]
[MM IPC V38 alloc-release-result=0]
[TTY char=i]
[TTY user-char=0x00000069]
[TTY char=p]
[TTY user-char=0x00000070]
[TTY char=c]
[TTY user-char=0x00000063]
[TTY char=0x0000000A]
[TTY user-char=0x0000000A]
[TTY line=ipc]
[TTY IPC V38 reply-result=0]
[TTY char=l]
[TTY user-char=0x0000006C]
[TTY char=s]
[TTY user-char=0x00000073]
[TTY char=0x0000000A]
[TTY user-char=0x0000000A]
[TTY line=ls]
ramdisk
[SCHED fs-selected pc=0x40372B8C sp=0x3FCD7930 nest=1]
[CTX kernel-running ticks=1688 heartbeat=1]
boot
[SCHED fs-selected pc=0x40372981 sp=0x3FCD7910 nest=1]
[CTX kernel-running ticks=3358 heartbeat=2]
README
[SCHED fs-selected pc=0x40372950 sp=0x3FCD7930 nest=1]
[CMD ls capacity=65536 formatted=0]
[RFE target=2 current=2 seq=5306 pc=0x403740A4 ps=0x00000110]
[SYSTIMER V38 n=5000 before now=0x00000000:0x55BDF22E target=0x00000000:0x55BDF110 conf=0xC7000000 raw=0x00000001 st=0x00000001]
[SYSTIMER V38 n=5000 after now=0x00000000:0x55BDF43E target=0x00000000:0x55C204E7 conf=0xC7000000 raw=0x00000000 st=0x00000000]
[SYSTIMER V38 return deadline=0x00000000:0x55C204E7 ena=0x00000001 ien=0x00000004 pending=0x00000000 ps=0x00000110 pc=0x403740A4 sp=0x3FCD8A50 psout=0x00000100 frame=1]
[IRQ count=5000 nest=1 owner=1 selected=2 handoff=1 gates=1 unknown=0 clock-msgs=587]
[CTX kernel-running ticks=5063 heartbeat=3]
[SCHED fs-selected pc=0x40374108 sp=0x3FCD78F0 nest=1]