 => CP32 OS kernel booting              ...

start()                                 ...
checking initialized memory             ...
.data sentinel: 0xC032DA7A (expected 0xC032DA7A)
.bss sentinel:  0x00000000 (expected 0x00000000)
checking exception vectors              ...
vector start:  0x40370000
vector end:    0x40370400
vector word 0: 0x000F2606
vector word 6: 0x000EC706
checking call0 stack                    ...
stack bottom:  0x3FCC5E30
stack pointer: 0x3FCCDE10
stack top:     0x3FCCDE30
stack align:   0 (expected 0)
initialize memory                       ...
setup boot parameters to kernel memory  ...
exiting start()                         ...

main() started                          ...
init process table                      ...
init stack                              ...
init TASKS                              ...
systemer irq start                      ...
[FEATURE SYS-IPC 39]1
[KBD probe=1]
[MM probe alloc=1 release=1 deny=1 zero=1 huge=1 adjacent=1 merge=1 owned=1 clear=1]
[KBD init=1 stale=0 int=0 status=1 fifo=0]
[RAMDISK capacity=65536]
[LCD clear-done]
[TTY user-ready nr=1 pc=0x40378660 sp=0x3FCD7E30 flags=0]
[BOOT SYSTIMER V39 conf=0xC7000000 target=0x00000000 ena=0x00000001 raw=0x00000000]
[TEST SCHEDULER 2]
[CORE readyq=1]
[CORE heldq=1]
[CORE blockedowner=1]
[CORE blockedframe=1]
[CORE runtime=1]
[CORE maps=1]
[CORE flags=1]
[CORE contexts=1]
[CORE owners=1]
[CORE ipcstate=1]
[CORE ipcqueue=1]
[CORE ipclinks=1]
[CORE proctab=1]
[CORE tasks=1]
[CORE systask=1]
[TEST SYS-IPC 39]

STABLE idle-entry                       ...
[SCHED return-state owner=4294967287 flags=0 selected=4294967287 fs=4294967295]
[RFE publish target=4294967287 current=4294967287 seq=1]
[RFE target=4294967287 current=4294967287 seq=1 pc=0x4037DC38 ps=0x00000100]
[SYSTIMER V39 n=1 before now=0x00000000:0x05C0ED57 target=0x00000000:0x05C0EC3C conf=0xC7000000 raw=0x00000001 st=0x00000001]
[SYSTIMER V39 n=1 after now=0x00000000:0x05C0EF5D target=0x00000000:0x05C50010 conf=0xC7000000 raw=0x00000000 st=0x00000000]
[SYSTIMER V39 return deadline=0x00000000:0x05C50010 ena=0x00000001 ien=0x00000004 pending=0x00000000 ps=0x00060530 pc=0x4037DC38 sp=0x3FCCAE30 psout=0x00000100 frame=1]
[IRQ count=1 nest=1 owner=4294967289 selected=4294967287 handoff=1 gates=1 unknown=0 clock-msgs=0]
[KBD poll=1]
[IPC count=1 op=2 src=132]
[IPC V39 op=2 n=1 owner=4294967287 blocked=1 next=0 frame=1]
[MM_TASK]
[SYSTIMER V39 n=2 before now=0x00000000:0x05C50122 target=0x00000000:0x05C50010 conf=0xC7000000 raw=0x00000001 st=0x00000001]
[SYSTIMER V39 n=2 after now=0x00000000:0x05C50328 target=0x00000000:0x05C913DC conf=0xC7000000 raw=0x00000000 st=0x00000000]
[SYSTIMER V39 return deadline=0x00000000:0x05C913DC ena=0x00000001 ien=0x00000004 pending=0x00000000 ps=0x00000110 pc=0x403780B8 sp=0x3FCCBE30 psout=0x00000100 frame=1]
[SCHED fs-selected pc=0x40378660 sp=0x3FCD7E30 nest=1]
[SCHED fs-publish flags=0 pc=0x40378660 sp=0x3FCD7E30 owner=1]
[IRQ return-frame=1 owner=1]
[CTX V39 FS-RETURN n=1 tick=3 pc=0x40378660 sp=0x3FCD7E30 a0=0x00000000 a15=0x3FCD7E30 sar=0x00000000 lcount=0x00000000 frame=1]
[TTY user-entry]
[CTX V39 FS-RETURN n=2 tick=6 pc=0x4037DB7B sp=0x3FCD7DF0 a0=0x4037DB10 a15=0x3FCD7DF0 sar=0x0000000B lcount=0x00000000 frame=1]
[CLOCK_TASK]
[CLOCK V39 received=1 type=2 source=4294967295 tick=14 owner=4294967293 resumed=1]
[IPC blocked-resume=1 owner=4294967293 result=0]
[CLOCK V39 received=2 type=2 source=4294967295 tick=33 owner=4294967293 resumed=1]
[TTY char=s]
[TTY user-char=0x00000073]
[TTY char=y]
[TTY user-char=0x00000079]
[TTY char=s]
[TTY user-char=0x00000073]
[TTY char=0x0000000A]
[TTY user-char=0x0000000A]
[TTY line=sys]
[IPC V39 op=3 n=1 owner=1 blocked=1 next=2 frame=1]
[SYS V39 received=1 op=2 source=1 resumed=1]
[IPC V39 op=1 n=1 owner=4294967294 blocked=0 next=4294967294 frame=1]
[SYS V39 received=2 op=8 source=1 resumed=1]
[SYS IPC V39 result=0 uptime=255]
[TTY char=s]
[TTY user-char=0x00000073]
[TTY char=y]
[TTY user-char=0x00000079]
[TTY char=s]
[TTY user-char=0x00000073]
[TTY char=0x0000000A]
[TTY user-char=0x0000000A]
[TTY line=sys]
[SYS IPC V39 result=0 uptime=614]
[TTY char=s]
[TTY user-char=0x00000073]
[TTY char=y]
[TTY user-char=0x00000079]
[TTY char=s]
[TTY user-char=0x00000073]
[TTY char=0x0000000A]
[TTY user-char=0x0000000A]
[TTY line=sys]
[SYS IPC V39 result=0 uptime=966]
[TTY char=s]
[TTY user-char=0x00000073]
[TTY char=y]
[TTY user-char=0x00000079]
[TTY char=s]
[TTY user-char=0x00000073]
[SCHED fs-selected pc=0x40373C87 sp=0x3FCD7DD0 nest=1]
[TTY char=0x0000000A]
[TTY user-char=0x0000000A]
[TTY line=sys]
[SYS IPC V39 result=0 uptime=1495]
[CTX kernel-running ticks=1652 heartbeat=1]
[TTY char=i]
[TTY user-char=0x00000069]
[TTY char=p]
[TTY user-char=0x00000070]
[TTY char=c]
[TTY user-char=0x00000063]
[TTY char=0x0000000A]
[TTY user-char=0x0000000A]
[TTY line=ipc]
[TTY IPC V39 reply-result=0]
[SCHED fs-selected pc=0x4037410B sp=0x3FCD7C40 nest=1]
[TTY char=m]
[TTY user-char=0x0000006D]
[TTY char=m]
[TTY user-char=0x0000006D]
[TTY char=0x0000000A]
[TTY user-char=0x0000000A]
[TTY line=mm]
[CTX kernel-running ticks=3329 heartbeat=2]
[SCHED fs-selected pc=0x40372999 sp=0x3FCD7D60 nest=1]
[MM V39 received=1 op=1001 source=1 resumed=1]
[MM V39 received=2 op=1002 source=1 resumed=1]
[MM IPC V39 alloc-release-result=0]
[RFE target=4294967291 current=4294967291 seq=5319 pc=0x40374099 ps=0x00000110]
[SYSTIMER V39 n=5000 before now=0x00000000:0x561A77F2 target=0x00000000:0x561A76D4 conf=0xC7000000 raw=0x00000001 st=0x00000001]
[SYSTIMER V39 n=5000 after now=0x00000000:0x561A7A02 target=0x00000000:0x561E8AAB conf=0xC7000000 raw=0x00000000 st=0x00000000]
[SYSTIMER V39 return deadline=0x00000000:0x561E8AAB ena=0x00000001 ien=0x00000004 pending=0x00000000 ps=0x00000110 pc=0x40374099 sp=0x3FCCEE00 psout=0x00000100 frame=1]
[IRQ count=5000 nest=1 owner=2 selected=4294967291 handoff=1 gates=1 unknown=0 clock-msgs=587]
[CTX kernel-running ticks=5005 heartbeat=3]
[TTY char=l]
[TTY user-char=0x0000006C]
[TTY char=s]
[TTY user-char=0x00000073]
[TTY char=0x0000000A]
[TTY user-char=0x0000000A]
[TTY line=ls]
[SCHED fs-selected pc=0x40372983 sp=0x3FCD7D80 nest=1]
[CTX kernel-running ticks=6694 heartbeat=4]
ramdisk
[SCHED fs-selected pc=0x4037410D sp=0x3FCD7CB0 nest=0]
boot
[CTX kernel-running ticks=8373 heartbeat=5]
[SCHED fs-selected pc=0x40372943 sp=0x3FCD7CB0 nest=1]
README
[SCHED fs-selected pc=0x4037410D sp=0x3FCD7CB0 nest=1]
[RFE target=2 current=2 seq=10613 pc=0x403740A0 ps=0x00000110]
[SYSTIMER V39 n=10000 before now=0x00000000:0xA5AB8020 target=0x00000000:0xA5AB7F02 conf=0xC7000000 raw=0x00000001 st=0x00000001]
[SYSTIMER V39 n=10000 after now=0x00000000:0xA5AB8231 target=0x00000000:0xA5AF92D9 conf=0xC7000000 raw=0x00000000 st=0x00000000]
[SYSTIMER V39 return deadline=0x00000000:0xA5AF92D9 ena=0x00000001 ien=0x00000004 pending=0x00000000 ps=0x00000110 pc=0x403740A0 sp=0x3FCD8E00 psout=0x00000100 frame=1]
[IRQ count=10000 nest=1 owner=1 selected=2 handoff=1 gates=1 unknown=0 clock-msgs=1175]
[CTX kernel-running ticks=10057 heartbeat=6]
[CMD ls capacity=65536 formatted=0]
[SCHED fs-selected pc=0x403740FD sp=0x3FCD7C70 nest=0]
[CTX kernel-running ticks=11732 heartbeat=7]