 => CP32 OS kernel booting              ...

start()                                 ...
checking initialized memory             ...
.data sentinel: 0xC032DA7A (expected 0xC032DA7A)
.bss sentinel:  0x00000000 (expected 0x00000000)
checking exception vectors              ...
vector start:  0x40370000
vector end:    0x40370400
vector word 0: 0x000F7D06
vector word 6: 0x000F1E06
checking call0 stack                    ...
stack bottom:  0x3FCC6270
stack pointer: 0x3FCCE250
stack top:     0x3FCCE270
stack align:   0 (expected 0)
initialize memory                       ...
setup boot parameters to kernel memory  ...
exiting start()                         ...

main() started                          ...
init process table                      ...
init stack                              ...
init TASKS                              ...
systemer irq start                      ...
[FEATURE TTY-READ-COPY 45]1
[KBD probe=1]
[MM probe alloc=1 release=1 deny=1 zero=1 huge=1 adjacent=1 merge=1 owned=1 clear=1]
[KBD init=1 stale=0 int=0 status=1 fifo=0]
[RAMDISK capacity=65536]
[LCD clear-done]
[TTY user-ready nr=1 pc=0x4037878C sp=0x3FCD8270 flags=0]
[BOOT SYSTIMER V44 conf=0xC7000000 target=0x00000000 ena=0x00000001 raw=0x00000000]
[TEST SCHEDULER 2]
[CORE readyq=1]
[CORE heldq=1]
[CORE blockedowner=1]
[CORE blockedframe=1]
[CORE runtime=1]
[CORE maps=1]
[CORE flags=1]
[CORE contexts=1]
[CORE owners=1]
[CORE ipcstate=1]
[CORE ipcqueue=1]
[CORE ipclinks=1]
[CORE proctab=1]
[CORE tasks=1]
[CORE systask=1]
[TEST TTY-READ-COPY 45]

STABLE idle-entry                       ...
[SCHED return-state owner=4294967287 flags=0 selected=4294967287 fs=4294967295]
[RFE publish target=4294967287 current=4294967287 seq=1]
[RFE target=4294967287 current=4294967287 seq=1 pc=0x4037DD64 ps=0x00000100]
[SYSTIMER V44 n=1 before now=0x00000000:0x05BFF226 target=0x00000000:0x05BFF10A conf=0xC7000000 raw=0x00000001 st=0x00000001]
[SYSTIMER V44 n=1 after now=0x00000000:0x05BFF42B target=0x00000000:0x05C404DF conf=0xC7000000 raw=0x00000000 st=0x00000000]
[SYSTIMER V44 return deadline=0x00000000:0x05C404DF ena=0x00000001 ien=0x00000004 pending=0x00000000 ps=0x00060530 pc=0x4037DD64 sp=0x3FCCB270 psout=0x00000100 frame=1]
[IRQ count=1 nest=1 owner=4294967289 selected=4294967287 handoff=1 gates=1 unknown=0 clock-msgs=0]
[KBD poll=1]
[IPC count=1 op=2 src=132]
[IPC V44 op=2 n=1 owner=4294967287 blocked=1 next=0 frame=1]
[MM_TASK]
[SYSTIMER V44 n=2 before now=0x00000000:0x05C405F2 target=0x00000000:0x05C404DF conf=0xC7000000 raw=0x00000001 st=0x00000001]
[SYSTIMER V44 n=2 after now=0x00000000:0x05C407F7 target=0x00000000:0x05C818AB conf=0xC7000000 raw=0x00000000 st=0x00000000]
[SYSTIMER V44 return deadline=0x00000000:0x05C818AB ena=0x00000001 ien=0x00000004 pending=0x00000000 ps=0x00000110 pc=0x403780B8 sp=0x3FCCC270 psout=0x00000100 frame=1]
[SCHED fs-selected pc=0x4037878C sp=0x3FCD8270 nest=1]
[SCHED fs-publish flags=0 pc=0x4037878C sp=0x3FCD8270 owner=1]
[IRQ return-frame=1 owner=1]
[CTX V44 FS-RETURN n=1 tick=3 pc=0x4037878C sp=0x3FCD8270 a0=0x00000000 a15=0x3FCD8270 sar=0x00000000 lcount=0x00000000 frame=1]
[TTY user-entry]
[CTX V44 FS-RETURN n=2 tick=6 pc=0x40373DE3 sp=0x3FCD8230 a0=0x4037DC3C a15=0x3FCD8230 sar=0x0000000B lcount=0x00000000 frame=1]
[CLOCK_TASK]
[CLOCK V44 received=1 type=2 source=4294967295 tick=14 owner=4294967293 resumed=1]
[IPC blocked-resume=1 owner=4294967293 result=0]
[CLOCK V44 received=2 type=2 source=4294967295 tick=33 owner=4294967293 resumed=1]
[TTY char=w]
[TTY user-char=0x00000077]
[TTY char=r]
[TTY user-char=0x00000072]
[TTY char=i]
[TTY user-char=0x00000069]
[TTY char=t]
[TTY user-char=0x00000074]
[TTY char=e]
[TTY user-char=0x00000065]
[TTY char=0x0000000A]
[TTY user-char=0x0000000A]
[TTY line=write]
[IPC V44 op=3 n=1 owner=1 blocked=1 next=2 frame=1]
[IPC V44 op=1 n=1 owner=4294967287 blocked=0 next=4294967287 frame=1]
[TTY WRITE V44 result=18 expected=18]
[TTY char=m]
[TTY user-char=0x0000006D]
[TTY char=m]
[TTY user-char=0x0000006D]
[TTY char=0x0000000A]
[TTY user-char=0x0000000A]
[TTY line=mm]
[MM V44 received=1 op=1001 source=1 resumed=1]
[MM V44 received=2 op=1002 source=1 resumed=1]
[MM IPC V44 alloc-release-result=0]
[TTY char=s]
[TTY user-char=0x00000073]
[TTY char=y]
[TTY user-char=0x00000079]
[TTY char=s]
[TTY user-char=0x00000073]
[TTY char=0x0000000A]
[TTY user-char=0x0000000A]
[TTY line=sys]
[SYS V44 received=1 op=2 source=1 resumed=1]
[SYS V44 received=2 op=8 source=1 resumed=1]
[SYS IPC V44 result=0 uptime=1461]
[CTX kernel-running ticks=1596 heartbeat=1]
[TTY char=i]
[TTY user-char=0x00000069]
[SCHED fs-selected pc=0x40373DE3 sp=0x3FCD8210 nest=1]
[TTY char=p]
[TTY user-char=0x00000070]
[TTY char=c]
[TTY user-char=0x00000063]
[TTY char=0x0000000A]
[TTY user-char=0x0000000A]
[TTY line=ipc]
[TTY IPC V44 reply-result=0]
[TTY char=l]
[TTY user-char=0x0000006C]
[TTY char=s]
[TTY user-char=0x00000073]
[TTY char=0x0000000A]
[TTY user-char=0x0000000A]
[TTY line=ls]
ramdisk
boot
README
[CMD ls capacity=65536 formatted=0]
[SCHED fs-selected pc=0x40374277 sp=0x3FCD8190 nest=1]
[CTX kernel-running ticks=3266 heartbeat=2]