# Selected excerpts from the user's image-46 USB capture, 2026-09-20.
# Gaps between excerpt groups omit other boot/service lines.
# User observation: display writing very slow; Backspace works.
[FEATURE TTY-READ 46]1
[TEST TTY-READ 46]

[TTY user-entry]
[IPC V44 op=3 n=1 owner=1 blocked=1 next=2 frame=1]
[CLOCK_TASK]
[CLOCK V44 received=1 type=2 source=4294967295 tick=10 owner=4294967293 resumed=1]
[IPC V44 op=1 n=1 owner=4294967287 blocked=0 next=4294967287 frame=1]
[CLOCK V44 received=2 type=2 source=4294967295 tick=24 owner=4294967293 resumed=1]
[TTY READ V46 reply=3 n=1]
[TTY line=mm]
[MM V44 received=1 op=1001 source=1 resumed=1]
[CTX V44 FS-RETURN n=2 tick=690 pc=0x40374073 sp=0x3FCD82C0 a0=0x40372439 a15=0x3FCD82C0 sar=0x00000000 lcount=0x00000000 frame=1]
[MM V44 received=2 op=1002 source=1 resumed=1]
[MM IPC V44 alloc-release-result=0]
[CTX kernel-running ticks=1146 heartbeat=1]
[TTY line=ipc]
[TTY IPC V44 reply-result=0]
[TTY line=sys]
[SYS V44 received=1 op=2 source=1 resumed=1]
[SYS V44 received=2 op=8 source=1 resumed=1]
[SYS IPC V44 result=0 uptime=2150]
[CTX kernel-running ticks=2314 heartbeat=2]
[TTY line=ls]
ramdisk
boot
README
[CMD ls capacity=65536 formatted=0]
[CTX kernel-running ticks=3497 heartbeat=3]
[CTX kernel-running ticks=4699 heartbeat=4]

[SYSTIMER V44 n=5000 after now=0x00000000:0x554E799D target=0x00000000:0x55528A45 conf=0xC7000000 raw=0x00000000 st=0x00000000]
[SYSTIMER V44 return deadline=0x00000000:0x55528A45 ena=0x00000001 ien=0x00000004 pending=0x00000000 ps=0x00000110 pc=0x4037421E sp=0x3FCCC3F0 psout=0x00000100 frame=1]
[IRQ count=5000 nest=1 owner=2 selected=4294967288 handoff=1 gates=1 unknown=0 clock-msgs=673]
[CTX kernel-running ticks=5880 heartbeat=5]
[TTY line=write]
[CTX kernel-running ticks=7081 heartbeat=6]
[CTX kernel-running ticks=8285 heartbeat=7]
[TTY WRITE V44 result=18 expected=18]
